Archive member included to satisfy reference by file (symbol)

/home/joaquin/Documents/MCUXpresso_25.6.136/workspace/CMSISv2p00_LPC17xx/Debug/libCMSISv2p00_LPC17xx.a(system_LPC17xx.o)
                              ./src/cr_startup_lpc175x_6x.o (SystemInit)
/home/joaquin/Documents/MCUXpresso_25.6.136/workspace/CMSISv2p00_LPC17xx/Debug/libCMSISv2p00_LPC17xx.a(lpc17xx_adc.o)
                              ./src/plataform/adc_lpc1769.o (ADC_Init)
/home/joaquin/Documents/MCUXpresso_25.6.136/workspace/CMSISv2p00_LPC17xx/Debug/libCMSISv2p00_LPC17xx.a(lpc17xx_clkpwr.o)
                              /home/joaquin/Documents/MCUXpresso_25.6.136/workspace/CMSISv2p00_LPC17xx/Debug/libCMSISv2p00_LPC17xx.a(lpc17xx_adc.o) (CLKPWR_GetPCLK)
/home/joaquin/Documents/MCUXpresso_25.6.136/workspace/CMSISv2p00_LPC17xx/Debug/libCMSISv2p00_LPC17xx.a(lpc17xx_dac.o)
                              ./src/plataform/dac_lpc1769.o (DAC_UpdateValue)
/home/joaquin/Documents/MCUXpresso_25.6.136/workspace/CMSISv2p00_LPC17xx/Debug/libCMSISv2p00_LPC17xx.a(lpc17xx_gpdma.o)
                              ./src/plataform/dma_lpc1769.o (GPDMA_Init)
/home/joaquin/Documents/MCUXpresso_25.6.136/workspace/CMSISv2p00_LPC17xx/Debug/libCMSISv2p00_LPC17xx.a(lpc17xx_libcfg_default.o)
                              /home/joaquin/Documents/MCUXpresso_25.6.136/workspace/CMSISv2p00_LPC17xx/Debug/libCMSISv2p00_LPC17xx.a(lpc17xx_adc.o) (check_failed)
/usr/local/mcuxpressoide-25.6.136/ide/plugins/com.nxp.mcuxpresso.tools.linux_25.6.0.202501151204/tools/bin/../lib/gcc/arm-none-eabi/14.2.1/../../../../arm-none-eabi/lib/thumb/v7-m/nofp/libcr_c.a(__weak__main.o)
                              ./src/cr_startup_lpc175x_6x.o (__main)
/usr/local/mcuxpressoide-25.6.136/ide/plugins/com.nxp.mcuxpresso.tools.linux_25.6.0.202501151204/tools/bin/../lib/gcc/arm-none-eabi/14.2.1/thumb/v7-m/nofp/libcr_eabihelpers.a(division_64.o)
                              /home/joaquin/Documents/MCUXpresso_25.6.136/workspace/CMSISv2p00_LPC17xx/Debug/libCMSISv2p00_LPC17xx.a(system_LPC17xx.o) (__aeabi_uldivmod)
/usr/local/mcuxpressoide-25.6.136/ide/plugins/com.nxp.mcuxpresso.tools.linux_25.6.0.202501151204/tools/bin/../lib/gcc/arm-none-eabi/14.2.1/thumb/v7-m/nofp/libcr_eabihelpers.a(division_idiv0.o)
                              /usr/local/mcuxpressoide-25.6.136/ide/plugins/com.nxp.mcuxpresso.tools.linux_25.6.0.202501151204/tools/bin/../lib/gcc/arm-none-eabi/14.2.1/thumb/v7-m/nofp/libcr_eabihelpers.a(division_64.o) (__aeabi_idiv0)

Discarded input sections

 .group         0x00000000        0xc ./src/thermal_control/thermal_control.o
 .text          0x00000000        0x0 ./src/thermal_control/thermal_control.o
 .data          0x00000000        0x0 ./src/thermal_control/thermal_control.o
 .bss           0x00000000        0x0 ./src/thermal_control/thermal_control.o
 .debug_info    0x00000000       0x21 ./src/thermal_control/thermal_control.o
 .debug_abbrev  0x00000000       0x13 ./src/thermal_control/thermal_control.o
 .debug_aranges
                0x00000000       0x18 ./src/thermal_control/thermal_control.o
 .debug_macro   0x00000000       0x11 ./src/thermal_control/thermal_control.o
 .debug_macro   0x00000000      0xade ./src/thermal_control/thermal_control.o
 .debug_line    0x00000000       0x49 ./src/thermal_control/thermal_control.o
 .debug_str     0x00000000     0x2eba ./src/thermal_control/thermal_control.o
 .comment       0x00000000       0x46 ./src/thermal_control/thermal_control.o
 .ARM.attributes
                0x00000000       0x2d ./src/thermal_control/thermal_control.o
 .group         0x00000000        0xc ./src/sensors/temperature_sensor.o
 .text          0x00000000        0x0 ./src/sensors/temperature_sensor.o
 .data          0x00000000        0x0 ./src/sensors/temperature_sensor.o
 .bss           0x00000000        0x0 ./src/sensors/temperature_sensor.o
 .debug_info    0x00000000       0x21 ./src/sensors/temperature_sensor.o
 .debug_abbrev  0x00000000       0x13 ./src/sensors/temperature_sensor.o
 .debug_aranges
                0x00000000       0x18 ./src/sensors/temperature_sensor.o
 .debug_macro   0x00000000       0x11 ./src/sensors/temperature_sensor.o
 .debug_macro   0x00000000      0xade ./src/sensors/temperature_sensor.o
 .debug_line    0x00000000       0x44 ./src/sensors/temperature_sensor.o
 .debug_str     0x00000000     0x2eb5 ./src/sensors/temperature_sensor.o
 .comment       0x00000000       0x46 ./src/sensors/temperature_sensor.o
 .ARM.attributes
                0x00000000       0x2d ./src/sensors/temperature_sensor.o
 .group         0x00000000        0xc ./src/plataform/adc_lpc1769.o
 .group         0x00000000        0xc ./src/plataform/adc_lpc1769.o
 .group         0x00000000        0xc ./src/plataform/adc_lpc1769.o
 .group         0x00000000        0xc ./src/plataform/adc_lpc1769.o
 .group         0x00000000        0xc ./src/plataform/adc_lpc1769.o
 .group         0x00000000        0xc ./src/plataform/adc_lpc1769.o
[...]
Memory Configuration

Name             Origin             Length             Attributes
MFlash512        0x00000000         0x00080000         xr
RamLoc32         0x10000000         0x00008000         xrw
RamAHB32         0x2007c000         0x00008000         xrw
*default*        0x00000000         0xffffffff

Linker script and memory map

LOAD ./src/thermal_control/thermal_control.o
LOAD ./src/sensors/temperature_sensor.o
LOAD ./src/plataform/adc_lpc1769.o
LOAD ./src/plataform/dac_lpc1769.o
LOAD ./src/plataform/dma_lpc1769.o
LOAD ./src/plataform/timer_lpc1769.o
LOAD ./src/plataform/uart_lpc1769.o
LOAD ./src/communication/uart_commands.o
LOAD ./src/actuators/fan.o
LOAD ./src/cr_startup_lpc175x_6x.o
LOAD ./src/crp.o
LOAD ./src/main.o
LOAD /home/joaquin/Documents/MCUXpresso_25.6.136/workspace/CMSISv2p00_LPC17xx/Debug/libCMSISv2p00_LPC17xx.a
START GROUP
LOAD /usr/local/mcuxpressoide-25.6.136/ide/plugins/com.nxp.mcuxpresso.tools.linux_25.6.0.202501151204/tools/bin/../lib/gcc/arm-none-eabi/14.2.1/../../../../arm-none-eabi/lib/thumb/v7-m/nofp/libcr_c.a
LOAD /usr/local/mcuxpressoide-25.6.136/ide/plugins/com.nxp.mcuxpresso.tools.linux_25.6.0.202501151204/tools/bin/../lib/gcc/arm-none-eabi/14.2.1/thumb/v7-m/nofp/libcr_eabihelpers.a
LOAD /usr/local/mcuxpressoide-25.6.136/ide/plugins/com.nxp.mcuxpresso.tools.linux_25.6.0.202501151204/tools/bin/../lib/gcc/arm-none-eabi/14.2.1/thumb/v7-m/nofp/libgcc.a
END GROUP
                0x00000000                        __base_MFlash512 = 0x0
                0x00000000                        __base_Flash = 0x0
                0x00080000                        __top_MFlash512 = 0x80000
                0x00080000                        __top_Flash = 0x80000
                0x10000000                        __base_RamLoc32 = 0x10000000
                0x10000000                        __base_RAM = 0x10000000
                0x10008000                        __top_RamLoc32 = 0x10008000
                0x10008000                        __top_RAM = 0x10008000
                0x2007c000                        __base_RamAHB32 = 0x2007c000
                0x2007c000                        __base_RAM2 = 0x2007c000
                0x20084000                        __top_RamAHB32 = 0x20084000
                0x20084000                        __top_RAM2 = 0x20084000

.text           0x00000000      0x6c0
 FILL mask 0xff
                0x00000000                        __vectors_start__ = ABSOLUTE (.)
 *(.isr_vector)
 .isr_vector    0x00000000       0xcc ./src/cr_startup_lpc175x_6x.o
                0x00000000                g_pfnVectors
                0x000000cc                        . = ALIGN (0x4)
                0x000000cc                        __section_table_start = .
                0x000000cc                        __data_section_table = .
                0x000000cc        0x4 LONG 0x6c0 LOADADDR (.data)
                0x000000d0        0x4 LONG 0x10000000 ADDR (.data)
                0x000000d4        0x4 LONG 0x4 SIZEOF (.data)
                0x000000d8        0x4 LONG 0x6c0 LOADADDR (.data_RAM2)
                0x000000dc        0x4 LONG 0x2007c000 ADDR (.data_RAM2)
                0x000000e0        0x4 LONG 0x0 SIZEOF (.data_RAM2)
                0x000000e4                        __data_section_table_end = .
                0x000000e4                        __bss_section_table = .
                0x000000e4        0x4 LONG 0x10000004 ADDR (.bss)
                0x000000e8        0x4 LONG 0x0 SIZEOF (.bss)
                0x000000ec        0x4 LONG 0x2007c000 ADDR (.bss_RAM2)
                0x000000f0        0x4 LONG 0x0 SIZEOF (.bss_RAM2)
                0x000000f4                        __bss_section_table_end = .
                0x000000f4                        __section_table_end = .
 *(.after_vectors*)
 .after_vectors
                0x000000f4      0x148 ./src/cr_startup_lpc175x_6x.o
                0x000000f4                data_init
                0x00000138                bss_init
                0x00000170                ResetISR
                0x000001ec                NMI_Handler
                0x000001f4                HardFault_Handler
                0x000001fc                MemManage_Handler
                0x00000204                BusFault_Handler
                0x0000020c                UsageFault_Handler
                0x00000214                SVC_Handler
                0x0000021c                DebugMon_Handler
                0x00000224                PendSV_Handler
                0x0000022c                SysTick_Handler
                0x00000234                TIMER2_IRQHandler
                0x00000234                RIT_IRQHandler
                0x00000234                I2C0_IRQHandler
                0x00000234                USBActivity_IRQHandler
                0x00000234                PWM1_IRQHandler
                0x00000234                I2C1_IRQHandler
                0x00000234                EINT2_IRQHandler
                0x00000234                UART1_IRQHandler
                0x00000234                EINT3_IRQHandler
                0x00000234                CANActivity_IRQHandler
                0x00000234                TIMER3_IRQHandler
                0x00000234                UART0_IRQHandler
                0x00000234                IntDefaultHandler
                0x00000234                PLL0_IRQHandler
                0x00000234                CAN_IRQHandler
                0x00000234                PLL1_IRQHandler
                0x00000234                SSP0_IRQHandler
                0x00000234                I2S_IRQHandler
                0x00000234                I2C2_IRQHandler
                0x00000234                RTC_IRQHandler
                0x00000234                TIMER0_IRQHandler
                0x00000234                SPI_IRQHandler
                0x00000234                EINT1_IRQHandler
                0x00000234                TIMER1_IRQHandler
                0x00000234                UART2_IRQHandler
                0x00000234                ADC_IRQHandler
                0x00000234                SSP1_IRQHandler
                0x00000234                USB_IRQHandler
                0x00000234                BOD_IRQHandler
                0x00000234                WDT_IRQHandler
                0x00000234                QEI_IRQHandler
                0x00000234                EINT0_IRQHandler
                0x00000234                UART3_IRQHandler
                0x00000234                MCPWM_IRQHandler
                0x00000234                ENET_IRQHandler
                0x000002fc                        . = 0x2fc
 *fill*         0x0000023c       0xc0 ff
                0x000002fc                        PROVIDE (__CRP_WORD_START__ = .)
 *(.crp)
 .crp           0x000002fc        0x4 ./src/crp.o
                0x000002fc                CRP_WORD
                0x00000300                        PROVIDE (__CRP_WORD_END__ = .)
                0x00000001                        ASSERT (! ((__CRP_WORD_START__ == __CRP_WORD_END__)), Linker CRP Enabled, but no CRP_WORD provided within application)
 *(.text*)
 .text.configAdc
                0x00000300       0x24 ./src/plataform/adc_lpc1769.o
                0x00000300                configAdc
 .text.DMA_IRQHandler
                0x00000324       0x10 ./src/plataform/dma_lpc1769.o
                0x00000324                DMA_IRQHandler
 .text.configTimer
                0x00000334        0xc ./src/plataform/timer_lpc1769.o
                0x00000334                configTimer
 .text.configUart
                0x00000340        0xc ./src/plataform/uart_lpc1769.o
                0x00000340                configUart
 .text.main     0x0000034c       0x14 ./src/main.o
                0x0000034c                main
 .text.SystemInit
                0x00000360       0xd8 /home/joaquin/Documents/MCUXpresso_25.6.136/workspace/CMSISv2p00_LPC17xx/Debug/libCMSISv2p00_LPC17xx.a(system_LPC17xx.o)
                0x00000360                SystemInit
 .text.ADC_Init
                0x00000438       0x50 /home/joaquin/Documents/MCUXpresso_25.6.136/workspace/CMSISv2p00_LPC17xx/Debug/libCMSISv2p00_LPC17xx.a(lpc17xx_adc.o)
                0x00000438                ADC_Init
 .text.ADC_PinConfig
                0x00000488       0xe8 /home/joaquin/Documents/MCUXpresso_25.6.136/workspace/CMSISv2p00_LPC17xx/Debug/libCMSISv2p00_LPC17xx.a(lpc17xx_adc.o)
                0x00000488                ADC_PinConfig
 .text.ADC_BurstEnable
                0x00000570       0x10 /home/joaquin/Documents/MCUXpresso_25.6.136/workspace/CMSISv2p00_LPC17xx/Debug/libCMSISv2p00_LPC17xx.a(lpc17xx_adc.o)
                0x00000570                ADC_BurstEnable
 .text.ADC_StartCmd
                0x00000580       0x2c /home/joaquin/Documents/MCUXpresso_25.6.136/workspace/CMSISv2p00_LPC17xx/Debug/libCMSISv2p00_LPC17xx.a(lpc17xx_adc.o)
                0x00000580                ADC_StartCmd
 .text.ADC_ChannelEnable
                0x000005ac       0x28 /home/joaquin/Documents/MCUXpresso_25.6.136/workspace/CMSISv2p00_LPC17xx/Debug/libCMSISv2p00_LPC17xx.a(lpc17xx_adc.o)
                0x000005ac                ADC_ChannelEnable
 .text.CLKPWR_GetPCLKSEL
                0x000005d4       0x20 /home/joaquin/Documents/MCUXpresso_25.6.136/workspace/CMSISv2p00_LPC17xx/Debug/libCMSISv2p00_LPC17xx.a(lpc17xx_clkpwr.o)
                0x000005d4                CLKPWR_GetPCLKSEL
 .text.CLKPWR_GetPCLK
                0x000005f4       0x24 /home/joaquin/Documents/MCUXpresso_25.6.136/workspace/CMSISv2p00_LPC17xx/Debug/libCMSISv2p00_LPC17xx.a(lpc17xx_clkpwr.o)
                0x000005f4                CLKPWR_GetPCLK
 .text.CLKPWR_ConfigPPWR
                0x00000618       0x34 /home/joaquin/Documents/MCUXpresso_25.6.136/workspace/CMSISv2p00_LPC17xx/Debug/libCMSISv2p00_LPC17xx.a(lpc17xx_clkpwr.o)
                0x00000618                CLKPWR_ConfigPPWR
 .text.GPDMA_ClearIntPending
                0x0000064c       0x4c /home/joaquin/Documents/MCUXpresso_25.6.136/workspace/CMSISv2p00_LPC17xx/Debug/libCMSISv2p00_LPC17xx.a(lpc17xx_gpdma.o)
                0x0000064c                GPDMA_ClearIntPending
 .text.check_failed
                0x00000698        0x2 /home/joaquin/Documents/MCUXpresso_25.6.136/workspace/CMSISv2p00_LPC17xx/Debug/libCMSISv2p00_LPC17xx.a(lpc17xx_libcfg_default.o)
                0x00000698                check_failed
 .text.__weak_main
                0x0000069a        0x4 /usr/local/mcuxpressoide-25.6.136/ide/plugins/com.nxp.mcuxpresso.tools.linux_25.6.0.202501151204/tools/bin/../lib/gcc/arm-none-eabi/14.2.1/../../../../arm-none-eabi/lib/thumb/v7-m/nofp/libcr_c.a(__weak__main.o)
                0x0000069a                __main
                0x0000069a                __weak_main
 *(.rodata .rodata.* .constdata .constdata.*)
 .rodata.ADC_Init.str1.1
                0x0000069e       0x1e /home/joaquin/Documents/MCUXpresso_25.6.136/workspace/CMSISv2p00_LPC17xx/Debug/libCMSISv2p00_LPC17xx.a(lpc17xx_adc.o)
                                  0xe (size before relaxing)
 .rodata.CSWTCH.5
                0x000006bc        0x3 /home/joaquin/Documents/MCUXpresso_25.6.136/workspace/CMSISv2p00_LPC17xx/Debug/libCMSISv2p00_LPC17xx.a(lpc17xx_clkpwr.o)
 .rodata.GPDMA_SetupChannel.str1.1
                0x000006bf       0x10 /home/joaquin/Documents/MCUXpresso_25.6.136/workspace/CMSISv2p00_LPC17xx/Debug/libCMSISv2p00_LPC17xx.a(lpc17xx_gpdma.o)
                0x000006d0                        . = ALIGN (0x4)
 *fill*         0x000006bf        0x1 ff

.glue_7         0x000006c0        0x0
 .glue_7        0x000006c0        0x0 linker stubs

.glue_7t        0x000006c0        0x0
 .glue_7t       0x000006c0        0x0 linker stubs

.vfp11_veneer   0x000006c0        0x0
 .vfp11_veneer  0x000006c0        0x0 linker stubs

.v4_bx          0x000006c0        0x0
 .v4_bx         0x000006c0        0x0 linker stubs

.iplt           0x000006c0        0x0
 .iplt          0x000006c0        0x0 ./src/plataform/adc_lpc1769.o

.rel.dyn        0x000006c0        0x0
 .rel.iplt      0x000006c0        0x0 ./src/plataform/adc_lpc1769.o

.ARM.extab
 *(.ARM.extab* .gnu.linkonce.armextab.*)

.ARM.exidx      0x000006c0        0x0
                0x000006c0                        __exidx_start = .
 *(.ARM.exidx* .gnu.linkonce.armexidx.*)
                0x000006c0                        __exidx_end = .
                0x000006c0                        _etext = .

.data_RAM2      0x2007c000        0x0 load address 0x000006c0
 FILL mask 0xff
                [!provide]                        PROVIDE (__start_data_RAM2 = .)
                [!provide]                        PROVIDE (__start_data_RamAHB32 = .)
 *(.ramfunc.$RAM2)
 *(.ramfunc.$RamAHB32)
 *(.data.$RAM2)
 *(.data.$RamAHB32)
 *(.data.$RAM2.*)
 *(.data.$RamAHB32.*)
                0x2007c000                        . = ALIGN (0x4)
                [!provide]                        PROVIDE (__end_data_RAM2 = .)
                [!provide]                        PROVIDE (__end_data_RamAHB32 = .)

.uninit_RESERVED
                0x10000000        0x0
                0x10000000                        _start_uninit_RESERVED = .
 *(.bss.$RESERVED*)
                0x10000000                        . = ALIGN (0x4)
                0x10000000                        _end_uninit_RESERVED = .

.data           0x10000000        0x4 load address 0x000006c0
 FILL mask 0xff
                0x10000000                        _data = .
                [!provide]                        PROVIDE (__start_data_RAM = .)
                [!provide]                        PROVIDE (__start_data_RamLoc32 = .)
 *(vtable)
 *(.ramfunc*)
 *(CodeQuickAccess)
 *(DataQuickAccess)
 *(RamFunction)
 *(.data*)
 .data.SystemCoreClock
                0x10000000        0x4 /home/joaquin/Documents/MCUXpresso_25.6.136/workspace/CMSISv2p00_LPC17xx/Debug/libCMSISv2p00_LPC17xx.a(system_LPC17xx.o)
                0x10000000                SystemCoreClock
                0x10000004                        . = ALIGN (0x4)
                0x10000004                        _edata = .
                [!provide]                        PROVIDE (__end_data_RAM = .)
                [!provide]                        PROVIDE (__end_data_RamLoc32 = .)

.igot.plt       0x10000004        0x0 load address 0x000006c4
 .igot.plt      0x10000004        0x0 ./src/plataform/adc_lpc1769.o

.bss_RAM2       0x2007c000        0x0
                [!provide]                        PROVIDE (__start_bss_RAM2 = .)
                [!provide]                        PROVIDE (__start_bss_RamAHB32 = .)
 *(.bss.$RAM2)
 *(.bss.$RamAHB32)
 *(.bss.$RAM2.*)
 *(.bss.$RamAHB32.*)
                0x2007c000                        . = ALIGN ((. != 0x0)?0x4:0x1)
                [!provide]                        PROVIDE (__end_bss_RAM2 = .)
                [!provide]                        PROVIDE (__end_bss_RamAHB32 = .)

.bss            0x10000004        0x0
                0x10000004                        _bss = .
                [!provide]                        PROVIDE (__start_bss_RAM = .)
                [!provide]                        PROVIDE (__start_bss_RamLoc32 = .)
 *(.bss*)
 *(COMMON)
                0x10000004                        . = ALIGN (0x4)
                0x10000004                        _ebss = .
                [!provide]                        PROVIDE (__end_bss_RAM = .)
                [!provide]                        PROVIDE (__end_bss_RamLoc32 = .)
                [!provide]                        PROVIDE (end = .)

.noinit_RAM2    0x2007c000        0x0
                [!provide]                        PROVIDE (__start_noinit_RAM2 = .)
                [!provide]                        PROVIDE (__start_noinit_RamAHB32 = .)
 *(.noinit.$RAM2)
 *(.noinit.$RamAHB32)
 *(.noinit.$RAM2.*)
 *(.noinit.$RamAHB32.*)
                0x2007c000                        . = ALIGN (0x4)
                [!provide]                        PROVIDE (__end_noinit_RAM2 = .)
                [!provide]                        PROVIDE (__end_noinit_RamAHB32 = .)

.noinit         0x10000004        0x0
                0x10000004                        _noinit = .
                [!provide]                        PROVIDE (__start_noinit_RAM = .)
                [!provide]                        PROVIDE (__start_noinit_RamLoc32 = .)
 *(.noinit*)
                0x10000004                        . = ALIGN (0x4)
                0x10000004                        _end_noinit = .
                [!provide]                        PROVIDE (__end_noinit_RAM = .)
                [!provide]                        PROVIDE (__end_noinit_RamLoc32 = .)
                [!provide]                        PROVIDE (_pvHeapStart = DEFINED (__user_heap_base)?__user_heap_base:.)
                0x10008000                        PROVIDE (_vStackTop = DEFINED (__user_stack_top)?__user_stack_top:(__top_RamLoc32 - 0x0))
                0xefff749e                        PROVIDE (__valid_user_code_checksum = (0x0 - ((((((_vStackTop + (ResetISR + 0x1)) + (NMI_Handler + 0x1)) + (HardFault_Handler + 0x1)) + (DEFINED (MemManage_Handler)?MemManage_Handler:0x0 + 0x1)) + (DEFINED (BusFault_Handler)?BusFault_Handler:0x0 + 0x1)) + (DEFINED (UsageFault_Handler)?UsageFault_Handler:0x0 + 0x1))))
                0x00000000                        _image_start = LOADADDR (.text)
                0x000006c4                        _image_end = (LOADADDR (.data) + SIZEOF (.data))
                0x000006c4                        _image_size = (_image_end - _image_start)
OUTPUT(control_termico_automatico.axf elf32-littlearm)
LOAD linker stubs

.debug_info     0x00000000     0x371b
 .debug_info    0x00000000      0x172 ./src/plataform/adc_lpc1769.o
 .debug_info    0x00000172      0x4e7 ./src/plataform/dma_lpc1769.o
 .debug_info    0x00000659       0x89 ./src/plataform/timer_lpc1769.o
 .debug_info    0x000006e2       0x89 ./src/plataform/uart_lpc1769.o
 .debug_info    0x0000076b      0x2a5 ./src/cr_startup_lpc175x_6x.o
 .debug_info    0x00000a10       0x40 ./src/crp.o
 .debug_info    0x00000a50       0x9e ./src/main.o
 .debug_info    0x00000aee      0x347 /home/joaquin/Documents/MCUXpresso_25.6.136/workspace/CMSISv2p00_LPC17xx/Debug/libCMSISv2p00_LPC17xx.a(system_LPC17xx.o)
 .debug_info    0x00000e35      0x930 /home/joaquin/Documents/MCUXpresso_25.6.136/workspace/CMSISv2p00_LPC17xx/Debug/libCMSISv2p00_LPC17xx.a(lpc17xx_adc.o)
 .debug_info    0x00001765      0x6ca /home/joaquin/Documents/MCUXpresso_25.6.136/workspace/CMSISv2p00_LPC17xx/Debug/libCMSISv2p00_LPC17xx.a(lpc17xx_clkpwr.o)
 .debug_info    0x00001e2f     0x17ce /home/joaquin/Documents/MCUXpresso_25.6.136/workspace/CMSISv2p00_LPC17xx/Debug/libCMSISv2p00_LPC17xx.a(lpc17xx_gpdma.o)
 .debug_info    0x000035fd       0xd4 /home/joaquin/Documents/MCUXpresso_25.6.136/workspace/CMSISv2p00_LPC17xx/Debug/libCMSISv2p00_LPC17xx.a(lpc17xx_libcfg_default.o)
 .debug_info    0x000036d1       0x4a /usr/local/mcuxpressoide-25.6.136/ide/plugins/com.nxp.mcuxpresso.tools.linux_25.6.0.202501151204/tools/bin/../lib/gcc/arm-none-eabi/14.2.1/../../../../arm-none-eabi/lib/thumb/v7-m/nofp/libcr_c.a(__weak__main.o)

.debug_abbrev   0x00000000      0xda4
 .debug_abbrev  0x00000000       0xb6 ./src/plataform/adc_lpc1769.o
 .debug_abbrev  0x000000b6      0x188 ./src/plataform/dma_lpc1769.o
 .debug_abbrev  0x0000023e       0x47 ./src/plataform/timer_lpc1769.o
 .debug_abbrev  0x00000285       0x47 ./src/plataform/uart_lpc1769.o
 .debug_abbrev  0x000002cc      0x14d ./src/cr_startup_lpc175x_6x.o
 .debug_abbrev  0x00000419       0x38 ./src/crp.o
 .debug_abbrev  0x00000451       0x5c ./src/main.o
 .debug_abbrev  0x000004ad      0x10e /home/joaquin/Documents/MCUXpresso_25.6.136/workspace/CMSISv2p00_LPC17xx/Debug/libCMSISv2p00_LPC17xx.a(system_LPC17xx.o)
 .debug_abbrev  0x000005bb      0x205 /home/joaquin/Documents/MCUXpresso_25.6.136/workspace/CMSISv2p00_LPC17xx/Debug/libCMSISv2p00_LPC17xx.a(lpc17xx_adc.o)
 .debug_abbrev  0x000007c0      0x202 /home/joaquin/Documents/MCUXpresso_25.6.136/workspace/CMSISv2p00_LPC17xx/Debug/libCMSISv2p00_LPC17xx.a(lpc17xx_clkpwr.o)
 .debug_abbrev  0x000009c2      0x31e /home/joaquin/Documents/MCUXpresso_25.6.136/workspace/CMSISv2p00_LPC17xx/Debug/libCMSISv2p00_LPC17xx.a(lpc17xx_gpdma.o)
 .debug_abbrev  0x00000ce0       0x75 /home/joaquin/Documents/MCUXpresso_25.6.136/workspace/CMSISv2p00_LPC17xx/Debug/libCMSISv2p00_LPC17xx.a(lpc17xx_libcfg_default.o)
 .debug_abbrev  0x00000d55       0x4f /usr/local/mcuxpressoide-25.6.136/ide/plugins/com.nxp.mcuxpresso.tools.linux_25.6.0.202501151204/tools/bin/../lib/gcc/arm-none-eabi/14.2.1/../../../../arm-none-eabi/lib/thumb/v7-m/nofp/libcr_c.a(__weak__main.o)

.debug_aranges  0x00000000      0x310
 .debug_aranges
                0x00000000       0x20 ./src/plataform/adc_lpc1769.o
 .debug_aranges
                0x00000020       0x30 ./src/plataform/dma_lpc1769.o
 .debug_aranges
                0x00000050       0x20 ./src/plataform/timer_lpc1769.o
 .debug_aranges
                0x00000070       0x20 ./src/plataform/uart_lpc1769.o
 .debug_aranges
                0x00000090       0x80 ./src/cr_startup_lpc175x_6x.o
 .debug_aranges
                0x00000110       0x18 ./src/crp.o
 .debug_aranges
                0x00000128       0x20 ./src/main.o
 .debug_aranges
                0x00000148       0x28 /home/joaquin/Documents/MCUXpresso_25.6.136/workspace/CMSISv2p00_LPC17xx/Debug/libCMSISv2p00_LPC17xx.a(system_LPC17xx.o)
 .debug_aranges
                0x00000170       0xa0 /home/joaquin/Documents/MCUXpresso_25.6.136/workspace/CMSISv2p00_LPC17xx/Debug/libCMSISv2p00_LPC17xx.a(lpc17xx_adc.o)
 .debug_aranges
                0x00000210       0x58 /home/joaquin/Documents/MCUXpresso_25.6.136/workspace/CMSISv2p00_LPC17xx/Debug/libCMSISv2p00_LPC17xx.a(lpc17xx_clkpwr.o)
 .debug_aranges
                0x00000268       0x68 /home/joaquin/Documents/MCUXpresso_25.6.136/workspace/CMSISv2p00_LPC17xx/Debug/libCMSISv2p00_LPC17xx.a(lpc17xx_gpdma.o)
 .debug_aranges
                0x000002d0       0x20 /home/joaquin/Documents/MCUXpresso_25.6.136/workspace/CMSISv2p00_LPC17xx/Debug/libCMSISv2p00_LPC17xx.a(lpc17xx_libcfg_default.o)
 .debug_aranges
                0x000002f0       0x20 /usr/local/mcuxpressoide-25.6.136/ide/plugins/com.nxp.mcuxpresso.tools.linux_25.6.0.202501151204/tools/bin/../lib/gcc/arm-none-eabi/14.2.1/../../../../arm-none-eabi/lib/thumb/v7-m/nofp/libcr_c.a(__weak__main.o)

.debug_ranges   0x00000000      0x250
 .debug_ranges  0x00000000       0x10 ./src/plataform/adc_lpc1769.o
 .debug_ranges  0x00000010       0x20 ./src/plataform/dma_lpc1769.o
 .debug_ranges  0x00000030       0x10 ./src/plataform/timer_lpc1769.o
 .debug_ranges  0x00000040       0x10 ./src/plataform/uart_lpc1769.o
 .debug_ranges  0x00000050       0x70 ./src/cr_startup_lpc175x_6x.o
 .debug_ranges  0x000000c0       0x10 ./src/main.o
 .debug_ranges  0x000000d0       0x18 /home/joaquin/Documents/MCUXpresso_25.6.136/workspace/CMSISv2p00_LPC17xx/Debug/libCMSISv2p00_LPC17xx.a(system_LPC17xx.o)
 .debug_ranges  0x000000e8       0x90 /home/joaquin/Documents/MCUXpresso_25.6.136/workspace/CMSISv2p00_LPC17xx/Debug/libCMSISv2p00_LPC17xx.a(lpc17xx_adc.o)
 .debug_ranges  0x00000178       0x48 /home/joaquin/Documents/MCUXpresso_25.6.136/workspace/CMSISv2p00_LPC17xx/Debug/libCMSISv2p00_LPC17xx.a(lpc17xx_clkpwr.o)
 .debug_ranges  0x000001c0       0x70 /home/joaquin/Documents/MCUXpresso_25.6.136/workspace/CMSISv2p00_LPC17xx/Debug/libCMSISv2p00_LPC17xx.a(lpc17xx_gpdma.o)
 .debug_ranges  0x00000230       0x10 /home/joaquin/Documents/MCUXpresso_25.6.136/workspace/CMSISv2p00_LPC17xx/Debug/libCMSISv2p00_LPC17xx.a(lpc17xx_libcfg_default.o)
 .debug_ranges  0x00000240       0x10 /usr/local/mcuxpressoide-25.6.136/ide/plugins/com.nxp.mcuxpresso.tools.linux_25.6.0.202501151204/tools/bin/../lib/gcc/arm-none-eabi/14.2.1/../../../../arm-none-eabi/lib/thumb/v7-m/nofp/libcr_c.a(__weak__main.o)

.debug_macro    0x00000000     0x2f7f
 .debug_macro   0x00000000       0xa0 ./src/plataform/adc_lpc1769.o
 .debug_macro   0x000000a0       0x1c ./src/plataform/adc_lpc1769.o
 .debug_macro   0x000000bc       0x2e ./src/plataform/adc_lpc1769.o
 .debug_macro   0x000000ea       0x10 ./src/plataform/adc_lpc1769.o
 .debug_macro   0x000000fa      0x12e ./src/plataform/adc_lpc1769.o
 .debug_macro   0x00000228      0x5b3 ./src/plataform/adc_lpc1769.o
 .debug_macro   0x000007db       0x18 ./src/plataform/adc_lpc1769.o
 .debug_macro   0x000007f3      0x7af ./src/plataform/adc_lpc1769.o
 .debug_macro   0x00000fa2      0x2c7 ./src/plataform/adc_lpc1769.o
 .debug_macro   0x00001269       0x82 ./src/plataform/adc_lpc1769.o
 .debug_macro   0x000012eb       0x63 ./src/plataform/adc_lpc1769.o
 .debug_macro   0x0000134e       0xe1 ./src/plataform/adc_lpc1769.o
 .debug_macro   0x0000142f       0xa6 ./src/plataform/dma_lpc1769.o
 .debug_macro   0x000014d5       0xbf ./src/plataform/dma_lpc1769.o
 .debug_macro   0x00001594       0xa0 ./src/plataform/timer_lpc1769.o
 .debug_macro   0x00001634       0xf1 ./src/plataform/timer_lpc1769.o
 .debug_macro   0x00001725       0xa0 ./src/plataform/uart_lpc1769.o
 .debug_macro   0x000017c5      0x36b ./src/plataform/uart_lpc1769.o
 .debug_macro   0x00001b30       0x1d ./src/cr_startup_lpc175x_6x.o
 .debug_macro   0x00001b4d       0x1a ./src/crp.o
 .debug_macro   0x00001b67       0x34 ./src/crp.o
 .debug_macro   0x00001b9b       0x88 ./src/main.o
 .debug_macro   0x00001c23      0x12b /home/joaquin/Documents/MCUXpresso_25.6.136/workspace/CMSISv2p00_LPC17xx/Debug/libCMSISv2p00_LPC17xx.a(system_LPC17xx.o)
 .debug_macro   0x00001d4e      0xad8 /home/joaquin/Documents/MCUXpresso_25.6.136/workspace/CMSISv2p00_LPC17xx/Debug/libCMSISv2p00_LPC17xx.a(system_LPC17xx.o)
 .debug_macro   0x00002826       0xb3 /home/joaquin/Documents/MCUXpresso_25.6.136/workspace/CMSISv2p00_LPC17xx/Debug/libCMSISv2p00_LPC17xx.a(lpc17xx_adc.o)
 .debug_macro   0x000028d9      0x2f1 /home/joaquin/Documents/MCUXpresso_25.6.136/workspace/CMSISv2p00_LPC17xx/Debug/libCMSISv2p00_LPC17xx.a(lpc17xx_adc.o)
 .debug_macro   0x00002bca       0xdd /home/joaquin/Documents/MCUXpresso_25.6.136/workspace/CMSISv2p00_LPC17xx/Debug/libCMSISv2p00_LPC17xx.a(lpc17xx_adc.o)
 .debug_macro   0x00002ca7       0x97 /home/joaquin/Documents/MCUXpresso_25.6.136/workspace/CMSISv2p00_LPC17xx/Debug/libCMSISv2p00_LPC17xx.a(lpc17xx_clkpwr.o)
 .debug_macro   0x00002d3e       0xb3 /home/joaquin/Documents/MCUXpresso_25.6.136/workspace/CMSISv2p00_LPC17xx/Debug/libCMSISv2p00_LPC17xx.a(lpc17xx_gpdma.o)
 .debug_macro   0x00002df1       0x5a /home/joaquin/Documents/MCUXpresso_25.6.136/workspace/CMSISv2p00_LPC17xx/Debug/libCMSISv2p00_LPC17xx.a(lpc17xx_libcfg_default.o)
 .debug_macro   0x00002e4b       0x5d /home/joaquin/Documents/MCUXpresso_25.6.136/workspace/CMSISv2p00_LPC17xx/Debug/libCMSISv2p00_LPC17xx.a(lpc17xx_libcfg_default.o)
 .debug_macro   0x00002ea8       0xd7 /home/joaquin/Documents/MCUXpresso_25.6.136/workspace/CMSISv2p00_LPC17xx/Debug/libCMSISv2p00_LPC17xx.a(lpc17xx_libcfg_default.o)

.debug_line     0x00000000     0x2c5f
 .debug_line    0x00000000      0x33e ./src/plataform/adc_lpc1769.o
 .debug_line    0x0000033e      0x388 ./src/plataform/dma_lpc1769.o
 .debug_line    0x000006c6      0x33b ./src/plataform/timer_lpc1769.o
 .debug_line    0x00000a01      0x339 ./src/plataform/uart_lpc1769.o
 .debug_line    0x00000d3a      0x11e ./src/cr_startup_lpc175x_6x.o
 .debug_line    0x00000e58       0xb2 ./src/crp.o
 .debug_line    0x00000f0a      0x2c7 ./src/main.o
 .debug_line    0x000011d1      0x414 /home/joaquin/Documents/MCUXpresso_25.6.136/workspace/CMSISv2p00_LPC17xx/Debug/libCMSISv2p00_LPC17xx.a(system_LPC17xx.o)
 .debug_line    0x000015e5      0x748 /home/joaquin/Documents/MCUXpresso_25.6.136/workspace/CMSISv2p00_LPC17xx/Debug/libCMSISv2p00_LPC17xx.a(lpc17xx_adc.o)
 .debug_line    0x00001d2d      0x469 /home/joaquin/Documents/MCUXpresso_25.6.136/workspace/CMSISv2p00_LPC17xx/Debug/libCMSISv2p00_LPC17xx.a(lpc17xx_clkpwr.o)
 .debug_line    0x00002196      0x86e /home/joaquin/Documents/MCUXpresso_25.6.136/workspace/CMSISv2p00_LPC17xx/Debug/libCMSISv2p00_LPC17xx.a(lpc17xx_gpdma.o)
 .debug_line    0x00002a04      0x211 /home/joaquin/Documents/MCUXpresso_25.6.136/workspace/CMSISv2p00_LPC17xx/Debug/libCMSISv2p00_LPC17xx.a(lpc17xx_libcfg_default.o)
 .debug_line    0x00002c15       0x4a /usr/local/mcuxpressoide-25.6.136/ide/plugins/com.nxp.mcuxpresso.tools.linux_25.6.0.202501151204/tools/bin/../lib/gcc/arm-none-eabi/14.2.1/../../../../arm-none-eabi/lib/thumb/v7-m/nofp/libcr_c.a(__weak__main.o)

.debug_str      0x00000000     0xe2dd
 .debug_str     0x00000000     0xe2dd ./src/plataform/adc_lpc1769.o
                               0x9368 (size before relaxing)
 .debug_str     0x0000e2dd     0x96e4 ./src/plataform/dma_lpc1769.o
 .debug_str     0x0000e2dd     0x9388 ./src/plataform/timer_lpc1769.o
 .debug_str     0x0000e2dd     0xa369 ./src/plataform/uart_lpc1769.o
 .debug_str     0x0000e2dd     0x309e ./src/cr_startup_lpc175x_6x.o
 .debug_str     0x0000e2dd     0x2f87 ./src/crp.o
 .debug_str     0x0000e2dd     0x8aba ./src/main.o
 .debug_str     0x0000e2dd     0x8a45 /home/joaquin/Documents/MCUXpresso_25.6.136/workspace/CMSISv2p00_LPC17xx/Debug/libCMSISv2p00_LPC17xx.a(system_LPC17xx.o)
 .debug_str     0x0000e2dd     0xa627 /home/joaquin/Documents/MCUXpresso_25.6.136/workspace/CMSISv2p00_LPC17xx/Debug/libCMSISv2p00_LPC17xx.a(lpc17xx_adc.o)
 .debug_str     0x0000e2dd     0x9c5b /home/joaquin/Documents/MCUXpresso_25.6.136/workspace/CMSISv2p00_LPC17xx/Debug/libCMSISv2p00_LPC17xx.a(lpc17xx_clkpwr.o)
 .debug_str     0x0000e2dd     0xaba1 /home/joaquin/Documents/MCUXpresso_25.6.136/workspace/CMSISv2p00_LPC17xx/Debug/libCMSISv2p00_LPC17xx.a(lpc17xx_gpdma.o)
 .debug_str     0x0000e2dd     0x486c /home/joaquin/Documents/MCUXpresso_25.6.136/workspace/CMSISv2p00_LPC17xx/Debug/libCMSISv2p00_LPC17xx.a(lpc17xx_libcfg_default.o)
 .debug_str     0x0000e2dd      0x126 /usr/local/mcuxpressoide-25.6.136/ide/plugins/com.nxp.mcuxpresso.tools.linux_25.6.0.202501151204/tools/bin/../lib/gcc/arm-none-eabi/14.2.1/../../../../arm-none-eabi/lib/thumb/v7-m/nofp/libcr_c.a(__weak__main.o)

.comment        0x00000000       0x45
 .comment       0x00000000       0x45 ./src/plataform/adc_lpc1769.o
                                 0x46 (size before relaxing)
 .comment       0x00000045       0x46 ./src/plataform/dma_lpc1769.o
 .comment       0x00000045       0x46 ./src/plataform/timer_lpc1769.o
 .comment       0x00000045       0x46 ./src/plataform/uart_lpc1769.o
 .comment       0x00000045       0x46 ./src/cr_startup_lpc175x_6x.o
 .comment       0x00000045       0x46 ./src/crp.o
 .comment       0x00000045       0x46 ./src/main.o
 .comment       0x00000045       0x46 /home/joaquin/Documents/MCUXpresso_25.6.136/workspace/CMSISv2p00_LPC17xx/Debug/libCMSISv2p00_LPC17xx.a(system_LPC17xx.o)
 .comment       0x00000045       0x46 /home/joaquin/Documents/MCUXpresso_25.6.136/workspace/CMSISv2p00_LPC17xx/Debug/libCMSISv2p00_LPC17xx.a(lpc17xx_adc.o)
 .comment       0x00000045       0x46 /home/joaquin/Documents/MCUXpresso_25.6.136/workspace/CMSISv2p00_LPC17xx/Debug/libCMSISv2p00_LPC17xx.a(lpc17xx_clkpwr.o)
 .comment       0x00000045       0x46 /home/joaquin/Documents/MCUXpresso_25.6.136/workspace/CMSISv2p00_LPC17xx/Debug/libCMSISv2p00_LPC17xx.a(lpc17xx_gpdma.o)
 .comment       0x00000045       0x46 /home/joaquin/Documents/MCUXpresso_25.6.136/workspace/CMSISv2p00_LPC17xx/Debug/libCMSISv2p00_LPC17xx.a(lpc17xx_libcfg_default.o)
 .comment       0x00000045       0x46 /usr/local/mcuxpressoide-25.6.136/ide/plugins/com.nxp.mcuxpresso.tools.linux_25.6.0.202501151204/tools/bin/../lib/gcc/arm-none-eabi/14.2.1/../../../../arm-none-eabi/lib/thumb/v7-m/nofp/libcr_c.a(__weak__main.o)

.ARM.attributes
                0x00000000       0x2b
 .ARM.attributes
                0x00000000       0x2d ./src/plataform/adc_lpc1769.o
 .ARM.attributes
                0x0000002d       0x2d ./src/plataform/dma_lpc1769.o
 .ARM.attributes
                0x0000005a       0x2d ./src/plataform/timer_lpc1769.o
 .ARM.attributes
                0x00000087       0x2d ./src/plataform/uart_lpc1769.o
 .ARM.attributes
                0x000000b4       0x2d ./src/cr_startup_lpc175x_6x.o
 .ARM.attributes
                0x000000e1       0x2d ./src/crp.o
 .ARM.attributes
                0x0000010e       0x2d ./src/main.o
 .ARM.attributes
                0x0000013b       0x2d /home/joaquin/Documents/MCUXpresso_25.6.136/workspace/CMSISv2p00_LPC17xx/Debug/libCMSISv2p00_LPC17xx.a(system_LPC17xx.o)
 .ARM.attributes
                0x00000168       0x2d /home/joaquin/Documents/MCUXpresso_25.6.136/workspace/CMSISv2p00_LPC17xx/Debug/libCMSISv2p00_LPC17xx.a(lpc17xx_adc.o)
 .ARM.attributes
                0x00000195       0x2d /home/joaquin/Documents/MCUXpresso_25.6.136/workspace/CMSISv2p00_LPC17xx/Debug/libCMSISv2p00_LPC17xx.a(lpc17xx_clkpwr.o)
 .ARM.attributes
                0x000001c2       0x2d /home/joaquin/Documents/MCUXpresso_25.6.136/workspace/CMSISv2p00_LPC17xx/Debug/libCMSISv2p00_LPC17xx.a(lpc17xx_gpdma.o)
 .ARM.attributes
                0x000001ef       0x2d /home/joaquin/Documents/MCUXpresso_25.6.136/workspace/CMSISv2p00_LPC17xx/Debug/libCMSISv2p00_LPC17xx.a(lpc17xx_libcfg_default.o)
 .ARM.attributes
                0x0000021c       0x2d /usr/local/mcuxpressoide-25.6.136/ide/plugins/com.nxp.mcuxpresso.tools.linux_25.6.0.202501151204/tools/bin/../lib/gcc/arm-none-eabi/14.2.1/../../../../arm-none-eabi/lib/thumb/v7-m/nofp/libcr_c.a(__weak__main.o)

.debug_frame    0x00000000      0x62c
 .debug_frame   0x00000000       0x2c ./src/plataform/adc_lpc1769.o
 .debug_frame   0x0000002c       0x70 ./src/plataform/dma_lpc1769.o
 .debug_frame   0x0000009c       0x30 ./src/plataform/timer_lpc1769.o
 .debug_frame   0x000000cc       0x30 ./src/plataform/uart_lpc1769.o
 .debug_frame   0x000000fc      0x170 ./src/cr_startup_lpc175x_6x.o
 .debug_frame   0x0000026c       0x2c ./src/main.o
 .debug_frame   0x00000298       0x38 /home/joaquin/Documents/MCUXpresso_25.6.136/workspace/CMSISv2p00_LPC17xx/Debug/libCMSISv2p00_LPC17xx.a(system_LPC17xx.o)
 .debug_frame   0x000002d0      0x174 /home/joaquin/Documents/MCUXpresso_25.6.136/workspace/CMSISv2p00_LPC17xx/Debug/libCMSISv2p00_LPC17xx.a(lpc17xx_adc.o)
 .debug_frame   0x00000444       0xa0 /home/joaquin/Documents/MCUXpresso_25.6.136/workspace/CMSISv2p00_LPC17xx/Debug/libCMSISv2p00_LPC17xx.a(lpc17xx_clkpwr.o)
 .debug_frame   0x000004e4      0x108 /home/joaquin/Documents/MCUXpresso_25.6.136/workspace/CMSISv2p00_LPC17xx/Debug/libCMSISv2p00_LPC17xx.a(lpc17xx_gpdma.o)
 .debug_frame   0x000005ec       0x20 /home/joaquin/Documents/MCUXpresso_25.6.136/workspace/CMSISv2p00_LPC17xx/Debug/libCMSISv2p00_LPC17xx.a(lpc17xx_libcfg_default.o)
 .debug_frame   0x0000060c       0x20 /usr/local/mcuxpressoide-25.6.136/ide/plugins/com.nxp.mcuxpresso.tools.linux_25.6.0.202501151204/tools/bin/../lib/gcc/arm-none-eabi/14.2.1/../../../../arm-none-eabi/lib/thumb/v7-m/nofp/libcr_c.a(__weak__main.o)

.debug_loc      0x00000000      0xd31
 .debug_loc     0x00000000      0x42a /home/joaquin/Documents/MCUXpresso_25.6.136/workspace/CMSISv2p00_LPC17xx/Debug/libCMSISv2p00_LPC17xx.a(lpc17xx_adc.o)
 .debug_loc     0x0000042a      0x21b /home/joaquin/Documents/MCUXpresso_25.6.136/workspace/CMSISv2p00_LPC17xx/Debug/libCMSISv2p00_LPC17xx.a(lpc17xx_clkpwr.o)
 .debug_loc     0x00000645      0x6c2 /home/joaquin/Documents/MCUXpresso_25.6.136/workspace/CMSISv2p00_LPC17xx/Debug/libCMSISv2p00_LPC17xx.a(lpc17xx_gpdma.o)
 .debug_loc     0x00000d07       0x2a /home/joaquin/Documents/MCUXpresso_25.6.136/workspace/CMSISv2p00_LPC17xx/Debug/libCMSISv2p00_LPC17xx.a(lpc17xx_libcfg_default.o)

Cross Reference Table

Symbol                                            File
ADC_BurstDisable                                  /home/joaquin/Documents/MCUXpresso_25.6.136/workspace/CMSISv2p00_LPC17xx/Debug/libCMSISv2p00_LPC17xx.a(lpc17xx_adc.o)
ADC_BurstEnable                                   /home/joaquin/Documents/MCUXpresso_25.6.136/workspace/CMSISv2p00_LPC17xx/Debug/libCMSISv2p00_LPC17xx.a(lpc17xx_adc.o)
                                                  ./src/plataform/adc_lpc1769.o
ADC_ChannelDisable                                /home/joaquin/Documents/MCUXpresso_25.6.136/workspace/CMSISv2p00_LPC17xx/Debug/libCMSISv2p00_LPC17xx.a(lpc17xx_adc.o)
ADC_ChannelEnable                                 /home/joaquin/Documents/MCUXpresso_25.6.136/workspace/CMSISv2p00_LPC17xx/Debug/libCMSISv2p00_LPC17xx.a(lpc17xx_adc.o)
                                                  ./src/plataform/adc_lpc1769.o
ADC_ChannelGetData                                /home/joaquin/Documents/MCUXpresso_25.6.136/workspace/CMSISv2p00_LPC17xx/Debug/libCMSISv2p00_LPC17xx.a(lpc17xx_adc.o)
ADC_ChannelGetStatus                              /home/joaquin/Documents/MCUXpresso_25.6.136/workspace/CMSISv2p00_LPC17xx/Debug/libCMSISv2p00_LPC17xx.a(lpc17xx_adc.o)
ADC_DeInit                                        /home/joaquin/Documents/MCUXpresso_25.6.136/workspace/CMSISv2p00_LPC17xx/Debug/libCMSISv2p00_LPC17xx.a(lpc17xx_adc.o)
ADC_EdgeStartConfig                               /home/joaquin/Documents/MCUXpresso_25.6.136/workspace/CMSISv2p00_LPC17xx/Debug/libCMSISv2p00_LPC17xx.a(lpc17xx_adc.o)
ADC_GlobalGetData                                 /home/joaquin/Documents/MCUXpresso_25.6.136/workspace/CMSISv2p00_LPC17xx/Debug/libCMSISv2p00_LPC17xx.a(lpc17xx_adc.o)
ADC_GlobalGetStatus                               /home/joaquin/Documents/MCUXpresso_25.6.136/workspace/CMSISv2p00_LPC17xx/Debug/libCMSISv2p00_LPC17xx.a(lpc17xx_adc.o)
ADC_IRQHandler                                    ./src/cr_startup_lpc175x_6x.o
ADC_Init                                          /home/joaquin/Documents/MCUXpresso_25.6.136/workspace/CMSISv2p00_LPC17xx/Debug/libCMSISv2p00_LPC17xx.a(lpc17xx_adc.o)
                                                  ./src/plataform/adc_lpc1769.o
ADC_IntDisable                                    /home/joaquin/Documents/MCUXpresso_25.6.136/workspace/CMSISv2p00_LPC17xx/Debug/libCMSISv2p00_LPC17xx.a(lpc17xx_adc.o)
ADC_IntEnable                                     /home/joaquin/Documents/MCUXpresso_25.6.136/workspace/CMSISv2p00_LPC17xx/Debug/libCMSISv2p00_LPC17xx.a(lpc17xx_adc.o)
ADC_PinConfig                                     /home/joaquin/Documents/MCUXpresso_25.6.136/workspace/CMSISv2p00_LPC17xx/Debug/libCMSISv2p00_LPC17xx.a(lpc17xx_adc.o)
                                                  ./src/plataform/adc_lpc1769.o
ADC_PowerDown                                     /home/joaquin/Documents/MCUXpresso_25.6.136/workspace/CMSISv2p00_LPC17xx/Debug/libCMSISv2p00_LPC17xx.a(lpc17xx_adc.o)
ADC_PowerUp                                       /home/joaquin/Documents/MCUXpresso_25.6.136/workspace/CMSISv2p00_LPC17xx/Debug/libCMSISv2p00_LPC17xx.a(lpc17xx_adc.o)
ADC_StartCmd                                      /home/joaquin/Documents/MCUXpresso_25.6.136/workspace/CMSISv2p00_LPC17xx/Debug/libCMSISv2p00_LPC17xx.a(lpc17xx_adc.o)
                                                  ./src/plataform/adc_lpc1769.o
BOD_IRQHandler                                    ./src/cr_startup_lpc175x_6x.o
BusFault_Handler                                  ./src/cr_startup_lpc175x_6x.o
CANActivity_IRQHandler                            ./src/cr_startup_lpc175x_6x.o
CAN_IRQHandler                                    ./src/cr_startup_lpc175x_6x.o
CLKPWR_ConfigPPWR                                 /home/joaquin/Documents/MCUXpresso_25.6.136/workspace/CMSISv2p00_LPC17xx/Debug/libCMSISv2p00_LPC17xx.a(lpc17xx_clkpwr.o)
                                                  /home/joaquin/Documents/MCUXpresso_25.6.136/workspace/CMSISv2p00_LPC17xx/Debug/libCMSISv2p00_LPC17xx.a(lpc17xx_gpdma.o)
                                                  /home/joaquin/Documents/MCUXpresso_25.6.136/workspace/CMSISv2p00_LPC17xx/Debug/libCMSISv2p00_LPC17xx.a(lpc17xx_adc.o)
CLKPWR_DeepPowerDown                              /home/joaquin/Documents/MCUXpresso_25.6.136/workspace/CMSISv2p00_LPC17xx/Debug/libCMSISv2p00_LPC17xx.a(lpc17xx_clkpwr.o)
CLKPWR_DeepSleep                                  /home/joaquin/Documents/MCUXpresso_25.6.136/workspace/CMSISv2p00_LPC17xx/Debug/libCMSISv2p00_LPC17xx.a(lpc17xx_clkpwr.o)
CLKPWR_GetPCLK                                    /home/joaquin/Documents/MCUXpresso_25.6.136/workspace/CMSISv2p00_LPC17xx/Debug/libCMSISv2p00_LPC17xx.a(lpc17xx_clkpwr.o)
                                                  /home/joaquin/Documents/MCUXpresso_25.6.136/workspace/CMSISv2p00_LPC17xx/Debug/libCMSISv2p00_LPC17xx.a(lpc17xx_adc.o)
CLKPWR_GetPCLKSEL                                 /home/joaquin/Documents/MCUXpresso_25.6.136/workspace/CMSISv2p00_LPC17xx/Debug/libCMSISv2p00_LPC17xx.a(lpc17xx_clkpwr.o)
CLKPWR_PowerDown                                  /home/joaquin/Documents/MCUXpresso_25.6.136/workspace/CMSISv2p00_LPC17xx/Debug/libCMSISv2p00_LPC17xx.a(lpc17xx_clkpwr.o)
CLKPWR_SetPCLKDiv                                 /home/joaquin/Documents/MCUXpresso_25.6.136/workspace/CMSISv2p00_LPC17xx/Debug/libCMSISv2p00_LPC17xx.a(lpc17xx_clkpwr.o)
                                                  /home/joaquin/Documents/MCUXpresso_25.6.136/workspace/CMSISv2p00_LPC17xx/Debug/libCMSISv2p00_LPC17xx.a(lpc17xx_dac.o)
CLKPWR_Sleep                                      /home/joaquin/Documents/MCUXpresso_25.6.136/workspace/CMSISv2p00_LPC17xx/Debug/libCMSISv2p00_LPC17xx.a(lpc17xx_clkpwr.o)
CRP_WORD                                          ./src/crp.o
DAC_ConfigDAConverterControl                      /home/joaquin/Documents/MCUXpresso_25.6.136/workspace/CMSISv2p00_LPC17xx/Debug/libCMSISv2p00_LPC17xx.a(lpc17xx_dac.o)
                                                  ./src/plataform/dac_lpc1769.o
DAC_Init                                          /home/joaquin/Documents/MCUXpresso_25.6.136/workspace/CMSISv2p00_LPC17xx/Debug/libCMSISv2p00_LPC17xx.a(lpc17xx_dac.o)
                                                  ./src/plataform/dac_lpc1769.o
DAC_SetBias                                       /home/joaquin/Documents/MCUXpresso_25.6.136/workspace/CMSISv2p00_LPC17xx/Debug/libCMSISv2p00_LPC17xx.a(lpc17xx_dac.o)
                                                  ./src/plataform/dac_lpc1769.o
DAC_SetDMATimeOut                                 /home/joaquin/Documents/MCUXpresso_25.6.136/workspace/CMSISv2p00_LPC17xx/Debug/libCMSISv2p00_LPC17xx.a(lpc17xx_dac.o)
DAC_UpdateValue                                   /home/joaquin/Documents/MCUXpresso_25.6.136/workspace/CMSISv2p00_LPC17xx/Debug/libCMSISv2p00_LPC17xx.a(lpc17xx_dac.o)
                                                  ./src/plataform/dac_lpc1769.o
DMA_IRQHandler                                    ./src/plataform/dma_lpc1769.o
DebugMon_Handler                                  ./src/cr_startup_lpc175x_6x.o
EINT0_IRQHandler                                  ./src/cr_startup_lpc175x_6x.o
EINT1_IRQHandler                                  ./src/cr_startup_lpc175x_6x.o
EINT2_IRQHandler                                  ./src/cr_startup_lpc175x_6x.o
EINT3_IRQHandler                                  ./src/cr_startup_lpc175x_6x.o
ENET_IRQHandler                                   ./src/cr_startup_lpc175x_6x.o
GPDMA_ChannelGracefulStop                         /home/joaquin/Documents/MCUXpresso_25.6.136/workspace/CMSISv2p00_LPC17xx/Debug/libCMSISv2p00_LPC17xx.a(lpc17xx_gpdma.o)
GPDMA_ChannelPause                                /home/joaquin/Documents/MCUXpresso_25.6.136/workspace/CMSISv2p00_LPC17xx/Debug/libCMSISv2p00_LPC17xx.a(lpc17xx_gpdma.o)
GPDMA_ChannelResume                               /home/joaquin/Documents/MCUXpresso_25.6.136/workspace/CMSISv2p00_LPC17xx/Debug/libCMSISv2p00_LPC17xx.a(lpc17xx_gpdma.o)
GPDMA_ChannelStart                                /home/joaquin/Documents/MCUXpresso_25.6.136/workspace/CMSISv2p00_LPC17xx/Debug/libCMSISv2p00_LPC17xx.a(lpc17xx_gpdma.o)
                                                  ./src/plataform/dma_lpc1769.o
GPDMA_ChannelStop                                 /home/joaquin/Documents/MCUXpresso_25.6.136/workspace/CMSISv2p00_LPC17xx/Debug/libCMSISv2p00_LPC17xx.a(lpc17xx_gpdma.o)
GPDMA_ClearIntPending                             /home/joaquin/Documents/MCUXpresso_25.6.136/workspace/CMSISv2p00_LPC17xx/Debug/libCMSISv2p00_LPC17xx.a(lpc17xx_gpdma.o)
                                                  ./src/plataform/dma_lpc1769.o
GPDMA_DeInit                                      /home/joaquin/Documents/MCUXpresso_25.6.136/workspace/CMSISv2p00_LPC17xx/Debug/libCMSISv2p00_LPC17xx.a(lpc17xx_gpdma.o)
GPDMA_Init                                        /home/joaquin/Documents/MCUXpresso_25.6.136/workspace/CMSISv2p00_LPC17xx/Debug/libCMSISv2p00_LPC17xx.a(lpc17xx_gpdma.o)
                                                  ./src/plataform/dma_lpc1769.o
GPDMA_IntGetStatus                                /home/joaquin/Documents/MCUXpresso_25.6.136/workspace/CMSISv2p00_LPC17xx/Debug/libCMSISv2p00_LPC17xx.a(lpc17xx_gpdma.o)
GPDMA_LUTPerAddr                                  /home/joaquin/Documents/MCUXpresso_25.6.136/workspace/CMSISv2p00_LPC17xx/Debug/libCMSISv2p00_LPC17xx.a(lpc17xx_gpdma.o)
GPDMA_LUTPerBurst                                 /home/joaquin/Documents/MCUXpresso_25.6.136/workspace/CMSISv2p00_LPC17xx/Debug/libCMSISv2p00_LPC17xx.a(lpc17xx_gpdma.o)
GPDMA_LUTPerWid                                   /home/joaquin/Documents/MCUXpresso_25.6.136/workspace/CMSISv2p00_LPC17xx/Debug/libCMSISv2p00_LPC17xx.a(lpc17xx_gpdma.o)
GPDMA_SetupChannel                                /home/joaquin/Documents/MCUXpresso_25.6.136/workspace/CMSISv2p00_LPC17xx/Debug/libCMSISv2p00_LPC17xx.a(lpc17xx_gpdma.o)
                                                  ./src/plataform/dma_lpc1769.o
HardFault_Handler                                 ./src/cr_startup_lpc175x_6x.o
I2C0_IRQHandler                                   ./src/cr_startup_lpc175x_6x.o
I2C1_IRQHandler                                   ./src/cr_startup_lpc175x_6x.o
I2C2_IRQHandler                                   ./src/cr_startup_lpc175x_6x.o
I2S_IRQHandler                                    ./src/cr_startup_lpc175x_6x.o
IntDefaultHandler                                 ./src/cr_startup_lpc175x_6x.o
MCPWM_IRQHandler                                  ./src/cr_startup_lpc175x_6x.o
MemManage_Handler                                 ./src/cr_startup_lpc175x_6x.o
NMI_Handler                                       ./src/cr_startup_lpc175x_6x.o
PLL0_IRQHandler                                   ./src/cr_startup_lpc175x_6x.o
PLL1_IRQHandler                                   ./src/cr_startup_lpc175x_6x.o
PWM1_IRQHandler                                   ./src/cr_startup_lpc175x_6x.o
PendSV_Handler                                    ./src/cr_startup_lpc175x_6x.o
QEI_IRQHandler                                    ./src/cr_startup_lpc175x_6x.o
RIT_IRQHandler                                    ./src/cr_startup_lpc175x_6x.o
RTC_IRQHandler                                    ./src/cr_startup_lpc175x_6x.o
ResetISR                                          ./src/cr_startup_lpc175x_6x.o
SPI_IRQHandler                                    ./src/cr_startup_lpc175x_6x.o
SSP0_IRQHandler                                   ./src/cr_startup_lpc175x_6x.o
SSP1_IRQHandler                                   ./src/cr_startup_lpc175x_6x.o
SVC_Handler                                       ./src/cr_startup_lpc175x_6x.o
SysTick_Handler                                   ./src/cr_startup_lpc175x_6x.o
SystemCoreClock                                   /home/joaquin/Documents/MCUXpresso_25.6.136/workspace/CMSISv2p00_LPC17xx/Debug/libCMSISv2p00_LPC17xx.a(system_LPC17xx.o)
                                                  /home/joaquin/Documents/MCUXpresso_25.6.136/workspace/CMSISv2p00_LPC17xx/Debug/libCMSISv2p00_LPC17xx.a(lpc17xx_clkpwr.o)
SystemCoreClockUpdate                             /home/joaquin/Documents/MCUXpresso_25.6.136/workspace/CMSISv2p00_LPC17xx/Debug/libCMSISv2p00_LPC17xx.a(system_LPC17xx.o)
SystemInit                                        /home/joaquin/Documents/MCUXpresso_25.6.136/workspace/CMSISv2p00_LPC17xx/Debug/libCMSISv2p00_LPC17xx.a(system_LPC17xx.o)
                                                  ./src/cr_startup_lpc175x_6x.o
TIMER0_IRQHandler                                 ./src/cr_startup_lpc175x_6x.o
TIMER1_IRQHandler                                 ./src/cr_startup_lpc175x_6x.o
TIMER2_IRQHandler                                 ./src/cr_startup_lpc175x_6x.o
TIMER3_IRQHandler                                 ./src/cr_startup_lpc175x_6x.o
UART0_IRQHandler                                  ./src/cr_startup_lpc175x_6x.o
UART1_IRQHandler                                  ./src/cr_startup_lpc175x_6x.o
UART2_IRQHandler                                  ./src/cr_startup_lpc175x_6x.o
UART3_IRQHandler                                  ./src/cr_startup_lpc175x_6x.o
USBActivity_IRQHandler                            ./src/cr_startup_lpc175x_6x.o
USB_IRQHandler                                    ./src/cr_startup_lpc175x_6x.o
UsageFault_Handler                                ./src/cr_startup_lpc175x_6x.o
WDT_IRQHandler                                    ./src/cr_startup_lpc175x_6x.o
__aeabi_idiv0                                     /usr/local/mcuxpressoide-25.6.136/ide/plugins/com.nxp.mcuxpresso.tools.linux_25.6.0.202501151204/tools/bin/../lib/gcc/arm-none-eabi/14.2.1/thumb/v7-m/nofp/libcr_eabihelpers.a(division_idiv0.o)
                                                  /usr/local/mcuxpressoide-25.6.136/ide/plugins/com.nxp.mcuxpresso.tools.linux_25.6.0.202501151204/tools/bin/../lib/gcc/arm-none-eabi/14.2.1/thumb/v7-m/nofp/libcr_eabihelpers.a(division_64.o)
__aeabi_ldivmod                                   /usr/local/mcuxpressoide-25.6.136/ide/plugins/com.nxp.mcuxpresso.tools.linux_25.6.0.202501151204/tools/bin/../lib/gcc/arm-none-eabi/14.2.1/thumb/v7-m/nofp/libcr_eabihelpers.a(division_64.o)
__aeabi_uldivmod                                  /usr/local/mcuxpressoide-25.6.136/ide/plugins/com.nxp.mcuxpresso.tools.linux_25.6.0.202501151204/tools/bin/../lib/gcc/arm-none-eabi/14.2.1/thumb/v7-m/nofp/libcr_eabihelpers.a(division_64.o)
                                                  /home/joaquin/Documents/MCUXpresso_25.6.136/workspace/CMSISv2p00_LPC17xx/Debug/libCMSISv2p00_LPC17xx.a(system_LPC17xx.o)
__bhs_ldivmod1                                    /usr/local/mcuxpressoide-25.6.136/ide/plugins/com.nxp.mcuxpresso.tools.linux_25.6.0.202501151204/tools/bin/../lib/gcc/arm-none-eabi/14.2.1/thumb/v7-m/nofp/libcr_eabihelpers.a(division_64.o)
__bss_section_table_end                           ./src/cr_startup_lpc175x_6x.o
__data_section_table                              ./src/cr_startup_lpc175x_6x.o
__data_section_table_end                          ./src/cr_startup_lpc175x_6x.o
__main                                            /usr/local/mcuxpressoide-25.6.136/ide/plugins/com.nxp.mcuxpresso.tools.linux_25.6.0.202501151204/tools/bin/../lib/gcc/arm-none-eabi/14.2.1/../../../../arm-none-eabi/lib/thumb/v7-m/nofp/libcr_c.a(__weak__main.o)
                                                  ./src/cr_startup_lpc175x_6x.o
__valid_user_code_checksum                        ./src/cr_startup_lpc175x_6x.o
__weak_main                                       /usr/local/mcuxpressoide-25.6.136/ide/plugins/com.nxp.mcuxpresso.tools.linux_25.6.0.202501151204/tools/bin/../lib/gcc/arm-none-eabi/14.2.1/../../../../arm-none-eabi/lib/thumb/v7-m/nofp/libcr_c.a(__weak__main.o)
_vStackTop                                        ./src/cr_startup_lpc175x_6x.o
bss_init                                          ./src/cr_startup_lpc175x_6x.o
check_failed                                      /home/joaquin/Documents/MCUXpresso_25.6.136/workspace/CMSISv2p00_LPC17xx/Debug/libCMSISv2p00_LPC17xx.a(lpc17xx_libcfg_default.o)
                                                  /home/joaquin/Documents/MCUXpresso_25.6.136/workspace/CMSISv2p00_LPC17xx/Debug/libCMSISv2p00_LPC17xx.a(lpc17xx_gpdma.o)
                                                  /home/joaquin/Documents/MCUXpresso_25.6.136/workspace/CMSISv2p00_LPC17xx/Debug/libCMSISv2p00_LPC17xx.a(lpc17xx_dac.o)
                                                  /home/joaquin/Documents/MCUXpresso_25.6.136/workspace/CMSISv2p00_LPC17xx/Debug/libCMSISv2p00_LPC17xx.a(lpc17xx_adc.o)
configAdc                                         ./src/plataform/adc_lpc1769.o
                                                  ./src/main.o
configDac                                         ./src/plataform/dac_lpc1769.o
configDma                                         ./src/plataform/dma_lpc1769.o
configTimer                                       ./src/plataform/timer_lpc1769.o
                                                  ./src/main.o
configUart                                        ./src/plataform/uart_lpc1769.o
                                                  ./src/main.o
data_init                                         ./src/cr_startup_lpc175x_6x.o
g_pfnVectors                                      ./src/cr_startup_lpc175x_6x.o
getAdcBuffer                                      ./src/plataform/dma_lpc1769.o
main                                              ./src/main.o
                                                  /usr/local/mcuxpressoide-25.6.136/ide/plugins/com.nxp.mcuxpresso.tools.linux_25.6.0.202501151204/tools/bin/../lib/gcc/arm-none-eabi/14.2.1/../../../../arm-none-eabi/lib/thumb/v7-m/nofp/libcr_c.a(__weak__main.o)
pGPDMACh                                          /home/joaquin/Documents/MCUXpresso_25.6.136/workspace/CMSISv2p00_LPC17xx/Debug/libCMSISv2p00_LPC17xx.a(lpc17xx_gpdma.o)
