Archive member included to satisfy reference by file (symbol)

/home/joaquin/Documents/MCUXpresso_25.6.136/workspace/CMSISv2p00_LPC17xx/Debug/libCMSISv2p00_LPC17xx.a(system_LPC17xx.o)
                              ./src/cr_startup_lpc175x_6x.o (SystemInit)
/home/joaquin/Documents/MCUXpresso_25.6.136/workspace/CMSISv2p00_LPC17xx/Debug/libCMSISv2p00_LPC17xx.a(lpc17xx_adc.o)
                              ./src/plataform/adc_lpc1769.o (ADC_Init)
/home/joaquin/Documents/MCUXpresso_25.6.136/workspace/CMSISv2p00_LPC17xx/Debug/libCMSISv2p00_LPC17xx.a(lpc17xx_clkpwr.o)
                              /home/joaquin/Documents/MCUXpresso_25.6.136/workspace/CMSISv2p00_LPC17xx/Debug/libCMSISv2p00_LPC17xx.a(lpc17xx_adc.o) (CLKPWR_GetPCLK)
/home/joaquin/Documents/MCUXpresso_25.6.136/workspace/CMSISv2p00_LPC17xx/Debug/libCMSISv2p00_LPC17xx.a(lpc17xx_dac.o)
                              ./src/plataform/dac_lpc1769.o (DAC_UpdateValue)
/home/joaquin/Documents/MCUXpresso_25.6.136/workspace/CMSISv2p00_LPC17xx/Debug/libCMSISv2p00_LPC17xx.a(lpc17xx_libcfg_default.o)
                              /home/joaquin/Documents/MCUXpresso_25.6.136/workspace/CMSISv2p00_LPC17xx/Debug/libCMSISv2p00_LPC17xx.a(lpc17xx_adc.o) (check_failed)
/usr/local/mcuxpressoide-25.6.136/ide/plugins/com.nxp.mcuxpresso.tools.linux_25.6.0.202501151204/tools/bin/../lib/gcc/arm-none-eabi/14.2.1/../../../../arm-none-eabi/lib/thumb/v7-m/nofp/libcr_c.a(__weak__main.o)
                              ./src/cr_startup_lpc175x_6x.o (__main)
/usr/local/mcuxpressoide-25.6.136/ide/plugins/com.nxp.mcuxpresso.tools.linux_25.6.0.202501151204/tools/bin/../lib/gcc/arm-none-eabi/14.2.1/thumb/v7-m/nofp/libcr_eabihelpers.a(division_64.o)
                              /home/joaquin/Documents/MCUXpresso_25.6.136/workspace/CMSISv2p00_LPC17xx/Debug/libCMSISv2p00_LPC17xx.a(system_LPC17xx.o) (__aeabi_uldivmod)
/usr/local/mcuxpressoide-25.6.136/ide/plugins/com.nxp.mcuxpresso.tools.linux_25.6.0.202501151204/tools/bin/../lib/gcc/arm-none-eabi/14.2.1/thumb/v7-m/nofp/libcr_eabihelpers.a(division_idiv0.o)
                              /usr/local/mcuxpressoide-25.6.136/ide/plugins/com.nxp.mcuxpresso.tools.linux_25.6.0.202501151204/tools/bin/../lib/gcc/arm-none-eabi/14.2.1/thumb/v7-m/nofp/libcr_eabihelpers.a(division_64.o) (__aeabi_idiv0)

Discarded input sections

 .group         0x00000000        0xc ./src/thermal_control/thermal_control.o
 .text          0x00000000        0x0 ./src/thermal_control/thermal_control.o
 .data          0x00000000        0x0 ./src/thermal_control/thermal_control.o
 .bss           0x00000000        0x0 ./src/thermal_control/thermal_control.o
 .debug_info    0x00000000       0x21 ./src/thermal_control/thermal_control.o
 .debug_abbrev  0x00000000       0x13 ./src/thermal_control/thermal_control.o
 .debug_aranges
                0x00000000       0x18 ./src/thermal_control/thermal_control.o
 .debug_macro   0x00000000       0x11 ./src/thermal_control/thermal_control.o
 .debug_macro   0x00000000      0xade ./src/thermal_control/thermal_control.o
 .debug_line    0x00000000       0x49 ./src/thermal_control/thermal_control.o
 .debug_str     0x00000000     0x2eba ./src/thermal_control/thermal_control.o
 .comment       0x00000000       0x46 ./src/thermal_control/thermal_control.o
 .ARM.attributes
                0x00000000       0x2d ./src/thermal_control/thermal_control.o
 .group         0x00000000        0xc ./src/sensors/temperature_sensor.o
 .text          0x00000000        0x0 ./src/sensors/temperature_sensor.o
 .data          0x00000000        0x0 ./src/sensors/temperature_sensor.o
 .bss           0x00000000        0x0 ./src/sensors/temperature_sensor.o
 .debug_info    0x00000000       0x21 ./src/sensors/temperature_sensor.o
 .debug_abbrev  0x00000000       0x13 ./src/sensors/temperature_sensor.o
 .debug_aranges
                0x00000000       0x18 ./src/sensors/temperature_sensor.o
 .debug_macro   0x00000000       0x11 ./src/sensors/temperature_sensor.o
 .debug_macro   0x00000000      0xade ./src/sensors/temperature_sensor.o
 .debug_line    0x00000000       0x44 ./src/sensors/temperature_sensor.o
 .debug_str     0x00000000     0x2eb5 ./src/sensors/temperature_sensor.o
 .comment       0x00000000       0x46 ./src/sensors/temperature_sensor.o
 .ARM.attributes
                0x00000000       0x2d ./src/sensors/temperature_sensor.o
 .group         0x00000000        0xc ./src/plataform/adc_lpc1769.o
 .group         0x00000000        0xc ./src/plataform/adc_lpc1769.o
 .group         0x00000000        0xc ./src/plataform/adc_lpc1769.o
 .group         0x00000000        0xc ./src/plataform/adc_lpc1769.o
 .group         0x00000000        0xc ./src/plataform/adc_lpc1769.o
 .group         0x00000000        0xc ./src/plataform/adc_lpc1769.o
 .group         0x00000000        0xc ./src/plataform/adc_lpc1769.o
 .group         0x00000000        0xc ./src/plataform/adc_lpc1769.o
 .group         0x00000000        0xc ./src/plataform/adc_lpc1769.o
 .group         0x00000000        0xc ./src/plataform/adc_lpc1769.o
 .group         0x00000000        0xc ./src/plataform/adc_lpc1769.o
 .text          0x00000000        0x0 ./src/plataform/adc_lpc1769.o
 .data          0x00000000        0x0 ./src/plataform/adc_lpc1769.o
 .bss           0x00000000        0x0 ./src/plataform/adc_lpc1769.o
 .debug_macro   0x00000000      0xade ./src/plataform/adc_lpc1769.o
 .group         0x00000000        0xc ./src/plataform/dac_lpc1769.o
 .group         0x00000000        0xc ./src/plataform/dac_lpc1769.o
 .group         0x00000000        0xc ./src/plataform/dac_lpc1769.o
 .group         0x00000000        0xc ./src/plataform/dac_lpc1769.o
 .group         0x00000000        0xc ./src/plataform/dac_lpc1769.o
 .group         0x00000000        0xc ./src/plataform/dac_lpc1769.o
 .group         0x00000000        0xc ./src/plataform/dac_lpc1769.o
 .group         0x00000000        0xc ./src/plataform/dac_lpc1769.o
 .group         0x00000000        0xc ./src/plataform/dac_lpc1769.o
 .group         0x00000000        0xc ./src/plataform/dac_lpc1769.o
 .group         0x00000000        0xc ./src/plataform/dac_lpc1769.o
 .text          0x00000000        0x0 ./src/plataform/dac_lpc1769.o
 .data          0x00000000        0x0 ./src/plataform/dac_lpc1769.o
 .bss           0x00000000        0x0 ./src/plataform/dac_lpc1769.o
 .text.configDac
                0x00000000       0x32 ./src/plataform/dac_lpc1769.o
 .debug_info    0x00000000      0x179 ./src/plataform/dac_lpc1769.o
 .debug_abbrev  0x00000000       0xe2 ./src/plataform/dac_lpc1769.o
 .debug_aranges
                0x00000000       0x20 ./src/plataform/dac_lpc1769.o
 .debug_ranges  0x00000000       0x10 ./src/plataform/dac_lpc1769.o
 .debug_macro   0x00000000       0x97 ./src/plataform/dac_lpc1769.o
 .debug_macro   0x00000000      0xade ./src/plataform/dac_lpc1769.o
 .debug_macro   0x00000000       0x1c ./src/plataform/dac_lpc1769.o
 .debug_macro   0x00000000       0x2e ./src/plataform/dac_lpc1769.o
 .debug_macro   0x00000000       0x10 ./src/plataform/dac_lpc1769.o
 .debug_macro   0x00000000      0x12e ./src/plataform/dac_lpc1769.o
 .debug_macro   0x00000000      0x5b3 ./src/plataform/dac_lpc1769.o
 .debug_macro   0x00000000       0x18 ./src/plataform/dac_lpc1769.o
 .debug_macro   0x00000000      0x7af ./src/plataform/dac_lpc1769.o
 .debug_macro   0x00000000      0x2c7 ./src/plataform/dac_lpc1769.o
 .debug_macro   0x00000000       0x63 ./src/plataform/dac_lpc1769.o
 .debug_macro   0x00000000       0x3a ./src/plataform/dac_lpc1769.o
 .debug_line    0x00000000      0x2b3 ./src/plataform/dac_lpc1769.o
 .debug_str     0x00000000     0x8a59 ./src/plataform/dac_lpc1769.o
 .comment       0x00000000       0x46 ./src/plataform/dac_lpc1769.o
 .debug_frame   0x00000000       0x34 ./src/plataform/dac_lpc1769.o
 .ARM.attributes
                0x00000000       0x2d ./src/plataform/dac_lpc1769.o
 .group         0x00000000        0xc ./src/plataform/dma_lpc1769.o
 .group         0x00000000        0xc ./src/plataform/dma_lpc1769.o
 .group         0x00000000        0xc ./src/plataform/dma_lpc1769.o
 .group         0x00000000        0xc ./src/plataform/dma_lpc1769.o
 .group         0x00000000        0xc ./src/plataform/dma_lpc1769.o
 .group         0x00000000        0xc ./src/plataform/dma_lpc1769.o
 .group         0x00000000        0xc ./src/plataform/dma_lpc1769.o
 .group         0x00000000        0xc ./src/plataform/dma_lpc1769.o
 .group         0x00000000        0xc ./src/plataform/dma_lpc1769.o
 .group         0x00000000        0xc ./src/plataform/dma_lpc1769.o
 .group         0x00000000        0xc ./src/plataform/dma_lpc1769.o
 .text          0x00000000        0x0 ./src/plataform/dma_lpc1769.o
 .data          0x00000000        0x0 ./src/plataform/dma_lpc1769.o
 .bss           0x00000000        0x0 ./src/plataform/dma_lpc1769.o
 .bss.dmaLli    0x00000000       0x10 ./src/plataform/dma_lpc1769.o
 .text.configDma
                0x00000000        0xc ./src/plataform/dma_lpc1769.o
 .debug_info    0x00000000       0xf7 ./src/plataform/dma_lpc1769.o
 .debug_abbrev  0x00000000       0x96 ./src/plataform/dma_lpc1769.o
 .debug_aranges
                0x00000000       0x20 ./src/plataform/dma_lpc1769.o
 .debug_ranges  0x00000000       0x10 ./src/plataform/dma_lpc1769.o
 .debug_macro   0x00000000       0x97 ./src/plataform/dma_lpc1769.o
 .debug_macro   0x00000000      0xade ./src/plataform/dma_lpc1769.o
 .debug_macro   0x00000000       0x1c ./src/plataform/dma_lpc1769.o
 .debug_macro   0x00000000       0x2e ./src/plataform/dma_lpc1769.o
 .debug_macro   0x00000000       0x10 ./src/plataform/dma_lpc1769.o
 .debug_macro   0x00000000      0x12e ./src/plataform/dma_lpc1769.o
 .debug_macro   0x00000000      0x5b3 ./src/plataform/dma_lpc1769.o
 .debug_macro   0x00000000       0x18 ./src/plataform/dma_lpc1769.o
 .debug_macro   0x00000000      0x7af ./src/plataform/dma_lpc1769.o
 .debug_macro   0x00000000      0x2c7 ./src/plataform/dma_lpc1769.o
 .debug_macro   0x00000000       0x63 ./src/plataform/dma_lpc1769.o
 .debug_macro   0x00000000       0xbf ./src/plataform/dma_lpc1769.o
 .debug_line    0x00000000      0x2aa ./src/plataform/dma_lpc1769.o
 .debug_str     0x00000000     0x8e39 ./src/plataform/dma_lpc1769.o
 .comment       0x00000000       0x46 ./src/plataform/dma_lpc1769.o
 .debug_frame   0x00000000       0x30 ./src/plataform/dma_lpc1769.o
 .ARM.attributes
                0x00000000       0x2d ./src/plataform/dma_lpc1769.o
 .group         0x00000000        0xc ./src/plataform/timer_lpc1769.o
 .group         0x00000000        0xc ./src/plataform/timer_lpc1769.o
 .group         0x00000000        0xc ./src/plataform/timer_lpc1769.o
 .group         0x00000000        0xc ./src/plataform/timer_lpc1769.o
 .group         0x00000000        0xc ./src/plataform/timer_lpc1769.o
 .group         0x00000000        0xc ./src/plataform/timer_lpc1769.o
 .group         0x00000000        0xc ./src/plataform/timer_lpc1769.o
 .group         0x00000000        0xc ./src/plataform/timer_lpc1769.o
 .group         0x00000000        0xc ./src/plataform/timer_lpc1769.o
 .group         0x00000000        0xc ./src/plataform/timer_lpc1769.o
 .group         0x00000000        0xc ./src/plataform/timer_lpc1769.o
 .text          0x00000000        0x0 ./src/plataform/timer_lpc1769.o
 .data          0x00000000        0x0 ./src/plataform/timer_lpc1769.o
 .bss           0x00000000        0x0 ./src/plataform/timer_lpc1769.o
 .debug_macro   0x00000000      0xade ./src/plataform/timer_lpc1769.o
 .debug_macro   0x00000000       0x1c ./src/plataform/timer_lpc1769.o
 .debug_macro   0x00000000       0x2e ./src/plataform/timer_lpc1769.o
 .debug_macro   0x00000000       0x10 ./src/plataform/timer_lpc1769.o
 .debug_macro   0x00000000      0x12e ./src/plataform/timer_lpc1769.o
 .debug_macro   0x00000000      0x5b3 ./src/plataform/timer_lpc1769.o
 .debug_macro   0x00000000       0x18 ./src/plataform/timer_lpc1769.o
 .debug_macro   0x00000000      0x7af ./src/plataform/timer_lpc1769.o
 .debug_macro   0x00000000      0x2c7 ./src/plataform/timer_lpc1769.o
 .debug_macro   0x00000000       0x63 ./src/plataform/timer_lpc1769.o
 .group         0x00000000        0xc ./src/plataform/uart_lpc1769.o
 .group         0x00000000        0xc ./src/plataform/uart_lpc1769.o
 .group         0x00000000        0xc ./src/plataform/uart_lpc1769.o
 .group         0x00000000        0xc ./src/plataform/uart_lpc1769.o
 .group         0x00000000        0xc ./src/plataform/uart_lpc1769.o
 .group         0x00000000        0xc ./src/plataform/uart_lpc1769.o
 .group         0x00000000        0xc ./src/plataform/uart_lpc1769.o
 .group         0x00000000        0xc ./src/plataform/uart_lpc1769.o
 .group         0x00000000        0xc ./src/plataform/uart_lpc1769.o
 .group         0x00000000        0xc ./src/plataform/uart_lpc1769.o
 .group         0x00000000        0xc ./src/plataform/uart_lpc1769.o
 .text          0x00000000        0x0 ./src/plataform/uart_lpc1769.o
 .data          0x00000000        0x0 ./src/plataform/uart_lpc1769.o
 .bss           0x00000000        0x0 ./src/plataform/uart_lpc1769.o
 .debug_macro   0x00000000      0xade ./src/plataform/uart_lpc1769.o
 .debug_macro   0x00000000       0x1c ./src/plataform/uart_lpc1769.o
 .debug_macro   0x00000000       0x2e ./src/plataform/uart_lpc1769.o
 .debug_macro   0x00000000       0x10 ./src/plataform/uart_lpc1769.o
 .debug_macro   0x00000000      0x12e ./src/plataform/uart_lpc1769.o
 .debug_macro   0x00000000      0x5b3 ./src/plataform/uart_lpc1769.o
 .debug_macro   0x00000000       0x18 ./src/plataform/uart_lpc1769.o
 .debug_macro   0x00000000      0x7af ./src/plataform/uart_lpc1769.o
 .debug_macro   0x00000000      0x2c7 ./src/plataform/uart_lpc1769.o
 .debug_macro   0x00000000       0x63 ./src/plataform/uart_lpc1769.o
 .group         0x00000000        0xc ./src/communication/uart_commands.o
 .text          0x00000000        0x0 ./src/communication/uart_commands.o
 .data          0x00000000        0x0 ./src/communication/uart_commands.o
 .bss           0x00000000        0x0 ./src/communication/uart_commands.o
 .debug_info    0x00000000       0x21 ./src/communication/uart_commands.o
 .debug_abbrev  0x00000000       0x13 ./src/communication/uart_commands.o
 .debug_aranges
                0x00000000       0x18 ./src/communication/uart_commands.o
 .debug_macro   0x00000000       0x11 ./src/communication/uart_commands.o
 .debug_macro   0x00000000      0xade ./src/communication/uart_commands.o
 .debug_line    0x00000000       0x45 ./src/communication/uart_commands.o
 .debug_str     0x00000000     0x2eb6 ./src/communication/uart_commands.o
 .comment       0x00000000       0x46 ./src/communication/uart_commands.o
 .ARM.attributes
                0x00000000       0x2d ./src/communication/uart_commands.o
 .group         0x00000000        0xc ./src/actuators/fan.o
 .text          0x00000000        0x0 ./src/actuators/fan.o
 .data          0x00000000        0x0 ./src/actuators/fan.o
 .bss           0x00000000        0x0 ./src/actuators/fan.o
 .debug_info    0x00000000       0x21 ./src/actuators/fan.o
 .debug_abbrev  0x00000000       0x13 ./src/actuators/fan.o
 .debug_aranges
                0x00000000       0x18 ./src/actuators/fan.o
 .debug_macro   0x00000000       0x11 ./src/actuators/fan.o
 .debug_macro   0x00000000      0xade ./src/actuators/fan.o
 .debug_line    0x00000000       0x37 ./src/actuators/fan.o
 .debug_str     0x00000000     0x2ea8 ./src/actuators/fan.o
 .comment       0x00000000       0x46 ./src/actuators/fan.o
 .ARM.attributes
                0x00000000       0x2d ./src/actuators/fan.o
 .group         0x00000000        0xc ./src/cr_startup_lpc175x_6x.o
 .text          0x00000000        0x0 ./src/cr_startup_lpc175x_6x.o
 .data          0x00000000        0x0 ./src/cr_startup_lpc175x_6x.o
 .bss           0x00000000        0x0 ./src/cr_startup_lpc175x_6x.o
 .debug_macro   0x00000000      0xade ./src/cr_startup_lpc175x_6x.o
 .group         0x00000000        0xc ./src/crp.o
 .group         0x00000000        0xc ./src/crp.o
 .text          0x00000000        0x0 ./src/crp.o
 .data          0x00000000        0x0 ./src/crp.o
 .bss           0x00000000        0x0 ./src/crp.o
 .debug_macro   0x00000000      0xade ./src/crp.o
 .group         0x00000000        0xc ./src/main.o
 .group         0x00000000        0xc ./src/main.o
 .group         0x00000000        0xc ./src/main.o
 .group         0x00000000        0xc ./src/main.o
 .group         0x00000000        0xc ./src/main.o
 .group         0x00000000        0xc ./src/main.o
 .group         0x00000000        0xc ./src/main.o
 .group         0x00000000        0xc ./src/main.o
 .group         0x00000000        0xc ./src/main.o
 .group         0x00000000        0xc ./src/main.o
 .text          0x00000000        0x0 ./src/main.o
 .data          0x00000000        0x0 ./src/main.o
 .bss           0x00000000        0x0 ./src/main.o
 .debug_macro   0x00000000      0xade ./src/main.o
 .debug_macro   0x00000000       0x1c ./src/main.o
 .debug_macro   0x00000000       0x2e ./src/main.o
 .debug_macro   0x00000000       0x10 ./src/main.o
 .debug_macro   0x00000000      0x12e ./src/main.o
 .debug_macro   0x00000000      0x5b3 ./src/main.o
 .debug_macro   0x00000000       0x18 ./src/main.o
 .debug_macro   0x00000000      0x7af ./src/main.o
 .debug_macro   0x00000000      0x2c7 ./src/main.o
 .group         0x00000000        0xc /home/joaquin/Documents/MCUXpresso_25.6.136/workspace/CMSISv2p00_LPC17xx/Debug/libCMSISv2p00_LPC17xx.a(system_LPC17xx.o)
 .group         0x00000000        0xc /home/joaquin/Documents/MCUXpresso_25.6.136/workspace/CMSISv2p00_LPC17xx/Debug/libCMSISv2p00_LPC17xx.a(system_LPC17xx.o)
 .group         0x00000000        0xc /home/joaquin/Documents/MCUXpresso_25.6.136/workspace/CMSISv2p00_LPC17xx/Debug/libCMSISv2p00_LPC17xx.a(system_LPC17xx.o)
 .group         0x00000000        0xc /home/joaquin/Documents/MCUXpresso_25.6.136/workspace/CMSISv2p00_LPC17xx/Debug/libCMSISv2p00_LPC17xx.a(system_LPC17xx.o)
 .group         0x00000000        0xc /home/joaquin/Documents/MCUXpresso_25.6.136/workspace/CMSISv2p00_LPC17xx/Debug/libCMSISv2p00_LPC17xx.a(system_LPC17xx.o)
 .group         0x00000000        0xc /home/joaquin/Documents/MCUXpresso_25.6.136/workspace/CMSISv2p00_LPC17xx/Debug/libCMSISv2p00_LPC17xx.a(system_LPC17xx.o)
 .group         0x00000000        0xc /home/joaquin/Documents/MCUXpresso_25.6.136/workspace/CMSISv2p00_LPC17xx/Debug/libCMSISv2p00_LPC17xx.a(system_LPC17xx.o)
 .group         0x00000000        0xc /home/joaquin/Documents/MCUXpresso_25.6.136/workspace/CMSISv2p00_LPC17xx/Debug/libCMSISv2p00_LPC17xx.a(system_LPC17xx.o)
 .group         0x00000000        0xc /home/joaquin/Documents/MCUXpresso_25.6.136/workspace/CMSISv2p00_LPC17xx/Debug/libCMSISv2p00_LPC17xx.a(system_LPC17xx.o)
 .text          0x00000000        0x0 /home/joaquin/Documents/MCUXpresso_25.6.136/workspace/CMSISv2p00_LPC17xx/Debug/libCMSISv2p00_LPC17xx.a(system_LPC17xx.o)
 .data          0x00000000        0x0 /home/joaquin/Documents/MCUXpresso_25.6.136/workspace/CMSISv2p00_LPC17xx/Debug/libCMSISv2p00_LPC17xx.a(system_LPC17xx.o)
 .bss           0x00000000        0x0 /home/joaquin/Documents/MCUXpresso_25.6.136/workspace/CMSISv2p00_LPC17xx/Debug/libCMSISv2p00_LPC17xx.a(system_LPC17xx.o)
 .text.SystemCoreClockUpdate
                0x00000000       0xb8 /home/joaquin/Documents/MCUXpresso_25.6.136/workspace/CMSISv2p00_LPC17xx/Debug/libCMSISv2p00_LPC17xx.a(system_LPC17xx.o)
 .debug_macro   0x00000000       0x10 /home/joaquin/Documents/MCUXpresso_25.6.136/workspace/CMSISv2p00_LPC17xx/Debug/libCMSISv2p00_LPC17xx.a(system_LPC17xx.o)
 .debug_macro   0x00000000      0x12e /home/joaquin/Documents/MCUXpresso_25.6.136/workspace/CMSISv2p00_LPC17xx/Debug/libCMSISv2p00_LPC17xx.a(system_LPC17xx.o)
 .debug_macro   0x00000000      0x5b3 /home/joaquin/Documents/MCUXpresso_25.6.136/workspace/CMSISv2p00_LPC17xx/Debug/libCMSISv2p00_LPC17xx.a(system_LPC17xx.o)
 .debug_macro   0x00000000       0x1c /home/joaquin/Documents/MCUXpresso_25.6.136/workspace/CMSISv2p00_LPC17xx/Debug/libCMSISv2p00_LPC17xx.a(system_LPC17xx.o)
 .debug_macro   0x00000000       0x2e /home/joaquin/Documents/MCUXpresso_25.6.136/workspace/CMSISv2p00_LPC17xx/Debug/libCMSISv2p00_LPC17xx.a(system_LPC17xx.o)
 .debug_macro   0x00000000       0x18 /home/joaquin/Documents/MCUXpresso_25.6.136/workspace/CMSISv2p00_LPC17xx/Debug/libCMSISv2p00_LPC17xx.a(system_LPC17xx.o)
 .debug_macro   0x00000000      0x7af /home/joaquin/Documents/MCUXpresso_25.6.136/workspace/CMSISv2p00_LPC17xx/Debug/libCMSISv2p00_LPC17xx.a(system_LPC17xx.o)
 .debug_macro   0x00000000      0x2c7 /home/joaquin/Documents/MCUXpresso_25.6.136/workspace/CMSISv2p00_LPC17xx/Debug/libCMSISv2p00_LPC17xx.a(system_LPC17xx.o)
 .group         0x00000000        0xc /home/joaquin/Documents/MCUXpresso_25.6.136/workspace/CMSISv2p00_LPC17xx/Debug/libCMSISv2p00_LPC17xx.a(lpc17xx_adc.o)
 .group         0x00000000        0xc /home/joaquin/Documents/MCUXpresso_25.6.136/workspace/CMSISv2p00_LPC17xx/Debug/libCMSISv2p00_LPC17xx.a(lpc17xx_adc.o)
 .group         0x00000000        0xc /home/joaquin/Documents/MCUXpresso_25.6.136/workspace/CMSISv2p00_LPC17xx/Debug/libCMSISv2p00_LPC17xx.a(lpc17xx_adc.o)
 .group         0x00000000        0xc /home/joaquin/Documents/MCUXpresso_25.6.136/workspace/CMSISv2p00_LPC17xx/Debug/libCMSISv2p00_LPC17xx.a(lpc17xx_adc.o)
 .group         0x00000000        0xc /home/joaquin/Documents/MCUXpresso_25.6.136/workspace/CMSISv2p00_LPC17xx/Debug/libCMSISv2p00_LPC17xx.a(lpc17xx_adc.o)
 .group         0x00000000        0xc /home/joaquin/Documents/MCUXpresso_25.6.136/workspace/CMSISv2p00_LPC17xx/Debug/libCMSISv2p00_LPC17xx.a(lpc17xx_adc.o)
 .group         0x00000000        0xc /home/joaquin/Documents/MCUXpresso_25.6.136/workspace/CMSISv2p00_LPC17xx/Debug/libCMSISv2p00_LPC17xx.a(lpc17xx_adc.o)
 .group         0x00000000        0xc /home/joaquin/Documents/MCUXpresso_25.6.136/workspace/CMSISv2p00_LPC17xx/Debug/libCMSISv2p00_LPC17xx.a(lpc17xx_adc.o)
 .group         0x00000000        0xc /home/joaquin/Documents/MCUXpresso_25.6.136/workspace/CMSISv2p00_LPC17xx/Debug/libCMSISv2p00_LPC17xx.a(lpc17xx_adc.o)
 .group         0x00000000        0xc /home/joaquin/Documents/MCUXpresso_25.6.136/workspace/CMSISv2p00_LPC17xx/Debug/libCMSISv2p00_LPC17xx.a(lpc17xx_adc.o)
 .group         0x00000000        0xc /home/joaquin/Documents/MCUXpresso_25.6.136/workspace/CMSISv2p00_LPC17xx/Debug/libCMSISv2p00_LPC17xx.a(lpc17xx_adc.o)
 .group         0x00000000        0xc /home/joaquin/Documents/MCUXpresso_25.6.136/workspace/CMSISv2p00_LPC17xx/Debug/libCMSISv2p00_LPC17xx.a(lpc17xx_adc.o)
 .group         0x00000000        0xc /home/joaquin/Documents/MCUXpresso_25.6.136/workspace/CMSISv2p00_LPC17xx/Debug/libCMSISv2p00_LPC17xx.a(lpc17xx_adc.o)
 .text          0x00000000        0x0 /home/joaquin/Documents/MCUXpresso_25.6.136/workspace/CMSISv2p00_LPC17xx/Debug/libCMSISv2p00_LPC17xx.a(lpc17xx_adc.o)
 .data          0x00000000        0x0 /home/joaquin/Documents/MCUXpresso_25.6.136/workspace/CMSISv2p00_LPC17xx/Debug/libCMSISv2p00_LPC17xx.a(lpc17xx_adc.o)
 .bss           0x00000000        0x0 /home/joaquin/Documents/MCUXpresso_25.6.136/workspace/CMSISv2p00_LPC17xx/Debug/libCMSISv2p00_LPC17xx.a(lpc17xx_adc.o)
 .text.ADC_DeInit
                0x00000000       0x18 /home/joaquin/Documents/MCUXpresso_25.6.136/workspace/CMSISv2p00_LPC17xx/Debug/libCMSISv2p00_LPC17xx.a(lpc17xx_adc.o)
 .text.ADC_BurstDisable
                0x00000000       0x10 /home/joaquin/Documents/MCUXpresso_25.6.136/workspace/CMSISv2p00_LPC17xx/Debug/libCMSISv2p00_LPC17xx.a(lpc17xx_adc.o)
 .text.ADC_PowerUp
                0x00000000       0x10 /home/joaquin/Documents/MCUXpresso_25.6.136/workspace/CMSISv2p00_LPC17xx/Debug/libCMSISv2p00_LPC17xx.a(lpc17xx_adc.o)
 .text.ADC_PowerDown
                0x00000000       0x10 /home/joaquin/Documents/MCUXpresso_25.6.136/workspace/CMSISv2p00_LPC17xx/Debug/libCMSISv2p00_LPC17xx.a(lpc17xx_adc.o)
 .text.ADC_ChannelDisable
                0x00000000       0x28 /home/joaquin/Documents/MCUXpresso_25.6.136/workspace/CMSISv2p00_LPC17xx/Debug/libCMSISv2p00_LPC17xx.a(lpc17xx_adc.o)
 .text.ADC_EdgeStartConfig
                0x00000000       0x30 /home/joaquin/Documents/MCUXpresso_25.6.136/workspace/CMSISv2p00_LPC17xx/Debug/libCMSISv2p00_LPC17xx.a(lpc17xx_adc.o)
 .text.ADC_IntEnable
                0x00000000       0x28 /home/joaquin/Documents/MCUXpresso_25.6.136/workspace/CMSISv2p00_LPC17xx/Debug/libCMSISv2p00_LPC17xx.a(lpc17xx_adc.o)
 .text.ADC_IntDisable
                0x00000000       0x28 /home/joaquin/Documents/MCUXpresso_25.6.136/workspace/CMSISv2p00_LPC17xx/Debug/libCMSISv2p00_LPC17xx.a(lpc17xx_adc.o)
 .text.ADC_GlobalGetStatus
                0x00000000       0x30 /home/joaquin/Documents/MCUXpresso_25.6.136/workspace/CMSISv2p00_LPC17xx/Debug/libCMSISv2p00_LPC17xx.a(lpc17xx_adc.o)
 .text.ADC_ChannelGetStatus
                0x00000000       0x40 /home/joaquin/Documents/MCUXpresso_25.6.136/workspace/CMSISv2p00_LPC17xx/Debug/libCMSISv2p00_LPC17xx.a(lpc17xx_adc.o)
 .text.ADC_GlobalGetData
                0x00000000       0x10 /home/joaquin/Documents/MCUXpresso_25.6.136/workspace/CMSISv2p00_LPC17xx/Debug/libCMSISv2p00_LPC17xx.a(lpc17xx_adc.o)
 .text.ADC_ChannelGetData
                0x00000000       0x24 /home/joaquin/Documents/MCUXpresso_25.6.136/workspace/CMSISv2p00_LPC17xx/Debug/libCMSISv2p00_LPC17xx.a(lpc17xx_adc.o)
 .debug_macro   0x00000000      0xad8 /home/joaquin/Documents/MCUXpresso_25.6.136/workspace/CMSISv2p00_LPC17xx/Debug/libCMSISv2p00_LPC17xx.a(lpc17xx_adc.o)
 .debug_macro   0x00000000       0x1c /home/joaquin/Documents/MCUXpresso_25.6.136/workspace/CMSISv2p00_LPC17xx/Debug/libCMSISv2p00_LPC17xx.a(lpc17xx_adc.o)
 .debug_macro   0x00000000       0x2e /home/joaquin/Documents/MCUXpresso_25.6.136/workspace/CMSISv2p00_LPC17xx/Debug/libCMSISv2p00_LPC17xx.a(lpc17xx_adc.o)
 .debug_macro   0x00000000       0x10 /home/joaquin/Documents/MCUXpresso_25.6.136/workspace/CMSISv2p00_LPC17xx/Debug/libCMSISv2p00_LPC17xx.a(lpc17xx_adc.o)
 .debug_macro   0x00000000      0x12e /home/joaquin/Documents/MCUXpresso_25.6.136/workspace/CMSISv2p00_LPC17xx/Debug/libCMSISv2p00_LPC17xx.a(lpc17xx_adc.o)
 .debug_macro   0x00000000      0x5b3 /home/joaquin/Documents/MCUXpresso_25.6.136/workspace/CMSISv2p00_LPC17xx/Debug/libCMSISv2p00_LPC17xx.a(lpc17xx_adc.o)
 .debug_macro   0x00000000       0x18 /home/joaquin/Documents/MCUXpresso_25.6.136/workspace/CMSISv2p00_LPC17xx/Debug/libCMSISv2p00_LPC17xx.a(lpc17xx_adc.o)
 .debug_macro   0x00000000      0x7af /home/joaquin/Documents/MCUXpresso_25.6.136/workspace/CMSISv2p00_LPC17xx/Debug/libCMSISv2p00_LPC17xx.a(lpc17xx_adc.o)
 .debug_macro   0x00000000      0x2c7 /home/joaquin/Documents/MCUXpresso_25.6.136/workspace/CMSISv2p00_LPC17xx/Debug/libCMSISv2p00_LPC17xx.a(lpc17xx_adc.o)
 .debug_macro   0x00000000       0x63 /home/joaquin/Documents/MCUXpresso_25.6.136/workspace/CMSISv2p00_LPC17xx/Debug/libCMSISv2p00_LPC17xx.a(lpc17xx_adc.o)
 .debug_macro   0x00000000       0xe1 /home/joaquin/Documents/MCUXpresso_25.6.136/workspace/CMSISv2p00_LPC17xx/Debug/libCMSISv2p00_LPC17xx.a(lpc17xx_adc.o)
 .group         0x00000000        0xc /home/joaquin/Documents/MCUXpresso_25.6.136/workspace/CMSISv2p00_LPC17xx/Debug/libCMSISv2p00_LPC17xx.a(lpc17xx_clkpwr.o)
 .group         0x00000000        0xc /home/joaquin/Documents/MCUXpresso_25.6.136/workspace/CMSISv2p00_LPC17xx/Debug/libCMSISv2p00_LPC17xx.a(lpc17xx_clkpwr.o)
 .group         0x00000000        0xc /home/joaquin/Documents/MCUXpresso_25.6.136/workspace/CMSISv2p00_LPC17xx/Debug/libCMSISv2p00_LPC17xx.a(lpc17xx_clkpwr.o)
 .group         0x00000000        0xc /home/joaquin/Documents/MCUXpresso_25.6.136/workspace/CMSISv2p00_LPC17xx/Debug/libCMSISv2p00_LPC17xx.a(lpc17xx_clkpwr.o)
 .group         0x00000000        0xc /home/joaquin/Documents/MCUXpresso_25.6.136/workspace/CMSISv2p00_LPC17xx/Debug/libCMSISv2p00_LPC17xx.a(lpc17xx_clkpwr.o)
 .group         0x00000000        0xc /home/joaquin/Documents/MCUXpresso_25.6.136/workspace/CMSISv2p00_LPC17xx/Debug/libCMSISv2p00_LPC17xx.a(lpc17xx_clkpwr.o)
 .group         0x00000000        0xc /home/joaquin/Documents/MCUXpresso_25.6.136/workspace/CMSISv2p00_LPC17xx/Debug/libCMSISv2p00_LPC17xx.a(lpc17xx_clkpwr.o)
 .group         0x00000000        0xc /home/joaquin/Documents/MCUXpresso_25.6.136/workspace/CMSISv2p00_LPC17xx/Debug/libCMSISv2p00_LPC17xx.a(lpc17xx_clkpwr.o)
 .group         0x00000000        0xc /home/joaquin/Documents/MCUXpresso_25.6.136/workspace/CMSISv2p00_LPC17xx/Debug/libCMSISv2p00_LPC17xx.a(lpc17xx_clkpwr.o)
 .group         0x00000000        0xc /home/joaquin/Documents/MCUXpresso_25.6.136/workspace/CMSISv2p00_LPC17xx/Debug/libCMSISv2p00_LPC17xx.a(lpc17xx_clkpwr.o)
 .group         0x00000000        0xc /home/joaquin/Documents/MCUXpresso_25.6.136/workspace/CMSISv2p00_LPC17xx/Debug/libCMSISv2p00_LPC17xx.a(lpc17xx_clkpwr.o)
 .text          0x00000000        0x0 /home/joaquin/Documents/MCUXpresso_25.6.136/workspace/CMSISv2p00_LPC17xx/Debug/libCMSISv2p00_LPC17xx.a(lpc17xx_clkpwr.o)
 .data          0x00000000        0x0 /home/joaquin/Documents/MCUXpresso_25.6.136/workspace/CMSISv2p00_LPC17xx/Debug/libCMSISv2p00_LPC17xx.a(lpc17xx_clkpwr.o)
 .bss           0x00000000        0x0 /home/joaquin/Documents/MCUXpresso_25.6.136/workspace/CMSISv2p00_LPC17xx/Debug/libCMSISv2p00_LPC17xx.a(lpc17xx_clkpwr.o)
 .text.CLKPWR_SetPCLKDiv
                0x00000000       0x4c /home/joaquin/Documents/MCUXpresso_25.6.136/workspace/CMSISv2p00_LPC17xx/Debug/libCMSISv2p00_LPC17xx.a(lpc17xx_clkpwr.o)
 .text.CLKPWR_Sleep
                0x00000000       0x10 /home/joaquin/Documents/MCUXpresso_25.6.136/workspace/CMSISv2p00_LPC17xx/Debug/libCMSISv2p00_LPC17xx.a(lpc17xx_clkpwr.o)
 .text.CLKPWR_DeepSleep
                0x00000000       0x1c /home/joaquin/Documents/MCUXpresso_25.6.136/workspace/CMSISv2p00_LPC17xx/Debug/libCMSISv2p00_LPC17xx.a(lpc17xx_clkpwr.o)
 .text.CLKPWR_PowerDown
                0x00000000       0x1c /home/joaquin/Documents/MCUXpresso_25.6.136/workspace/CMSISv2p00_LPC17xx/Debug/libCMSISv2p00_LPC17xx.a(lpc17xx_clkpwr.o)
 .text.CLKPWR_DeepPowerDown
                0x00000000       0x1c /home/joaquin/Documents/MCUXpresso_25.6.136/workspace/CMSISv2p00_LPC17xx/Debug/libCMSISv2p00_LPC17xx.a(lpc17xx_clkpwr.o)
 .debug_macro   0x00000000      0xad8 /home/joaquin/Documents/MCUXpresso_25.6.136/workspace/CMSISv2p00_LPC17xx/Debug/libCMSISv2p00_LPC17xx.a(lpc17xx_clkpwr.o)
 .debug_macro   0x00000000       0x1c /home/joaquin/Documents/MCUXpresso_25.6.136/workspace/CMSISv2p00_LPC17xx/Debug/libCMSISv2p00_LPC17xx.a(lpc17xx_clkpwr.o)
 .debug_macro   0x00000000       0x2e /home/joaquin/Documents/MCUXpresso_25.6.136/workspace/CMSISv2p00_LPC17xx/Debug/libCMSISv2p00_LPC17xx.a(lpc17xx_clkpwr.o)
 .debug_macro   0x00000000       0x10 /home/joaquin/Documents/MCUXpresso_25.6.136/workspace/CMSISv2p00_LPC17xx/Debug/libCMSISv2p00_LPC17xx.a(lpc17xx_clkpwr.o)
 .debug_macro   0x00000000      0x12e /home/joaquin/Documents/MCUXpresso_25.6.136/workspace/CMSISv2p00_LPC17xx/Debug/libCMSISv2p00_LPC17xx.a(lpc17xx_clkpwr.o)
 .debug_macro   0x00000000      0x5b3 /home/joaquin/Documents/MCUXpresso_25.6.136/workspace/CMSISv2p00_LPC17xx/Debug/libCMSISv2p00_LPC17xx.a(lpc17xx_clkpwr.o)
 .debug_macro   0x00000000       0x18 /home/joaquin/Documents/MCUXpresso_25.6.136/workspace/CMSISv2p00_LPC17xx/Debug/libCMSISv2p00_LPC17xx.a(lpc17xx_clkpwr.o)
 .debug_macro   0x00000000      0x7af /home/joaquin/Documents/MCUXpresso_25.6.136/workspace/CMSISv2p00_LPC17xx/Debug/libCMSISv2p00_LPC17xx.a(lpc17xx_clkpwr.o)
 .debug_macro   0x00000000      0x2c7 /home/joaquin/Documents/MCUXpresso_25.6.136/workspace/CMSISv2p00_LPC17xx/Debug/libCMSISv2p00_LPC17xx.a(lpc17xx_clkpwr.o)
 .debug_macro   0x00000000       0x63 /home/joaquin/Documents/MCUXpresso_25.6.136/workspace/CMSISv2p00_LPC17xx/Debug/libCMSISv2p00_LPC17xx.a(lpc17xx_clkpwr.o)
 .debug_macro   0x00000000      0x2f1 /home/joaquin/Documents/MCUXpresso_25.6.136/workspace/CMSISv2p00_LPC17xx/Debug/libCMSISv2p00_LPC17xx.a(lpc17xx_clkpwr.o)
 .group         0x00000000        0xc /home/joaquin/Documents/MCUXpresso_25.6.136/workspace/CMSISv2p00_LPC17xx/Debug/libCMSISv2p00_LPC17xx.a(lpc17xx_dac.o)
 .group         0x00000000        0xc /home/joaquin/Documents/MCUXpresso_25.6.136/workspace/CMSISv2p00_LPC17xx/Debug/libCMSISv2p00_LPC17xx.a(lpc17xx_dac.o)
 .group         0x00000000        0xc /home/joaquin/Documents/MCUXpresso_25.6.136/workspace/CMSISv2p00_LPC17xx/Debug/libCMSISv2p00_LPC17xx.a(lpc17xx_dac.o)
 .group         0x00000000        0xc /home/joaquin/Documents/MCUXpresso_25.6.136/workspace/CMSISv2p00_LPC17xx/Debug/libCMSISv2p00_LPC17xx.a(lpc17xx_dac.o)
 .group         0x00000000        0xc /home/joaquin/Documents/MCUXpresso_25.6.136/workspace/CMSISv2p00_LPC17xx/Debug/libCMSISv2p00_LPC17xx.a(lpc17xx_dac.o)
 .group         0x00000000        0xc /home/joaquin/Documents/MCUXpresso_25.6.136/workspace/CMSISv2p00_LPC17xx/Debug/libCMSISv2p00_LPC17xx.a(lpc17xx_dac.o)
 .group         0x00000000        0xc /home/joaquin/Documents/MCUXpresso_25.6.136/workspace/CMSISv2p00_LPC17xx/Debug/libCMSISv2p00_LPC17xx.a(lpc17xx_dac.o)
 .group         0x00000000        0xc /home/joaquin/Documents/MCUXpresso_25.6.136/workspace/CMSISv2p00_LPC17xx/Debug/libCMSISv2p00_LPC17xx.a(lpc17xx_dac.o)
 .group         0x00000000        0xc /home/joaquin/Documents/MCUXpresso_25.6.136/workspace/CMSISv2p00_LPC17xx/Debug/libCMSISv2p00_LPC17xx.a(lpc17xx_dac.o)
 .group         0x00000000        0xc /home/joaquin/Documents/MCUXpresso_25.6.136/workspace/CMSISv2p00_LPC17xx/Debug/libCMSISv2p00_LPC17xx.a(lpc17xx_dac.o)
 .group         0x00000000        0xc /home/joaquin/Documents/MCUXpresso_25.6.136/workspace/CMSISv2p00_LPC17xx/Debug/libCMSISv2p00_LPC17xx.a(lpc17xx_dac.o)
 .group         0x00000000        0xc /home/joaquin/Documents/MCUXpresso_25.6.136/workspace/CMSISv2p00_LPC17xx/Debug/libCMSISv2p00_LPC17xx.a(lpc17xx_dac.o)
 .group         0x00000000        0xc /home/joaquin/Documents/MCUXpresso_25.6.136/workspace/CMSISv2p00_LPC17xx/Debug/libCMSISv2p00_LPC17xx.a(lpc17xx_dac.o)
 .text          0x00000000        0x0 /home/joaquin/Documents/MCUXpresso_25.6.136/workspace/CMSISv2p00_LPC17xx/Debug/libCMSISv2p00_LPC17xx.a(lpc17xx_dac.o)
 .data          0x00000000        0x0 /home/joaquin/Documents/MCUXpresso_25.6.136/workspace/CMSISv2p00_LPC17xx/Debug/libCMSISv2p00_LPC17xx.a(lpc17xx_dac.o)
 .bss           0x00000000        0x0 /home/joaquin/Documents/MCUXpresso_25.6.136/workspace/CMSISv2p00_LPC17xx/Debug/libCMSISv2p00_LPC17xx.a(lpc17xx_dac.o)
 .text.DAC_UpdateValue
                0x00000000       0x10 /home/joaquin/Documents/MCUXpresso_25.6.136/workspace/CMSISv2p00_LPC17xx/Debug/libCMSISv2p00_LPC17xx.a(lpc17xx_dac.o)
 .rodata.DAC_SetBias.str1.1
                0x00000000        0xe /home/joaquin/Documents/MCUXpresso_25.6.136/workspace/CMSISv2p00_LPC17xx/Debug/libCMSISv2p00_LPC17xx.a(lpc17xx_dac.o)
 .text.DAC_SetBias
                0x00000000       0x30 /home/joaquin/Documents/MCUXpresso_25.6.136/workspace/CMSISv2p00_LPC17xx/Debug/libCMSISv2p00_LPC17xx.a(lpc17xx_dac.o)
 .text.DAC_Init
                0x00000000       0x34 /home/joaquin/Documents/MCUXpresso_25.6.136/workspace/CMSISv2p00_LPC17xx/Debug/libCMSISv2p00_LPC17xx.a(lpc17xx_dac.o)
 .text.DAC_ConfigDAConverterControl
                0x00000000       0x60 /home/joaquin/Documents/MCUXpresso_25.6.136/workspace/CMSISv2p00_LPC17xx/Debug/libCMSISv2p00_LPC17xx.a(lpc17xx_dac.o)
 .text.DAC_SetDMATimeOut
                0x00000000        0xc /home/joaquin/Documents/MCUXpresso_25.6.136/workspace/CMSISv2p00_LPC17xx/Debug/libCMSISv2p00_LPC17xx.a(lpc17xx_dac.o)
 .debug_info    0x00000000      0x4a3 /home/joaquin/Documents/MCUXpresso_25.6.136/workspace/CMSISv2p00_LPC17xx/Debug/libCMSISv2p00_LPC17xx.a(lpc17xx_dac.o)
 .debug_abbrev  0x00000000      0x1a2 /home/joaquin/Documents/MCUXpresso_25.6.136/workspace/CMSISv2p00_LPC17xx/Debug/libCMSISv2p00_LPC17xx.a(lpc17xx_dac.o)
 .debug_loc     0x00000000       0x7e /home/joaquin/Documents/MCUXpresso_25.6.136/workspace/CMSISv2p00_LPC17xx/Debug/libCMSISv2p00_LPC17xx.a(lpc17xx_dac.o)
 .debug_aranges
                0x00000000       0x40 /home/joaquin/Documents/MCUXpresso_25.6.136/workspace/CMSISv2p00_LPC17xx/Debug/libCMSISv2p00_LPC17xx.a(lpc17xx_dac.o)
 .debug_ranges  0x00000000       0x30 /home/joaquin/Documents/MCUXpresso_25.6.136/workspace/CMSISv2p00_LPC17xx/Debug/libCMSISv2p00_LPC17xx.a(lpc17xx_dac.o)
 .debug_macro   0x00000000       0xb3 /home/joaquin/Documents/MCUXpresso_25.6.136/workspace/CMSISv2p00_LPC17xx/Debug/libCMSISv2p00_LPC17xx.a(lpc17xx_dac.o)
 .debug_macro   0x00000000      0xad8 /home/joaquin/Documents/MCUXpresso_25.6.136/workspace/CMSISv2p00_LPC17xx/Debug/libCMSISv2p00_LPC17xx.a(lpc17xx_dac.o)
 .debug_macro   0x00000000       0x1c /home/joaquin/Documents/MCUXpresso_25.6.136/workspace/CMSISv2p00_LPC17xx/Debug/libCMSISv2p00_LPC17xx.a(lpc17xx_dac.o)
 .debug_macro   0x00000000       0x2e /home/joaquin/Documents/MCUXpresso_25.6.136/workspace/CMSISv2p00_LPC17xx/Debug/libCMSISv2p00_LPC17xx.a(lpc17xx_dac.o)
 .debug_macro   0x00000000       0x10 /home/joaquin/Documents/MCUXpresso_25.6.136/workspace/CMSISv2p00_LPC17xx/Debug/libCMSISv2p00_LPC17xx.a(lpc17xx_dac.o)
 .debug_macro   0x00000000      0x12e /home/joaquin/Documents/MCUXpresso_25.6.136/workspace/CMSISv2p00_LPC17xx/Debug/libCMSISv2p00_LPC17xx.a(lpc17xx_dac.o)
 .debug_macro   0x00000000      0x5b3 /home/joaquin/Documents/MCUXpresso_25.6.136/workspace/CMSISv2p00_LPC17xx/Debug/libCMSISv2p00_LPC17xx.a(lpc17xx_dac.o)
 .debug_macro   0x00000000       0x18 /home/joaquin/Documents/MCUXpresso_25.6.136/workspace/CMSISv2p00_LPC17xx/Debug/libCMSISv2p00_LPC17xx.a(lpc17xx_dac.o)
 .debug_macro   0x00000000      0x7af /home/joaquin/Documents/MCUXpresso_25.6.136/workspace/CMSISv2p00_LPC17xx/Debug/libCMSISv2p00_LPC17xx.a(lpc17xx_dac.o)
 .debug_macro   0x00000000      0x2c7 /home/joaquin/Documents/MCUXpresso_25.6.136/workspace/CMSISv2p00_LPC17xx/Debug/libCMSISv2p00_LPC17xx.a(lpc17xx_dac.o)
 .debug_macro   0x00000000       0x63 /home/joaquin/Documents/MCUXpresso_25.6.136/workspace/CMSISv2p00_LPC17xx/Debug/libCMSISv2p00_LPC17xx.a(lpc17xx_dac.o)
 .debug_macro   0x00000000       0x3a /home/joaquin/Documents/MCUXpresso_25.6.136/workspace/CMSISv2p00_LPC17xx/Debug/libCMSISv2p00_LPC17xx.a(lpc17xx_dac.o)
 .debug_macro   0x00000000      0x2f1 /home/joaquin/Documents/MCUXpresso_25.6.136/workspace/CMSISv2p00_LPC17xx/Debug/libCMSISv2p00_LPC17xx.a(lpc17xx_dac.o)
 .debug_macro   0x00000000       0xdd /home/joaquin/Documents/MCUXpresso_25.6.136/workspace/CMSISv2p00_LPC17xx/Debug/libCMSISv2p00_LPC17xx.a(lpc17xx_dac.o)
 .debug_line    0x00000000      0x3c1 /home/joaquin/Documents/MCUXpresso_25.6.136/workspace/CMSISv2p00_LPC17xx/Debug/libCMSISv2p00_LPC17xx.a(lpc17xx_dac.o)
 .debug_str     0x00000000     0x9f23 /home/joaquin/Documents/MCUXpresso_25.6.136/workspace/CMSISv2p00_LPC17xx/Debug/libCMSISv2p00_LPC17xx.a(lpc17xx_dac.o)
 .comment       0x00000000       0x46 /home/joaquin/Documents/MCUXpresso_25.6.136/workspace/CMSISv2p00_LPC17xx/Debug/libCMSISv2p00_LPC17xx.a(lpc17xx_dac.o)
 .debug_frame   0x00000000       0x7c /home/joaquin/Documents/MCUXpresso_25.6.136/workspace/CMSISv2p00_LPC17xx/Debug/libCMSISv2p00_LPC17xx.a(lpc17xx_dac.o)
 .ARM.attributes
                0x00000000       0x2d /home/joaquin/Documents/MCUXpresso_25.6.136/workspace/CMSISv2p00_LPC17xx/Debug/libCMSISv2p00_LPC17xx.a(lpc17xx_dac.o)
 .group         0x00000000        0xc /home/joaquin/Documents/MCUXpresso_25.6.136/workspace/CMSISv2p00_LPC17xx/Debug/libCMSISv2p00_LPC17xx.a(lpc17xx_libcfg_default.o)
 .group         0x00000000        0xc /home/joaquin/Documents/MCUXpresso_25.6.136/workspace/CMSISv2p00_LPC17xx/Debug/libCMSISv2p00_LPC17xx.a(lpc17xx_libcfg_default.o)
 .group         0x00000000        0xc /home/joaquin/Documents/MCUXpresso_25.6.136/workspace/CMSISv2p00_LPC17xx/Debug/libCMSISv2p00_LPC17xx.a(lpc17xx_libcfg_default.o)
 .group         0x00000000        0xc /home/joaquin/Documents/MCUXpresso_25.6.136/workspace/CMSISv2p00_LPC17xx/Debug/libCMSISv2p00_LPC17xx.a(lpc17xx_libcfg_default.o)
 .group         0x00000000        0xc /home/joaquin/Documents/MCUXpresso_25.6.136/workspace/CMSISv2p00_LPC17xx/Debug/libCMSISv2p00_LPC17xx.a(lpc17xx_libcfg_default.o)
 .group         0x00000000        0xc /home/joaquin/Documents/MCUXpresso_25.6.136/workspace/CMSISv2p00_LPC17xx/Debug/libCMSISv2p00_LPC17xx.a(lpc17xx_libcfg_default.o)
 .text          0x00000000        0x0 /home/joaquin/Documents/MCUXpresso_25.6.136/workspace/CMSISv2p00_LPC17xx/Debug/libCMSISv2p00_LPC17xx.a(lpc17xx_libcfg_default.o)
 .data          0x00000000        0x0 /home/joaquin/Documents/MCUXpresso_25.6.136/workspace/CMSISv2p00_LPC17xx/Debug/libCMSISv2p00_LPC17xx.a(lpc17xx_libcfg_default.o)
 .bss           0x00000000        0x0 /home/joaquin/Documents/MCUXpresso_25.6.136/workspace/CMSISv2p00_LPC17xx/Debug/libCMSISv2p00_LPC17xx.a(lpc17xx_libcfg_default.o)
 .debug_macro   0x00000000      0xad8 /home/joaquin/Documents/MCUXpresso_25.6.136/workspace/CMSISv2p00_LPC17xx/Debug/libCMSISv2p00_LPC17xx.a(lpc17xx_libcfg_default.o)
 .debug_macro   0x00000000       0x10 /home/joaquin/Documents/MCUXpresso_25.6.136/workspace/CMSISv2p00_LPC17xx/Debug/libCMSISv2p00_LPC17xx.a(lpc17xx_libcfg_default.o)
 .debug_macro   0x00000000      0x12e /home/joaquin/Documents/MCUXpresso_25.6.136/workspace/CMSISv2p00_LPC17xx/Debug/libCMSISv2p00_LPC17xx.a(lpc17xx_libcfg_default.o)
 .debug_macro   0x00000000      0x5b3 /home/joaquin/Documents/MCUXpresso_25.6.136/workspace/CMSISv2p00_LPC17xx/Debug/libCMSISv2p00_LPC17xx.a(lpc17xx_libcfg_default.o)
 .text          0x00000000        0x0 /usr/local/mcuxpressoide-25.6.136/ide/plugins/com.nxp.mcuxpresso.tools.linux_25.6.0.202501151204/tools/bin/../lib/gcc/arm-none-eabi/14.2.1/../../../../arm-none-eabi/lib/thumb/v7-m/nofp/libcr_c.a(__weak__main.o)
 .data          0x00000000        0x0 /usr/local/mcuxpressoide-25.6.136/ide/plugins/com.nxp.mcuxpresso.tools.linux_25.6.0.202501151204/tools/bin/../lib/gcc/arm-none-eabi/14.2.1/../../../../arm-none-eabi/lib/thumb/v7-m/nofp/libcr_c.a(__weak__main.o)
 .bss           0x00000000        0x0 /usr/local/mcuxpressoide-25.6.136/ide/plugins/com.nxp.mcuxpresso.tools.linux_25.6.0.202501151204/tools/bin/../lib/gcc/arm-none-eabi/14.2.1/../../../../arm-none-eabi/lib/thumb/v7-m/nofp/libcr_c.a(__weak__main.o)
 .text          0x00000000        0x0 /usr/local/mcuxpressoide-25.6.136/ide/plugins/com.nxp.mcuxpresso.tools.linux_25.6.0.202501151204/tools/bin/../lib/gcc/arm-none-eabi/14.2.1/thumb/v7-m/nofp/libcr_eabihelpers.a(division_64.o)
 .data          0x00000000        0x0 /usr/local/mcuxpressoide-25.6.136/ide/plugins/com.nxp.mcuxpresso.tools.linux_25.6.0.202501151204/tools/bin/../lib/gcc/arm-none-eabi/14.2.1/thumb/v7-m/nofp/libcr_eabihelpers.a(division_64.o)
 .bss           0x00000000        0x0 /usr/local/mcuxpressoide-25.6.136/ide/plugins/com.nxp.mcuxpresso.tools.linux_25.6.0.202501151204/tools/bin/../lib/gcc/arm-none-eabi/14.2.1/thumb/v7-m/nofp/libcr_eabihelpers.a(division_64.o)
 .text.__aeabi_division_ldivmod
                0x00000000       0x26 /usr/local/mcuxpressoide-25.6.136/ide/plugins/com.nxp.mcuxpresso.tools.linux_25.6.0.202501151204/tools/bin/../lib/gcc/arm-none-eabi/14.2.1/thumb/v7-m/nofp/libcr_eabihelpers.a(division_64.o)
 .text.__aeabi_division_uldivmod
                0x00000000      0x174 /usr/local/mcuxpressoide-25.6.136/ide/plugins/com.nxp.mcuxpresso.tools.linux_25.6.0.202501151204/tools/bin/../lib/gcc/arm-none-eabi/14.2.1/thumb/v7-m/nofp/libcr_eabihelpers.a(division_64.o)
 .ARM.attributes
                0x00000000       0x1b /usr/local/mcuxpressoide-25.6.136/ide/plugins/com.nxp.mcuxpresso.tools.linux_25.6.0.202501151204/tools/bin/../lib/gcc/arm-none-eabi/14.2.1/thumb/v7-m/nofp/libcr_eabihelpers.a(division_64.o)
 .text          0x00000000        0x0 /usr/local/mcuxpressoide-25.6.136/ide/plugins/com.nxp.mcuxpresso.tools.linux_25.6.0.202501151204/tools/bin/../lib/gcc/arm-none-eabi/14.2.1/thumb/v7-m/nofp/libcr_eabihelpers.a(division_idiv0.o)
 .data          0x00000000        0x0 /usr/local/mcuxpressoide-25.6.136/ide/plugins/com.nxp.mcuxpresso.tools.linux_25.6.0.202501151204/tools/bin/../lib/gcc/arm-none-eabi/14.2.1/thumb/v7-m/nofp/libcr_eabihelpers.a(division_idiv0.o)
 .bss           0x00000000        0x0 /usr/local/mcuxpressoide-25.6.136/ide/plugins/com.nxp.mcuxpresso.tools.linux_25.6.0.202501151204/tools/bin/../lib/gcc/arm-none-eabi/14.2.1/thumb/v7-m/nofp/libcr_eabihelpers.a(division_idiv0.o)
 .text.__aeabi_division_idiv0
                0x00000000        0x2 /usr/local/mcuxpressoide-25.6.136/ide/plugins/com.nxp.mcuxpresso.tools.linux_25.6.0.202501151204/tools/bin/../lib/gcc/arm-none-eabi/14.2.1/thumb/v7-m/nofp/libcr_eabihelpers.a(division_idiv0.o)
 .ARM.attributes
                0x00000000       0x1b /usr/local/mcuxpressoide-25.6.136/ide/plugins/com.nxp.mcuxpresso.tools.linux_25.6.0.202501151204/tools/bin/../lib/gcc/arm-none-eabi/14.2.1/thumb/v7-m/nofp/libcr_eabihelpers.a(division_idiv0.o)

Memory Configuration

Name             Origin             Length             Attributes
MFlash512        0x00000000         0x00080000         xr
RamLoc32         0x10000000         0x00008000         xrw
RamAHB32         0x2007c000         0x00008000         xrw
*default*        0x00000000         0xffffffff

Linker script and memory map

LOAD ./src/thermal_control/thermal_control.o
LOAD ./src/sensors/temperature_sensor.o
LOAD ./src/plataform/adc_lpc1769.o
LOAD ./src/plataform/dac_lpc1769.o
LOAD ./src/plataform/dma_lpc1769.o
LOAD ./src/plataform/timer_lpc1769.o
LOAD ./src/plataform/uart_lpc1769.o
LOAD ./src/communication/uart_commands.o
LOAD ./src/actuators/fan.o
LOAD ./src/cr_startup_lpc175x_6x.o
LOAD ./src/crp.o
LOAD ./src/main.o
LOAD /home/joaquin/Documents/MCUXpresso_25.6.136/workspace/CMSISv2p00_LPC17xx/Debug/libCMSISv2p00_LPC17xx.a
START GROUP
LOAD /usr/local/mcuxpressoide-25.6.136/ide/plugins/com.nxp.mcuxpresso.tools.linux_25.6.0.202501151204/tools/bin/../lib/gcc/arm-none-eabi/14.2.1/../../../../arm-none-eabi/lib/thumb/v7-m/nofp/libcr_c.a
LOAD /usr/local/mcuxpressoide-25.6.136/ide/plugins/com.nxp.mcuxpresso.tools.linux_25.6.0.202501151204/tools/bin/../lib/gcc/arm-none-eabi/14.2.1/thumb/v7-m/nofp/libcr_eabihelpers.a
LOAD /usr/local/mcuxpressoide-25.6.136/ide/plugins/com.nxp.mcuxpresso.tools.linux_25.6.0.202501151204/tools/bin/../lib/gcc/arm-none-eabi/14.2.1/thumb/v7-m/nofp/libgcc.a
END GROUP
                0x00000000                        __base_MFlash512 = 0x0
                0x00000000                        __base_Flash = 0x0
                0x00080000                        __top_MFlash512 = 0x80000
                0x00080000                        __top_Flash = 0x80000
                0x10000000                        __base_RamLoc32 = 0x10000000
                0x10000000                        __base_RAM = 0x10000000
                0x10008000                        __top_RamLoc32 = 0x10008000
                0x10008000                        __top_RAM = 0x10008000
                0x2007c000                        __base_RamAHB32 = 0x2007c000
                0x2007c000                        __base_RAM2 = 0x2007c000
                0x20084000                        __top_RamAHB32 = 0x20084000
                0x20084000                        __top_RAM2 = 0x20084000

.text           0x00000000      0x654
 FILL mask 0xff
                0x00000000                        __vectors_start__ = ABSOLUTE (.)
 *(.isr_vector)
 .isr_vector    0x00000000       0xcc ./src/cr_startup_lpc175x_6x.o
                0x00000000                g_pfnVectors
                0x000000cc                        . = ALIGN (0x4)
                0x000000cc                        __section_table_start = .
                0x000000cc                        __data_section_table = .
                0x000000cc        0x4 LONG 0x654 LOADADDR (.data)
                0x000000d0        0x4 LONG 0x10000000 ADDR (.data)
                0x000000d4        0x4 LONG 0x4 SIZEOF (.data)
                0x000000d8        0x4 LONG 0x654 LOADADDR (.data_RAM2)
                0x000000dc        0x4 LONG 0x2007c000 ADDR (.data_RAM2)
                0x000000e0        0x4 LONG 0x0 SIZEOF (.data_RAM2)
                0x000000e4                        __data_section_table_end = .
                0x000000e4                        __bss_section_table = .
                0x000000e4        0x4 LONG 0x10000004 ADDR (.bss)
                0x000000e8        0x4 LONG 0x0 SIZEOF (.bss)
                0x000000ec        0x4 LONG 0x2007c000 ADDR (.bss_RAM2)
                0x000000f0        0x4 LONG 0x0 SIZEOF (.bss_RAM2)
                0x000000f4                        __bss_section_table_end = .
                0x000000f4                        __section_table_end = .
 *(.after_vectors*)
 .after_vectors
                0x000000f4      0x148 ./src/cr_startup_lpc175x_6x.o
                0x000000f4                data_init
                0x00000138                bss_init
                0x00000170                ResetISR
                0x000001ec                NMI_Handler
                0x000001f4                HardFault_Handler
                0x000001fc                MemManage_Handler
                0x00000204                BusFault_Handler
                0x0000020c                UsageFault_Handler
                0x00000214                SVC_Handler
                0x0000021c                DebugMon_Handler
                0x00000224                PendSV_Handler
                0x0000022c                SysTick_Handler
                0x00000234                TIMER2_IRQHandler
                0x00000234                RIT_IRQHandler
                0x00000234                I2C0_IRQHandler
                0x00000234                USBActivity_IRQHandler
                0x00000234                PWM1_IRQHandler
                0x00000234                I2C1_IRQHandler
                0x00000234                EINT2_IRQHandler
                0x00000234                UART1_IRQHandler
                0x00000234                EINT3_IRQHandler
                0x00000234                CANActivity_IRQHandler
                0x00000234                TIMER3_IRQHandler
                0x00000234                UART0_IRQHandler
                0x00000234                IntDefaultHandler
                0x00000234                PLL0_IRQHandler
                0x00000234                CAN_IRQHandler
                0x00000234                PLL1_IRQHandler
                0x00000234                SSP0_IRQHandler
                0x00000234                I2S_IRQHandler
                0x00000234                I2C2_IRQHandler
                0x00000234                RTC_IRQHandler
                0x00000234                TIMER0_IRQHandler
                0x00000234                SPI_IRQHandler
                0x00000234                EINT1_IRQHandler
                0x00000234                TIMER1_IRQHandler
                0x00000234                UART2_IRQHandler
                0x00000234                ADC_IRQHandler
                0x00000234                SSP1_IRQHandler
                0x00000234                USB_IRQHandler
                0x00000234                BOD_IRQHandler
                0x00000234                WDT_IRQHandler
                0x00000234                QEI_IRQHandler
                0x00000234                EINT0_IRQHandler
                0x00000234                DMA_IRQHandler
                0x00000234                UART3_IRQHandler
                0x00000234                MCPWM_IRQHandler
                0x00000234                ENET_IRQHandler
                0x000002fc                        . = 0x2fc
 *fill*         0x0000023c       0xc0 ff
                0x000002fc                        PROVIDE (__CRP_WORD_START__ = .)
 *(.crp)
 .crp           0x000002fc        0x4 ./src/crp.o
                0x000002fc                CRP_WORD
                0x00000300                        PROVIDE (__CRP_WORD_END__ = .)
                0x00000001                        ASSERT (! ((__CRP_WORD_START__ == __CRP_WORD_END__)), Linker CRP Enabled, but no CRP_WORD provided within application)
 *(.text*)
 .text.configAdc
                0x00000300       0x24 ./src/plataform/adc_lpc1769.o
                0x00000300                configAdc
 .text.configTimer
                0x00000324        0xc ./src/plataform/timer_lpc1769.o
                0x00000324                configTimer
 .text.configUart
                0x00000330        0xc ./src/plataform/uart_lpc1769.o
                0x00000330                configUart
 .text.main     0x0000033c       0x14 ./src/main.o
                0x0000033c                main
 .text.SystemInit
                0x00000350       0xd8 /home/joaquin/Documents/MCUXpresso_25.6.136/workspace/CMSISv2p00_LPC17xx/Debug/libCMSISv2p00_LPC17xx.a(system_LPC17xx.o)
                0x00000350                SystemInit
 .text.ADC_Init
                0x00000428       0x50 /home/joaquin/Documents/MCUXpresso_25.6.136/workspace/CMSISv2p00_LPC17xx/Debug/libCMSISv2p00_LPC17xx.a(lpc17xx_adc.o)
                0x00000428                ADC_Init
 .text.ADC_PinConfig
                0x00000478       0xe8 /home/joaquin/Documents/MCUXpresso_25.6.136/workspace/CMSISv2p00_LPC17xx/Debug/libCMSISv2p00_LPC17xx.a(lpc17xx_adc.o)
                0x00000478                ADC_PinConfig
 .text.ADC_BurstEnable
                0x00000560       0x10 /home/joaquin/Documents/MCUXpresso_25.6.136/workspace/CMSISv2p00_LPC17xx/Debug/libCMSISv2p00_LPC17xx.a(lpc17xx_adc.o)
                0x00000560                ADC_BurstEnable
 .text.ADC_StartCmd
                0x00000570       0x2c /home/joaquin/Documents/MCUXpresso_25.6.136/workspace/CMSISv2p00_LPC17xx/Debug/libCMSISv2p00_LPC17xx.a(lpc17xx_adc.o)
                0x00000570                ADC_StartCmd
 .text.ADC_ChannelEnable
                0x0000059c       0x28 /home/joaquin/Documents/MCUXpresso_25.6.136/workspace/CMSISv2p00_LPC17xx/Debug/libCMSISv2p00_LPC17xx.a(lpc17xx_adc.o)
                0x0000059c                ADC_ChannelEnable
 .text.CLKPWR_GetPCLKSEL
                0x000005c4       0x20 /home/joaquin/Documents/MCUXpresso_25.6.136/workspace/CMSISv2p00_LPC17xx/Debug/libCMSISv2p00_LPC17xx.a(lpc17xx_clkpwr.o)
                0x000005c4                CLKPWR_GetPCLKSEL
 .text.CLKPWR_GetPCLK
                0x000005e4       0x24 /home/joaquin/Documents/MCUXpresso_25.6.136/workspace/CMSISv2p00_LPC17xx/Debug/libCMSISv2p00_LPC17xx.a(lpc17xx_clkpwr.o)
                0x000005e4                CLKPWR_GetPCLK
 .text.CLKPWR_ConfigPPWR
                0x00000608       0x34 /home/joaquin/Documents/MCUXpresso_25.6.136/workspace/CMSISv2p00_LPC17xx/Debug/libCMSISv2p00_LPC17xx.a(lpc17xx_clkpwr.o)
                0x00000608                CLKPWR_ConfigPPWR
 .text.check_failed
                0x0000063c        0x2 /home/joaquin/Documents/MCUXpresso_25.6.136/workspace/CMSISv2p00_LPC17xx/Debug/libCMSISv2p00_LPC17xx.a(lpc17xx_libcfg_default.o)
                0x0000063c                check_failed
 .text.__weak_main
                0x0000063e        0x4 /usr/local/mcuxpressoide-25.6.136/ide/plugins/com.nxp.mcuxpresso.tools.linux_25.6.0.202501151204/tools/bin/../lib/gcc/arm-none-eabi/14.2.1/../../../../arm-none-eabi/lib/thumb/v7-m/nofp/libcr_c.a(__weak__main.o)
                0x0000063e                __main
                0x0000063e                __weak_main
 *(.rodata .rodata.* .constdata .constdata.*)
 .rodata.ADC_Init.str1.1
                0x00000642        0xe /home/joaquin/Documents/MCUXpresso_25.6.136/workspace/CMSISv2p00_LPC17xx/Debug/libCMSISv2p00_LPC17xx.a(lpc17xx_adc.o)
 .rodata.CSWTCH.5
                0x00000650        0x3 /home/joaquin/Documents/MCUXpresso_25.6.136/workspace/CMSISv2p00_LPC17xx/Debug/libCMSISv2p00_LPC17xx.a(lpc17xx_clkpwr.o)
                0x00000654                        . = ALIGN (0x4)
 *fill*         0x00000653        0x1 ff

.glue_7         0x00000654        0x0
 .glue_7        0x00000654        0x0 linker stubs

.glue_7t        0x00000654        0x0
 .glue_7t       0x00000654        0x0 linker stubs

.vfp11_veneer   0x00000654        0x0
 .vfp11_veneer  0x00000654        0x0 linker stubs

.v4_bx          0x00000654        0x0
 .v4_bx         0x00000654        0x0 linker stubs

.iplt           0x00000654        0x0
 .iplt          0x00000654        0x0 ./src/plataform/adc_lpc1769.o

.rel.dyn        0x00000654        0x0
 .rel.iplt      0x00000654        0x0 ./src/plataform/adc_lpc1769.o

.ARM.extab
 *(.ARM.extab* .gnu.linkonce.armextab.*)

.ARM.exidx      0x00000654        0x0
                0x00000654                        __exidx_start = .
 *(.ARM.exidx* .gnu.linkonce.armexidx.*)
                0x00000654                        __exidx_end = .
                0x00000654                        _etext = .

.data_RAM2      0x2007c000        0x0 load address 0x00000654
 FILL mask 0xff
                [!provide]                        PROVIDE (__start_data_RAM2 = .)
                [!provide]                        PROVIDE (__start_data_RamAHB32 = .)
 *(.ramfunc.$RAM2)
 *(.ramfunc.$RamAHB32)
 *(.data.$RAM2)
 *(.data.$RamAHB32)
 *(.data.$RAM2.*)
 *(.data.$RamAHB32.*)
                0x2007c000                        . = ALIGN (0x4)
                [!provide]                        PROVIDE (__end_data_RAM2 = .)
                [!provide]                        PROVIDE (__end_data_RamAHB32 = .)

.uninit_RESERVED
                0x10000000        0x0
                0x10000000                        _start_uninit_RESERVED = .
 *(.bss.$RESERVED*)
                0x10000000                        . = ALIGN (0x4)
                0x10000000                        _end_uninit_RESERVED = .

.data           0x10000000        0x4 load address 0x00000654
 FILL mask 0xff
                0x10000000                        _data = .
                [!provide]                        PROVIDE (__start_data_RAM = .)
                [!provide]                        PROVIDE (__start_data_RamLoc32 = .)
 *(vtable)
 *(.ramfunc*)
 *(CodeQuickAccess)
 *(DataQuickAccess)
 *(RamFunction)
 *(.data*)
 .data.SystemCoreClock
                0x10000000        0x4 /home/joaquin/Documents/MCUXpresso_25.6.136/workspace/CMSISv2p00_LPC17xx/Debug/libCMSISv2p00_LPC17xx.a(system_LPC17xx.o)
                0x10000000                SystemCoreClock
                0x10000004                        . = ALIGN (0x4)
                0x10000004                        _edata = .
                [!provide]                        PROVIDE (__end_data_RAM = .)
                [!provide]                        PROVIDE (__end_data_RamLoc32 = .)

.igot.plt       0x10000004        0x0 load address 0x00000658
 .igot.plt      0x10000004        0x0 ./src/plataform/adc_lpc1769.o

.bss_RAM2       0x2007c000        0x0
                [!provide]                        PROVIDE (__start_bss_RAM2 = .)
                [!provide]                        PROVIDE (__start_bss_RamAHB32 = .)
 *(.bss.$RAM2)
 *(.bss.$RamAHB32)
 *(.bss.$RAM2.*)
 *(.bss.$RamAHB32.*)
                0x2007c000                        . = ALIGN ((. != 0x0)?0x4:0x1)
                [!provide]                        PROVIDE (__end_bss_RAM2 = .)
                [!provide]                        PROVIDE (__end_bss_RamAHB32 = .)

.bss            0x10000004        0x0
                0x10000004                        _bss = .
                [!provide]                        PROVIDE (__start_bss_RAM = .)
                [!provide]                        PROVIDE (__start_bss_RamLoc32 = .)
 *(.bss*)
 *(COMMON)
                0x10000004                        . = ALIGN (0x4)
                0x10000004                        _ebss = .
                [!provide]                        PROVIDE (__end_bss_RAM = .)
                [!provide]                        PROVIDE (__end_bss_RamLoc32 = .)
                [!provide]                        PROVIDE (end = .)

.noinit_RAM2    0x2007c000        0x0
                [!provide]                        PROVIDE (__start_noinit_RAM2 = .)
                [!provide]                        PROVIDE (__start_noinit_RamAHB32 = .)
 *(.noinit.$RAM2)
 *(.noinit.$RamAHB32)
 *(.noinit.$RAM2.*)
 *(.noinit.$RamAHB32.*)
                0x2007c000                        . = ALIGN (0x4)
                [!provide]                        PROVIDE (__end_noinit_RAM2 = .)
                [!provide]                        PROVIDE (__end_noinit_RamAHB32 = .)

.noinit         0x10000004        0x0
                0x10000004                        _noinit = .
                [!provide]                        PROVIDE (__start_noinit_RAM = .)
                [!provide]                        PROVIDE (__start_noinit_RamLoc32 = .)
 *(.noinit*)
                0x10000004                        . = ALIGN (0x4)
                0x10000004                        _end_noinit = .
                [!provide]                        PROVIDE (__end_noinit_RAM = .)
                [!provide]                        PROVIDE (__end_noinit_RamLoc32 = .)
                [!provide]                        PROVIDE (_pvHeapStart = DEFINED (__user_heap_base)?__user_heap_base:.)
                0x10008000                        PROVIDE (_vStackTop = DEFINED (__user_stack_top)?__user_stack_top:(__top_RamLoc32 - 0x0))
                0xefff749e                        PROVIDE (__valid_user_code_checksum = (0x0 - ((((((_vStackTop + (ResetISR + 0x1)) + (NMI_Handler + 0x1)) + (HardFault_Handler + 0x1)) + (DEFINED (MemManage_Handler)?MemManage_Handler:0x0 + 0x1)) + (DEFINED (BusFault_Handler)?BusFault_Handler:0x0 + 0x1)) + (DEFINED (UsageFault_Handler)?UsageFault_Handler:0x0 + 0x1))))
                0x00000000                        _image_start = LOADADDR (.text)
                0x00000658                        _image_end = (LOADADDR (.data) + SIZEOF (.data))
                0x00000658                        _image_size = (_image_end - _image_start)
OUTPUT(control_termico_automatico.axf elf32-littlearm)
LOAD linker stubs

.debug_info     0x00000000     0x1a66
 .debug_info    0x00000000      0x172 ./src/plataform/adc_lpc1769.o
 .debug_info    0x00000172       0x89 ./src/plataform/timer_lpc1769.o
 .debug_info    0x000001fb       0x89 ./src/plataform/uart_lpc1769.o
 .debug_info    0x00000284      0x2a5 ./src/cr_startup_lpc175x_6x.o
 .debug_info    0x00000529       0x40 ./src/crp.o
 .debug_info    0x00000569       0x9e ./src/main.o
 .debug_info    0x00000607      0x347 /home/joaquin/Documents/MCUXpresso_25.6.136/workspace/CMSISv2p00_LPC17xx/Debug/libCMSISv2p00_LPC17xx.a(system_LPC17xx.o)
 .debug_info    0x0000094e      0x930 /home/joaquin/Documents/MCUXpresso_25.6.136/workspace/CMSISv2p00_LPC17xx/Debug/libCMSISv2p00_LPC17xx.a(lpc17xx_adc.o)
 .debug_info    0x0000127e      0x6ca /home/joaquin/Documents/MCUXpresso_25.6.136/workspace/CMSISv2p00_LPC17xx/Debug/libCMSISv2p00_LPC17xx.a(lpc17xx_clkpwr.o)
 .debug_info    0x00001948       0xd4 /home/joaquin/Documents/MCUXpresso_25.6.136/workspace/CMSISv2p00_LPC17xx/Debug/libCMSISv2p00_LPC17xx.a(lpc17xx_libcfg_default.o)
 .debug_info    0x00001a1c       0x4a /usr/local/mcuxpressoide-25.6.136/ide/plugins/com.nxp.mcuxpresso.tools.linux_25.6.0.202501151204/tools/bin/../lib/gcc/arm-none-eabi/14.2.1/../../../../arm-none-eabi/lib/thumb/v7-m/nofp/libcr_c.a(__weak__main.o)

.debug_abbrev   0x00000000      0x8fe
 .debug_abbrev  0x00000000       0xb6 ./src/plataform/adc_lpc1769.o
 .debug_abbrev  0x000000b6       0x47 ./src/plataform/timer_lpc1769.o
 .debug_abbrev  0x000000fd       0x47 ./src/plataform/uart_lpc1769.o
 .debug_abbrev  0x00000144      0x14d ./src/cr_startup_lpc175x_6x.o
 .debug_abbrev  0x00000291       0x38 ./src/crp.o
 .debug_abbrev  0x000002c9       0x5c ./src/main.o
 .debug_abbrev  0x00000325      0x10e /home/joaquin/Documents/MCUXpresso_25.6.136/workspace/CMSISv2p00_LPC17xx/Debug/libCMSISv2p00_LPC17xx.a(system_LPC17xx.o)
 .debug_abbrev  0x00000433      0x205 /home/joaquin/Documents/MCUXpresso_25.6.136/workspace/CMSISv2p00_LPC17xx/Debug/libCMSISv2p00_LPC17xx.a(lpc17xx_adc.o)
 .debug_abbrev  0x00000638      0x202 /home/joaquin/Documents/MCUXpresso_25.6.136/workspace/CMSISv2p00_LPC17xx/Debug/libCMSISv2p00_LPC17xx.a(lpc17xx_clkpwr.o)
 .debug_abbrev  0x0000083a       0x75 /home/joaquin/Documents/MCUXpresso_25.6.136/workspace/CMSISv2p00_LPC17xx/Debug/libCMSISv2p00_LPC17xx.a(lpc17xx_libcfg_default.o)
 .debug_abbrev  0x000008af       0x4f /usr/local/mcuxpressoide-25.6.136/ide/plugins/com.nxp.mcuxpresso.tools.linux_25.6.0.202501151204/tools/bin/../lib/gcc/arm-none-eabi/14.2.1/../../../../arm-none-eabi/lib/thumb/v7-m/nofp/libcr_c.a(__weak__main.o)

.debug_aranges  0x00000000      0x278
 .debug_aranges
                0x00000000       0x20 ./src/plataform/adc_lpc1769.o
 .debug_aranges
                0x00000020       0x20 ./src/plataform/timer_lpc1769.o
 .debug_aranges
                0x00000040       0x20 ./src/plataform/uart_lpc1769.o
 .debug_aranges
                0x00000060       0x80 ./src/cr_startup_lpc175x_6x.o
 .debug_aranges
                0x000000e0       0x18 ./src/crp.o
 .debug_aranges
                0x000000f8       0x20 ./src/main.o
 .debug_aranges
                0x00000118       0x28 /home/joaquin/Documents/MCUXpresso_25.6.136/workspace/CMSISv2p00_LPC17xx/Debug/libCMSISv2p00_LPC17xx.a(system_LPC17xx.o)
 .debug_aranges
                0x00000140       0xa0 /home/joaquin/Documents/MCUXpresso_25.6.136/workspace/CMSISv2p00_LPC17xx/Debug/libCMSISv2p00_LPC17xx.a(lpc17xx_adc.o)
 .debug_aranges
                0x000001e0       0x58 /home/joaquin/Documents/MCUXpresso_25.6.136/workspace/CMSISv2p00_LPC17xx/Debug/libCMSISv2p00_LPC17xx.a(lpc17xx_clkpwr.o)
 .debug_aranges
                0x00000238       0x20 /home/joaquin/Documents/MCUXpresso_25.6.136/workspace/CMSISv2p00_LPC17xx/Debug/libCMSISv2p00_LPC17xx.a(lpc17xx_libcfg_default.o)
 .debug_aranges
                0x00000258       0x20 /usr/local/mcuxpressoide-25.6.136/ide/plugins/com.nxp.mcuxpresso.tools.linux_25.6.0.202501151204/tools/bin/../lib/gcc/arm-none-eabi/14.2.1/../../../../arm-none-eabi/lib/thumb/v7-m/nofp/libcr_c.a(__weak__main.o)

.debug_ranges   0x00000000      0x1c0
 .debug_ranges  0x00000000       0x10 ./src/plataform/adc_lpc1769.o
 .debug_ranges  0x00000010       0x10 ./src/plataform/timer_lpc1769.o
 .debug_ranges  0x00000020       0x10 ./src/plataform/uart_lpc1769.o
 .debug_ranges  0x00000030       0x70 ./src/cr_startup_lpc175x_6x.o
 .debug_ranges  0x000000a0       0x10 ./src/main.o
 .debug_ranges  0x000000b0       0x18 /home/joaquin/Documents/MCUXpresso_25.6.136/workspace/CMSISv2p00_LPC17xx/Debug/libCMSISv2p00_LPC17xx.a(system_LPC17xx.o)
 .debug_ranges  0x000000c8       0x90 /home/joaquin/Documents/MCUXpresso_25.6.136/workspace/CMSISv2p00_LPC17xx/Debug/libCMSISv2p00_LPC17xx.a(lpc17xx_adc.o)
 .debug_ranges  0x00000158       0x48 /home/joaquin/Documents/MCUXpresso_25.6.136/workspace/CMSISv2p00_LPC17xx/Debug/libCMSISv2p00_LPC17xx.a(lpc17xx_clkpwr.o)
 .debug_ranges  0x000001a0       0x10 /home/joaquin/Documents/MCUXpresso_25.6.136/workspace/CMSISv2p00_LPC17xx/Debug/libCMSISv2p00_LPC17xx.a(lpc17xx_libcfg_default.o)
 .debug_ranges  0x000001b0       0x10 /usr/local/mcuxpressoide-25.6.136/ide/plugins/com.nxp.mcuxpresso.tools.linux_25.6.0.202501151204/tools/bin/../lib/gcc/arm-none-eabi/14.2.1/../../../../arm-none-eabi/lib/thumb/v7-m/nofp/libcr_c.a(__weak__main.o)

.debug_macro    0x00000000     0x2d4c
 .debug_macro   0x00000000       0x97 ./src/plataform/adc_lpc1769.o
 .debug_macro   0x00000097       0x1c ./src/plataform/adc_lpc1769.o
 .debug_macro   0x000000b3       0x2e ./src/plataform/adc_lpc1769.o
 .debug_macro   0x000000e1       0x10 ./src/plataform/adc_lpc1769.o
 .debug_macro   0x000000f1      0x12e ./src/plataform/adc_lpc1769.o
 .debug_macro   0x0000021f      0x5b3 ./src/plataform/adc_lpc1769.o
 .debug_macro   0x000007d2       0x18 ./src/plataform/adc_lpc1769.o
 .debug_macro   0x000007ea      0x7af ./src/plataform/adc_lpc1769.o
 .debug_macro   0x00000f99      0x2c7 ./src/plataform/adc_lpc1769.o
 .debug_macro   0x00001260       0x63 ./src/plataform/adc_lpc1769.o
 .debug_macro   0x000012c3       0xe1 ./src/plataform/adc_lpc1769.o
 .debug_macro   0x000013a4       0x97 ./src/plataform/timer_lpc1769.o
 .debug_macro   0x0000143b       0xf1 ./src/plataform/timer_lpc1769.o
 .debug_macro   0x0000152c       0x97 ./src/plataform/uart_lpc1769.o
 .debug_macro   0x000015c3      0x36b ./src/plataform/uart_lpc1769.o
 .debug_macro   0x0000192e       0x1d ./src/cr_startup_lpc175x_6x.o
 .debug_macro   0x0000194b       0x1a ./src/crp.o
 .debug_macro   0x00001965       0x34 ./src/crp.o
 .debug_macro   0x00001999       0x88 ./src/main.o
 .debug_macro   0x00001a21       0x82 ./src/main.o
 .debug_macro   0x00001aa3      0x12b /home/joaquin/Documents/MCUXpresso_25.6.136/workspace/CMSISv2p00_LPC17xx/Debug/libCMSISv2p00_LPC17xx.a(system_LPC17xx.o)
 .debug_macro   0x00001bce      0xad8 /home/joaquin/Documents/MCUXpresso_25.6.136/workspace/CMSISv2p00_LPC17xx/Debug/libCMSISv2p00_LPC17xx.a(system_LPC17xx.o)
 .debug_macro   0x000026a6       0xb3 /home/joaquin/Documents/MCUXpresso_25.6.136/workspace/CMSISv2p00_LPC17xx/Debug/libCMSISv2p00_LPC17xx.a(lpc17xx_adc.o)
 .debug_macro   0x00002759      0x2f1 /home/joaquin/Documents/MCUXpresso_25.6.136/workspace/CMSISv2p00_LPC17xx/Debug/libCMSISv2p00_LPC17xx.a(lpc17xx_adc.o)
 .debug_macro   0x00002a4a       0xdd /home/joaquin/Documents/MCUXpresso_25.6.136/workspace/CMSISv2p00_LPC17xx/Debug/libCMSISv2p00_LPC17xx.a(lpc17xx_adc.o)
 .debug_macro   0x00002b27       0x97 /home/joaquin/Documents/MCUXpresso_25.6.136/workspace/CMSISv2p00_LPC17xx/Debug/libCMSISv2p00_LPC17xx.a(lpc17xx_clkpwr.o)
 .debug_macro   0x00002bbe       0x5a /home/joaquin/Documents/MCUXpresso_25.6.136/workspace/CMSISv2p00_LPC17xx/Debug/libCMSISv2p00_LPC17xx.a(lpc17xx_libcfg_default.o)
 .debug_macro   0x00002c18       0x5d /home/joaquin/Documents/MCUXpresso_25.6.136/workspace/CMSISv2p00_LPC17xx/Debug/libCMSISv2p00_LPC17xx.a(lpc17xx_libcfg_default.o)
 .debug_macro   0x00002c75       0xd7 /home/joaquin/Documents/MCUXpresso_25.6.136/workspace/CMSISv2p00_LPC17xx/Debug/libCMSISv2p00_LPC17xx.a(lpc17xx_libcfg_default.o)

.debug_line     0x00000000     0x1ebc
 .debug_line    0x00000000      0x2af ./src/plataform/adc_lpc1769.o
 .debug_line    0x000002af      0x2ac ./src/plataform/timer_lpc1769.o
 .debug_line    0x0000055b      0x2aa ./src/plataform/uart_lpc1769.o
 .debug_line    0x00000805      0x11e ./src/cr_startup_lpc175x_6x.o
 .debug_line    0x00000923       0xb2 ./src/crp.o
 .debug_line    0x000009d5      0x2c7 ./src/main.o
 .debug_line    0x00000c9c      0x414 /home/joaquin/Documents/MCUXpresso_25.6.136/workspace/CMSISv2p00_LPC17xx/Debug/libCMSISv2p00_LPC17xx.a(system_LPC17xx.o)
 .debug_line    0x000010b0      0x748 /home/joaquin/Documents/MCUXpresso_25.6.136/workspace/CMSISv2p00_LPC17xx/Debug/libCMSISv2p00_LPC17xx.a(lpc17xx_adc.o)
 .debug_line    0x000017f8      0x469 /home/joaquin/Documents/MCUXpresso_25.6.136/workspace/CMSISv2p00_LPC17xx/Debug/libCMSISv2p00_LPC17xx.a(lpc17xx_clkpwr.o)
 .debug_line    0x00001c61      0x211 /home/joaquin/Documents/MCUXpresso_25.6.136/workspace/CMSISv2p00_LPC17xx/Debug/libCMSISv2p00_LPC17xx.a(lpc17xx_libcfg_default.o)
 .debug_line    0x00001e72       0x4a /usr/local/mcuxpressoide-25.6.136/ide/plugins/com.nxp.mcuxpresso.tools.linux_25.6.0.202501151204/tools/bin/../lib/gcc/arm-none-eabi/14.2.1/../../../../arm-none-eabi/lib/thumb/v7-m/nofp/libcr_c.a(__weak__main.o)

.debug_str      0x00000000     0xd3d8
 .debug_str     0x00000000     0xd3d8 ./src/plataform/adc_lpc1769.o
                               0x8f1f (size before relaxing)
 .debug_str     0x0000d3d8     0x8f3f ./src/plataform/timer_lpc1769.o
 .debug_str     0x0000d3d8     0x9f20 ./src/plataform/uart_lpc1769.o
 .debug_str     0x0000d3d8     0x309e ./src/cr_startup_lpc175x_6x.o
 .debug_str     0x0000d3d8     0x2f87 ./src/crp.o
 .debug_str     0x0000d3d8     0x8aba ./src/main.o
 .debug_str     0x0000d3d8     0x8a45 /home/joaquin/Documents/MCUXpresso_25.6.136/workspace/CMSISv2p00_LPC17xx/Debug/libCMSISv2p00_LPC17xx.a(system_LPC17xx.o)
 .debug_str     0x0000d3d8     0xa627 /home/joaquin/Documents/MCUXpresso_25.6.136/workspace/CMSISv2p00_LPC17xx/Debug/libCMSISv2p00_LPC17xx.a(lpc17xx_adc.o)
 .debug_str     0x0000d3d8     0x9c5b /home/joaquin/Documents/MCUXpresso_25.6.136/workspace/CMSISv2p00_LPC17xx/Debug/libCMSISv2p00_LPC17xx.a(lpc17xx_clkpwr.o)
 .debug_str     0x0000d3d8     0x486c /home/joaquin/Documents/MCUXpresso_25.6.136/workspace/CMSISv2p00_LPC17xx/Debug/libCMSISv2p00_LPC17xx.a(lpc17xx_libcfg_default.o)
 .debug_str     0x0000d3d8      0x126 /usr/local/mcuxpressoide-25.6.136/ide/plugins/com.nxp.mcuxpresso.tools.linux_25.6.0.202501151204/tools/bin/../lib/gcc/arm-none-eabi/14.2.1/../../../../arm-none-eabi/lib/thumb/v7-m/nofp/libcr_c.a(__weak__main.o)

.comment        0x00000000       0x45
 .comment       0x00000000       0x45 ./src/plataform/adc_lpc1769.o
                                 0x46 (size before relaxing)
 .comment       0x00000045       0x46 ./src/plataform/timer_lpc1769.o
 .comment       0x00000045       0x46 ./src/plataform/uart_lpc1769.o
 .comment       0x00000045       0x46 ./src/cr_startup_lpc175x_6x.o
 .comment       0x00000045       0x46 ./src/crp.o
 .comment       0x00000045       0x46 ./src/main.o
 .comment       0x00000045       0x46 /home/joaquin/Documents/MCUXpresso_25.6.136/workspace/CMSISv2p00_LPC17xx/Debug/libCMSISv2p00_LPC17xx.a(system_LPC17xx.o)
 .comment       0x00000045       0x46 /home/joaquin/Documents/MCUXpresso_25.6.136/workspace/CMSISv2p00_LPC17xx/Debug/libCMSISv2p00_LPC17xx.a(lpc17xx_adc.o)
 .comment       0x00000045       0x46 /home/joaquin/Documents/MCUXpresso_25.6.136/workspace/CMSISv2p00_LPC17xx/Debug/libCMSISv2p00_LPC17xx.a(lpc17xx_clkpwr.o)
 .comment       0x00000045       0x46 /home/joaquin/Documents/MCUXpresso_25.6.136/workspace/CMSISv2p00_LPC17xx/Debug/libCMSISv2p00_LPC17xx.a(lpc17xx_libcfg_default.o)
 .comment       0x00000045       0x46 /usr/local/mcuxpressoide-25.6.136/ide/plugins/com.nxp.mcuxpresso.tools.linux_25.6.0.202501151204/tools/bin/../lib/gcc/arm-none-eabi/14.2.1/../../../../arm-none-eabi/lib/thumb/v7-m/nofp/libcr_c.a(__weak__main.o)

.ARM.attributes
                0x00000000       0x2b
 .ARM.attributes
                0x00000000       0x2d ./src/plataform/adc_lpc1769.o
 .ARM.attributes
                0x0000002d       0x2d ./src/plataform/timer_lpc1769.o
 .ARM.attributes
                0x0000005a       0x2d ./src/plataform/uart_lpc1769.o
 .ARM.attributes
                0x00000087       0x2d ./src/cr_startup_lpc175x_6x.o
 .ARM.attributes
                0x000000b4       0x2d ./src/crp.o
 .ARM.attributes
                0x000000e1       0x2d ./src/main.o
 .ARM.attributes
                0x0000010e       0x2d /home/joaquin/Documents/MCUXpresso_25.6.136/workspace/CMSISv2p00_LPC17xx/Debug/libCMSISv2p00_LPC17xx.a(system_LPC17xx.o)
 .ARM.attributes
                0x0000013b       0x2d /home/joaquin/Documents/MCUXpresso_25.6.136/workspace/CMSISv2p00_LPC17xx/Debug/libCMSISv2p00_LPC17xx.a(lpc17xx_adc.o)
 .ARM.attributes
                0x00000168       0x2d /home/joaquin/Documents/MCUXpresso_25.6.136/workspace/CMSISv2p00_LPC17xx/Debug/libCMSISv2p00_LPC17xx.a(lpc17xx_clkpwr.o)
 .ARM.attributes
                0x00000195       0x2d /home/joaquin/Documents/MCUXpresso_25.6.136/workspace/CMSISv2p00_LPC17xx/Debug/libCMSISv2p00_LPC17xx.a(lpc17xx_libcfg_default.o)
 .ARM.attributes
                0x000001c2       0x2d /usr/local/mcuxpressoide-25.6.136/ide/plugins/com.nxp.mcuxpresso.tools.linux_25.6.0.202501151204/tools/bin/../lib/gcc/arm-none-eabi/14.2.1/../../../../arm-none-eabi/lib/thumb/v7-m/nofp/libcr_c.a(__weak__main.o)

.debug_frame    0x00000000      0x4b4
 .debug_frame   0x00000000       0x2c ./src/plataform/adc_lpc1769.o
 .debug_frame   0x0000002c       0x30 ./src/plataform/timer_lpc1769.o
 .debug_frame   0x0000005c       0x30 ./src/plataform/uart_lpc1769.o
 .debug_frame   0x0000008c      0x170 ./src/cr_startup_lpc175x_6x.o
 .debug_frame   0x000001fc       0x2c ./src/main.o
 .debug_frame   0x00000228       0x38 /home/joaquin/Documents/MCUXpresso_25.6.136/workspace/CMSISv2p00_LPC17xx/Debug/libCMSISv2p00_LPC17xx.a(system_LPC17xx.o)
 .debug_frame   0x00000260      0x174 /home/joaquin/Documents/MCUXpresso_25.6.136/workspace/CMSISv2p00_LPC17xx/Debug/libCMSISv2p00_LPC17xx.a(lpc17xx_adc.o)
 .debug_frame   0x000003d4       0xa0 /home/joaquin/Documents/MCUXpresso_25.6.136/workspace/CMSISv2p00_LPC17xx/Debug/libCMSISv2p00_LPC17xx.a(lpc17xx_clkpwr.o)
 .debug_frame   0x00000474       0x20 /home/joaquin/Documents/MCUXpresso_25.6.136/workspace/CMSISv2p00_LPC17xx/Debug/libCMSISv2p00_LPC17xx.a(lpc17xx_libcfg_default.o)
 .debug_frame   0x00000494       0x20 /usr/local/mcuxpressoide-25.6.136/ide/plugins/com.nxp.mcuxpresso.tools.linux_25.6.0.202501151204/tools/bin/../lib/gcc/arm-none-eabi/14.2.1/../../../../arm-none-eabi/lib/thumb/v7-m/nofp/libcr_c.a(__weak__main.o)

.debug_loc      0x00000000      0x66f
 .debug_loc     0x00000000      0x42a /home/joaquin/Documents/MCUXpresso_25.6.136/workspace/CMSISv2p00_LPC17xx/Debug/libCMSISv2p00_LPC17xx.a(lpc17xx_adc.o)
 .debug_loc     0x0000042a      0x21b /home/joaquin/Documents/MCUXpresso_25.6.136/workspace/CMSISv2p00_LPC17xx/Debug/libCMSISv2p00_LPC17xx.a(lpc17xx_clkpwr.o)
 .debug_loc     0x00000645       0x2a /home/joaquin/Documents/MCUXpresso_25.6.136/workspace/CMSISv2p00_LPC17xx/Debug/libCMSISv2p00_LPC17xx.a(lpc17xx_libcfg_default.o)

Cross Reference Table

Symbol                                            File
ADC_BurstDisable                                  /home/joaquin/Documents/MCUXpresso_25.6.136/workspace/CMSISv2p00_LPC17xx/Debug/libCMSISv2p00_LPC17xx.a(lpc17xx_adc.o)
ADC_BurstEnable                                   /home/joaquin/Documents/MCUXpresso_25.6.136/workspace/CMSISv2p00_LPC17xx/Debug/libCMSISv2p00_LPC17xx.a(lpc17xx_adc.o)
                                                  ./src/plataform/adc_lpc1769.o
ADC_ChannelDisable                                /home/joaquin/Documents/MCUXpresso_25.6.136/workspace/CMSISv2p00_LPC17xx/Debug/libCMSISv2p00_LPC17xx.a(lpc17xx_adc.o)
ADC_ChannelEnable                                 /home/joaquin/Documents/MCUXpresso_25.6.136/workspace/CMSISv2p00_LPC17xx/Debug/libCMSISv2p00_LPC17xx.a(lpc17xx_adc.o)
                                                  ./src/plataform/adc_lpc1769.o
ADC_ChannelGetData                                /home/joaquin/Documents/MCUXpresso_25.6.136/workspace/CMSISv2p00_LPC17xx/Debug/libCMSISv2p00_LPC17xx.a(lpc17xx_adc.o)
ADC_ChannelGetStatus                              /home/joaquin/Documents/MCUXpresso_25.6.136/workspace/CMSISv2p00_LPC17xx/Debug/libCMSISv2p00_LPC17xx.a(lpc17xx_adc.o)
ADC_DeInit                                        /home/joaquin/Documents/MCUXpresso_25.6.136/workspace/CMSISv2p00_LPC17xx/Debug/libCMSISv2p00_LPC17xx.a(lpc17xx_adc.o)
ADC_EdgeStartConfig                               /home/joaquin/Documents/MCUXpresso_25.6.136/workspace/CMSISv2p00_LPC17xx/Debug/libCMSISv2p00_LPC17xx.a(lpc17xx_adc.o)
ADC_GlobalGetData                                 /home/joaquin/Documents/MCUXpresso_25.6.136/workspace/CMSISv2p00_LPC17xx/Debug/libCMSISv2p00_LPC17xx.a(lpc17xx_adc.o)
ADC_GlobalGetStatus                               /home/joaquin/Documents/MCUXpresso_25.6.136/workspace/CMSISv2p00_LPC17xx/Debug/libCMSISv2p00_LPC17xx.a(lpc17xx_adc.o)
ADC_IRQHandler                                    ./src/cr_startup_lpc175x_6x.o
ADC_Init                                          /home/joaquin/Documents/MCUXpresso_25.6.136/workspace/CMSISv2p00_LPC17xx/Debug/libCMSISv2p00_LPC17xx.a(lpc17xx_adc.o)
                                                  ./src/plataform/adc_lpc1769.o
ADC_IntDisable                                    /home/joaquin/Documents/MCUXpresso_25.6.136/workspace/CMSISv2p00_LPC17xx/Debug/libCMSISv2p00_LPC17xx.a(lpc17xx_adc.o)
ADC_IntEnable                                     /home/joaquin/Documents/MCUXpresso_25.6.136/workspace/CMSISv2p00_LPC17xx/Debug/libCMSISv2p00_LPC17xx.a(lpc17xx_adc.o)
ADC_PinConfig                                     /home/joaquin/Documents/MCUXpresso_25.6.136/workspace/CMSISv2p00_LPC17xx/Debug/libCMSISv2p00_LPC17xx.a(lpc17xx_adc.o)
                                                  ./src/plataform/adc_lpc1769.o
ADC_PowerDown                                     /home/joaquin/Documents/MCUXpresso_25.6.136/workspace/CMSISv2p00_LPC17xx/Debug/libCMSISv2p00_LPC17xx.a(lpc17xx_adc.o)
ADC_PowerUp                                       /home/joaquin/Documents/MCUXpresso_25.6.136/workspace/CMSISv2p00_LPC17xx/Debug/libCMSISv2p00_LPC17xx.a(lpc17xx_adc.o)
ADC_StartCmd                                      /home/joaquin/Documents/MCUXpresso_25.6.136/workspace/CMSISv2p00_LPC17xx/Debug/libCMSISv2p00_LPC17xx.a(lpc17xx_adc.o)
                                                  ./src/plataform/adc_lpc1769.o
BOD_IRQHandler                                    ./src/cr_startup_lpc175x_6x.o
BusFault_Handler                                  ./src/cr_startup_lpc175x_6x.o
CANActivity_IRQHandler                            ./src/cr_startup_lpc175x_6x.o
CAN_IRQHandler                                    ./src/cr_startup_lpc175x_6x.o
CLKPWR_ConfigPPWR                                 /home/joaquin/Documents/MCUXpresso_25.6.136/workspace/CMSISv2p00_LPC17xx/Debug/libCMSISv2p00_LPC17xx.a(lpc17xx_clkpwr.o)
                                                  /home/joaquin/Documents/MCUXpresso_25.6.136/workspace/CMSISv2p00_LPC17xx/Debug/libCMSISv2p00_LPC17xx.a(lpc17xx_adc.o)
CLKPWR_DeepPowerDown                              /home/joaquin/Documents/MCUXpresso_25.6.136/workspace/CMSISv2p00_LPC17xx/Debug/libCMSISv2p00_LPC17xx.a(lpc17xx_clkpwr.o)
CLKPWR_DeepSleep                                  /home/joaquin/Documents/MCUXpresso_25.6.136/workspace/CMSISv2p00_LPC17xx/Debug/libCMSISv2p00_LPC17xx.a(lpc17xx_clkpwr.o)
CLKPWR_GetPCLK                                    /home/joaquin/Documents/MCUXpresso_25.6.136/workspace/CMSISv2p00_LPC17xx/Debug/libCMSISv2p00_LPC17xx.a(lpc17xx_clkpwr.o)
                                                  /home/joaquin/Documents/MCUXpresso_25.6.136/workspace/CMSISv2p00_LPC17xx/Debug/libCMSISv2p00_LPC17xx.a(lpc17xx_adc.o)
CLKPWR_GetPCLKSEL                                 /home/joaquin/Documents/MCUXpresso_25.6.136/workspace/CMSISv2p00_LPC17xx/Debug/libCMSISv2p00_LPC17xx.a(lpc17xx_clkpwr.o)
CLKPWR_PowerDown                                  /home/joaquin/Documents/MCUXpresso_25.6.136/workspace/CMSISv2p00_LPC17xx/Debug/libCMSISv2p00_LPC17xx.a(lpc17xx_clkpwr.o)
CLKPWR_SetPCLKDiv                                 /home/joaquin/Documents/MCUXpresso_25.6.136/workspace/CMSISv2p00_LPC17xx/Debug/libCMSISv2p00_LPC17xx.a(lpc17xx_clkpwr.o)
                                                  /home/joaquin/Documents/MCUXpresso_25.6.136/workspace/CMSISv2p00_LPC17xx/Debug/libCMSISv2p00_LPC17xx.a(lpc17xx_dac.o)
CLKPWR_Sleep                                      /home/joaquin/Documents/MCUXpresso_25.6.136/workspace/CMSISv2p00_LPC17xx/Debug/libCMSISv2p00_LPC17xx.a(lpc17xx_clkpwr.o)
CRP_WORD                                          ./src/crp.o
DAC_ConfigDAConverterControl                      /home/joaquin/Documents/MCUXpresso_25.6.136/workspace/CMSISv2p00_LPC17xx/Debug/libCMSISv2p00_LPC17xx.a(lpc17xx_dac.o)
                                                  ./src/plataform/dac_lpc1769.o
DAC_Init                                          /home/joaquin/Documents/MCUXpresso_25.6.136/workspace/CMSISv2p00_LPC17xx/Debug/libCMSISv2p00_LPC17xx.a(lpc17xx_dac.o)
                                                  ./src/plataform/dac_lpc1769.o
DAC_SetBias                                       /home/joaquin/Documents/MCUXpresso_25.6.136/workspace/CMSISv2p00_LPC17xx/Debug/libCMSISv2p00_LPC17xx.a(lpc17xx_dac.o)
                                                  ./src/plataform/dac_lpc1769.o
DAC_SetDMATimeOut                                 /home/joaquin/Documents/MCUXpresso_25.6.136/workspace/CMSISv2p00_LPC17xx/Debug/libCMSISv2p00_LPC17xx.a(lpc17xx_dac.o)
DAC_UpdateValue                                   /home/joaquin/Documents/MCUXpresso_25.6.136/workspace/CMSISv2p00_LPC17xx/Debug/libCMSISv2p00_LPC17xx.a(lpc17xx_dac.o)
                                                  ./src/plataform/dac_lpc1769.o
DMA_IRQHandler                                    ./src/cr_startup_lpc175x_6x.o
DebugMon_Handler                                  ./src/cr_startup_lpc175x_6x.o
EINT0_IRQHandler                                  ./src/cr_startup_lpc175x_6x.o
EINT1_IRQHandler                                  ./src/cr_startup_lpc175x_6x.o
EINT2_IRQHandler                                  ./src/cr_startup_lpc175x_6x.o
EINT3_IRQHandler                                  ./src/cr_startup_lpc175x_6x.o
ENET_IRQHandler                                   ./src/cr_startup_lpc175x_6x.o
HardFault_Handler                                 ./src/cr_startup_lpc175x_6x.o
I2C0_IRQHandler                                   ./src/cr_startup_lpc175x_6x.o
I2C1_IRQHandler                                   ./src/cr_startup_lpc175x_6x.o
I2C2_IRQHandler                                   ./src/cr_startup_lpc175x_6x.o
I2S_IRQHandler                                    ./src/cr_startup_lpc175x_6x.o
IntDefaultHandler                                 ./src/cr_startup_lpc175x_6x.o
MCPWM_IRQHandler                                  ./src/cr_startup_lpc175x_6x.o
MemManage_Handler                                 ./src/cr_startup_lpc175x_6x.o
NMI_Handler                                       ./src/cr_startup_lpc175x_6x.o
PLL0_IRQHandler                                   ./src/cr_startup_lpc175x_6x.o
PLL1_IRQHandler                                   ./src/cr_startup_lpc175x_6x.o
PWM1_IRQHandler                                   ./src/cr_startup_lpc175x_6x.o
PendSV_Handler                                    ./src/cr_startup_lpc175x_6x.o
QEI_IRQHandler                                    ./src/cr_startup_lpc175x_6x.o
RIT_IRQHandler                                    ./src/cr_startup_lpc175x_6x.o
RTC_IRQHandler                                    ./src/cr_startup_lpc175x_6x.o
ResetISR                                          ./src/cr_startup_lpc175x_6x.o
SPI_IRQHandler                                    ./src/cr_startup_lpc175x_6x.o
SSP0_IRQHandler                                   ./src/cr_startup_lpc175x_6x.o
SSP1_IRQHandler                                   ./src/cr_startup_lpc175x_6x.o
SVC_Handler                                       ./src/cr_startup_lpc175x_6x.o
SysTick_Handler                                   ./src/cr_startup_lpc175x_6x.o
SystemCoreClock                                   /home/joaquin/Documents/MCUXpresso_25.6.136/workspace/CMSISv2p00_LPC17xx/Debug/libCMSISv2p00_LPC17xx.a(system_LPC17xx.o)
                                                  /home/joaquin/Documents/MCUXpresso_25.6.136/workspace/CMSISv2p00_LPC17xx/Debug/libCMSISv2p00_LPC17xx.a(lpc17xx_clkpwr.o)
SystemCoreClockUpdate                             /home/joaquin/Documents/MCUXpresso_25.6.136/workspace/CMSISv2p00_LPC17xx/Debug/libCMSISv2p00_LPC17xx.a(system_LPC17xx.o)
SystemInit                                        /home/joaquin/Documents/MCUXpresso_25.6.136/workspace/CMSISv2p00_LPC17xx/Debug/libCMSISv2p00_LPC17xx.a(system_LPC17xx.o)
                                                  ./src/cr_startup_lpc175x_6x.o
TIMER0_IRQHandler                                 ./src/cr_startup_lpc175x_6x.o
TIMER1_IRQHandler                                 ./src/cr_startup_lpc175x_6x.o
TIMER2_IRQHandler                                 ./src/cr_startup_lpc175x_6x.o
TIMER3_IRQHandler                                 ./src/cr_startup_lpc175x_6x.o
UART0_IRQHandler                                  ./src/cr_startup_lpc175x_6x.o
UART1_IRQHandler                                  ./src/cr_startup_lpc175x_6x.o
UART2_IRQHandler                                  ./src/cr_startup_lpc175x_6x.o
UART3_IRQHandler                                  ./src/cr_startup_lpc175x_6x.o
USBActivity_IRQHandler                            ./src/cr_startup_lpc175x_6x.o
USB_IRQHandler                                    ./src/cr_startup_lpc175x_6x.o
UsageFault_Handler                                ./src/cr_startup_lpc175x_6x.o
WDT_IRQHandler                                    ./src/cr_startup_lpc175x_6x.o
__aeabi_idiv0                                     /usr/local/mcuxpressoide-25.6.136/ide/plugins/com.nxp.mcuxpresso.tools.linux_25.6.0.202501151204/tools/bin/../lib/gcc/arm-none-eabi/14.2.1/thumb/v7-m/nofp/libcr_eabihelpers.a(division_idiv0.o)
                                                  /usr/local/mcuxpressoide-25.6.136/ide/plugins/com.nxp.mcuxpresso.tools.linux_25.6.0.202501151204/tools/bin/../lib/gcc/arm-none-eabi/14.2.1/thumb/v7-m/nofp/libcr_eabihelpers.a(division_64.o)
__aeabi_ldivmod                                   /usr/local/mcuxpressoide-25.6.136/ide/plugins/com.nxp.mcuxpresso.tools.linux_25.6.0.202501151204/tools/bin/../lib/gcc/arm-none-eabi/14.2.1/thumb/v7-m/nofp/libcr_eabihelpers.a(division_64.o)
__aeabi_uldivmod                                  /usr/local/mcuxpressoide-25.6.136/ide/plugins/com.nxp.mcuxpresso.tools.linux_25.6.0.202501151204/tools/bin/../lib/gcc/arm-none-eabi/14.2.1/thumb/v7-m/nofp/libcr_eabihelpers.a(division_64.o)
                                                  /home/joaquin/Documents/MCUXpresso_25.6.136/workspace/CMSISv2p00_LPC17xx/Debug/libCMSISv2p00_LPC17xx.a(system_LPC17xx.o)
__bhs_ldivmod1                                    /usr/local/mcuxpressoide-25.6.136/ide/plugins/com.nxp.mcuxpresso.tools.linux_25.6.0.202501151204/tools/bin/../lib/gcc/arm-none-eabi/14.2.1/thumb/v7-m/nofp/libcr_eabihelpers.a(division_64.o)
__bss_section_table_end                           ./src/cr_startup_lpc175x_6x.o
__data_section_table                              ./src/cr_startup_lpc175x_6x.o
__data_section_table_end                          ./src/cr_startup_lpc175x_6x.o
__main                                            /usr/local/mcuxpressoide-25.6.136/ide/plugins/com.nxp.mcuxpresso.tools.linux_25.6.0.202501151204/tools/bin/../lib/gcc/arm-none-eabi/14.2.1/../../../../arm-none-eabi/lib/thumb/v7-m/nofp/libcr_c.a(__weak__main.o)
                                                  ./src/cr_startup_lpc175x_6x.o
__valid_user_code_checksum                        ./src/cr_startup_lpc175x_6x.o
__weak_main                                       /usr/local/mcuxpressoide-25.6.136/ide/plugins/com.nxp.mcuxpresso.tools.linux_25.6.0.202501151204/tools/bin/../lib/gcc/arm-none-eabi/14.2.1/../../../../arm-none-eabi/lib/thumb/v7-m/nofp/libcr_c.a(__weak__main.o)
_vStackTop                                        ./src/cr_startup_lpc175x_6x.o
bss_init                                          ./src/cr_startup_lpc175x_6x.o
check_failed                                      /home/joaquin/Documents/MCUXpresso_25.6.136/workspace/CMSISv2p00_LPC17xx/Debug/libCMSISv2p00_LPC17xx.a(lpc17xx_libcfg_default.o)
                                                  /home/joaquin/Documents/MCUXpresso_25.6.136/workspace/CMSISv2p00_LPC17xx/Debug/libCMSISv2p00_LPC17xx.a(lpc17xx_dac.o)
                                                  /home/joaquin/Documents/MCUXpresso_25.6.136/workspace/CMSISv2p00_LPC17xx/Debug/libCMSISv2p00_LPC17xx.a(lpc17xx_adc.o)
configAdc                                         ./src/plataform/adc_lpc1769.o
                                                  ./src/main.o
configDac                                         ./src/plataform/dac_lpc1769.o
configDma                                         ./src/plataform/dma_lpc1769.o
configTimer                                       ./src/plataform/timer_lpc1769.o
                                                  ./src/main.o
configUart                                        ./src/plataform/uart_lpc1769.o
                                                  ./src/main.o
data_init                                         ./src/cr_startup_lpc175x_6x.o
g_pfnVectors                                      ./src/cr_startup_lpc175x_6x.o
main                                              ./src/main.o
                                                  /usr/local/mcuxpressoide-25.6.136/ide/plugins/com.nxp.mcuxpresso.tools.linux_25.6.0.202501151204/tools/bin/../lib/gcc/arm-none-eabi/14.2.1/../../../../arm-none-eabi/lib/thumb/v7-m/nofp/libcr_c.a(__weak__main.o)
