Archive member included to satisfy reference by file (symbol)

/home/joaquin/Documents/MCUXpresso_25.6.136/workspace/CMSISv2p00_LPC17xx/Debug/libCMSISv2p00_LPC17xx.a(system_LPC17xx.o)
                              ./src/cr_startup_lpc175x_6x.o (SystemInit)
/home/joaquin/Documents/MCUXpresso_25.6.136/workspace/CMSISv2p00_LPC17xx/Debug/libCMSISv2p00_LPC17xx.a(lpc17xx_adc.o)
                              ./src/plataform/adc_lpc1769.o (ADC_Init)
/home/joaquin/Documents/MCUXpresso_25.6.136/workspace/CMSISv2p00_LPC17xx/Debug/libCMSISv2p00_LPC17xx.a(lpc17xx_clkpwr.o)
                              /home/joaquin/Documents/MCUXpresso_25.6.136/workspace/CMSISv2p00_LPC17xx/Debug/libCMSISv2p00_LPC17xx.a(lpc17xx_adc.o) (CLKPWR_GetPCLK)
/home/joaquin/Documents/MCUXpresso_25.6.136/workspace/CMSISv2p00_LPC17xx/Debug/libCMSISv2p00_LPC17xx.a(lpc17xx_dac.o)
                              ./src/plataform/dac_lpc1769.o (DAC_UpdateValue)
/home/joaquin/Documents/MCUXpresso_25.6.136/workspace/CMSISv2p00_LPC17xx/Debug/libCMSISv2p00_LPC17xx.a(lpc17xx_gpdma.o)
                              ./src/plataform/dma_lpc1769.o (GPDMA_Init)
/home/joaquin/Documents/MCUXpresso_25.6.136/workspace/CMSISv2p00_LPC17xx/Debug/libCMSISv2p00_LPC17xx.a(lpc17xx_gpio.o)
                              ./src/actuators/fan.o (GPIO_SetDir)
/home/joaquin/Documents/MCUXpresso_25.6.136/workspace/CMSISv2p00_LPC17xx/Debug/libCMSISv2p00_LPC17xx.a(lpc17xx_libcfg_default.o)
                              /home/joaquin/Documents/MCUXpresso_25.6.136/workspace/CMSISv2p00_LPC17xx/Debug/libCMSISv2p00_LPC17xx.a(lpc17xx_adc.o) (check_failed)
/home/joaquin/Documents/MCUXpresso_25.6.136/workspace/CMSISv2p00_LPC17xx/Debug/libCMSISv2p00_LPC17xx.a(lpc17xx_pinsel.o)
                              ./src/actuators/fan.o (PINSEL_ConfigPin)
/home/joaquin/Documents/MCUXpresso_25.6.136/workspace/CMSISv2p00_LPC17xx/Debug/libCMSISv2p00_LPC17xx.a(lpc17xx_timer.o)
                              ./src/plataform/timer_lpc1769.o (TIM_Enable)
/home/joaquin/Documents/MCUXpresso_25.6.136/workspace/CMSISv2p00_LPC17xx/Debug/libCMSISv2p00_LPC17xx.a(lpc17xx_uart.o)
                              ./src/plataform/uart_lpc1769.o (UART_PinConfig)
/usr/local/mcuxpressoide-25.6.136/ide/plugins/com.nxp.mcuxpresso.tools.linux_25.6.0.202501151204/tools/bin/../lib/gcc/arm-none-eabi/14.2.1/../../../../arm-none-eabi/lib/thumb/v7-m/nofp/libcr_c.a(__weak__main.o)
                              ./src/cr_startup_lpc175x_6x.o (__main)
/usr/local/mcuxpressoide-25.6.136/ide/plugins/com.nxp.mcuxpresso.tools.linux_25.6.0.202501151204/tools/bin/../lib/gcc/arm-none-eabi/14.2.1/thumb/v7-m/nofp/libcr_eabihelpers.a(division_64.o)
                              /home/joaquin/Documents/MCUXpresso_25.6.136/workspace/CMSISv2p00_LPC17xx/Debug/libCMSISv2p00_LPC17xx.a(system_LPC17xx.o) (__aeabi_uldivmod)
/usr/local/mcuxpressoide-25.6.136/ide/plugins/com.nxp.mcuxpresso.tools.linux_25.6.0.202501151204/tools/bin/../lib/gcc/arm-none-eabi/14.2.1/thumb/v7-m/nofp/libcr_eabihelpers.a(division_idiv0.o)
                              /usr/local/mcuxpressoide-25.6.136/ide/plugins/com.nxp.mcuxpresso.tools.linux_25.6.0.202501151204/tools/bin/../lib/gcc/arm-none-eabi/14.2.1/thumb/v7-m/nofp/libcr_eabihelpers.a(division_64.o) (__aeabi_idiv0)

Discarded input sections

 .group         0x00000000        0xc ./src/thermal_control/thermal_control.o
 .group         0x00000000        0xc ./src/thermal_control/thermal_control.o
 .group         0x00000000        0xc ./src/thermal_control/thermal_control.o
 .group         0x00000000        0xc ./src/thermal_control/thermal_control.o
 .group         0x00000000        0xc ./src/thermal_control/thermal_control.o
 .group         0x00000000        0xc ./src/thermal_control/thermal_control.o
 .group         0x00000000        0xc ./src/thermal_control/thermal_control.o
 .group         0x00000000        0xc ./src/thermal_control/thermal_control.o
 .group         0x00000000        0xc ./src/thermal_control/thermal_control.o
 .group         0x00000000        0xc ./src/thermal_control/thermal_control.o
 .text          0x00000000        0x0 ./src/thermal_control/thermal_control.o
 .data          0x00000000        0x0 ./src/thermal_control/thermal_control.o
 .bss           0x00000000        0x0 ./src/thermal_control/thermal_control.o
 .group         0x00000000        0xc ./src/plataform/adc_lpc1769.o
 .group         0x00000000        0xc ./src/plataform/adc_lpc1769.o
 .group         0x00000000        0xc ./src/plataform/adc_lpc1769.o
 .group         0x00000000        0xc ./src/plataform/adc_lpc1769.o
 .group         0x00000000        0xc ./src/plataform/adc_lpc1769.o
 .group         0x00000000        0xc ./src/plataform/adc_lpc1769.o
 .group         0x00000000        0xc ./src/plataform/adc_lpc1769.o
 .group         0x00000000        0xc ./src/plataform/adc_lpc1769.o
 .group         0x00000000        0xc ./src/plataform/adc_lpc1769.o
 .group         0x00000000        0xc ./src/plataform/adc_lpc1769.o
[...]
Memory Configuration

Name             Origin             Length             Attributes
MFlash512        0x00000000         0x00080000         xr
RamLoc32         0x10000000         0x00008000         xrw
RamAHB32         0x2007c000         0x00008000         xrw
*default*        0x00000000         0xffffffff

Linker script and memory map

LOAD ./src/thermal_control/thermal_control.o
LOAD ./src/plataform/adc_lpc1769.o
LOAD ./src/plataform/dac_lpc1769.o
LOAD ./src/plataform/dma_lpc1769.o
LOAD ./src/plataform/timer_lpc1769.o
LOAD ./src/plataform/uart_lpc1769.o
LOAD ./src/core/core.o
LOAD ./src/communication/uart_commands.o
LOAD ./src/actuators/fan.o
LOAD ./src/actuators/lamp.o
LOAD ./src/cr_startup_lpc175x_6x.o
LOAD ./src/crp.o
LOAD ./src/main.o
LOAD /home/joaquin/Documents/MCUXpresso_25.6.136/workspace/CMSISv2p00_LPC17xx/Debug/libCMSISv2p00_LPC17xx.a
START GROUP
LOAD /usr/local/mcuxpressoide-25.6.136/ide/plugins/com.nxp.mcuxpresso.tools.linux_25.6.0.202501151204/tools/bin/../lib/gcc/arm-none-eabi/14.2.1/../../../../arm-none-eabi/lib/thumb/v7-m/nofp/libcr_c.a
LOAD /usr/local/mcuxpressoide-25.6.136/ide/plugins/com.nxp.mcuxpresso.tools.linux_25.6.0.202501151204/tools/bin/../lib/gcc/arm-none-eabi/14.2.1/thumb/v7-m/nofp/libcr_eabihelpers.a
LOAD /usr/local/mcuxpressoide-25.6.136/ide/plugins/com.nxp.mcuxpresso.tools.linux_25.6.0.202501151204/tools/bin/../lib/gcc/arm-none-eabi/14.2.1/thumb/v7-m/nofp/libgcc.a
END GROUP
                0x00000000                        __base_MFlash512 = 0x0
                0x00000000                        __base_Flash = 0x0
                0x00080000                        __top_MFlash512 = 0x80000
                0x00080000                        __top_Flash = 0x80000
                0x10000000                        __base_RamLoc32 = 0x10000000
                0x10000000                        __base_RAM = 0x10000000
                0x10008000                        __top_RamLoc32 = 0x10008000
                0x10008000                        __top_RAM = 0x10008000
                0x2007c000                        __base_RamAHB32 = 0x2007c000
                0x2007c000                        __base_RAM2 = 0x2007c000
                0x20084000                        __top_RamAHB32 = 0x20084000
                0x20084000                        __top_RAM2 = 0x20084000

.text           0x00000000     0x1408
 FILL mask 0xff
                0x00000000                        __vectors_start__ = ABSOLUTE (.)
 *(.isr_vector)
 .isr_vector    0x00000000       0xcc ./src/cr_startup_lpc175x_6x.o
                0x00000000                g_pfnVectors
                0x000000cc                        . = ALIGN (0x4)
                0x000000cc                        __section_table_start = .
                0x000000cc                        __data_section_table = .
                0x000000cc        0x4 LONG 0x1408 LOADADDR (.data)
                0x000000d0        0x4 LONG 0x10000000 ADDR (.data)
                0x000000d4        0x4 LONG 0x4 SIZEOF (.data)
                0x000000d8        0x4 LONG 0x1408 LOADADDR (.data_RAM2)
                0x000000dc        0x4 LONG 0x2007c000 ADDR (.data_RAM2)
                0x000000e0        0x4 LONG 0x0 SIZEOF (.data_RAM2)
                0x000000e4                        __data_section_table_end = .
                0x000000e4                        __bss_section_table = .
                0x000000e4        0x4 LONG 0x10000004 ADDR (.bss)
                0x000000e8        0x4 LONG 0xf4 SIZEOF (.bss)
                0x000000ec        0x4 LONG 0x2007c000 ADDR (.bss_RAM2)
                0x000000f0        0x4 LONG 0x0 SIZEOF (.bss_RAM2)
                0x000000f4                        __bss_section_table_end = .
                0x000000f4                        __section_table_end = .
 *(.after_vectors*)
 .after_vectors
                0x000000f4      0x148 ./src/cr_startup_lpc175x_6x.o
                0x000000f4                data_init
                0x00000138                bss_init
                0x00000170                ResetISR
                0x000001ec                NMI_Handler
                0x000001f4                HardFault_Handler
                0x000001fc                MemManage_Handler
                0x00000204                BusFault_Handler
                0x0000020c                UsageFault_Handler
                0x00000214                SVC_Handler
                0x0000021c                DebugMon_Handler
                0x00000224                PendSV_Handler
                0x0000022c                SysTick_Handler
                0x00000234                TIMER2_IRQHandler
                0x00000234                RIT_IRQHandler
                0x00000234                I2C0_IRQHandler
                0x00000234                USBActivity_IRQHandler
                0x00000234                PWM1_IRQHandler
                0x00000234                I2C1_IRQHandler
                0x00000234                EINT2_IRQHandler
                0x00000234                UART1_IRQHandler
                0x00000234                EINT3_IRQHandler
                0x00000234                CANActivity_IRQHandler
                0x00000234                TIMER3_IRQHandler
                0x00000234                UART0_IRQHandler
                0x00000234                IntDefaultHandler
                0x00000234                PLL0_IRQHandler
                0x00000234                CAN_IRQHandler
                0x00000234                PLL1_IRQHandler
                0x00000234                SSP0_IRQHandler
                0x00000234                I2S_IRQHandler
                0x00000234                I2C2_IRQHandler
                0x00000234                RTC_IRQHandler
                0x00000234                TIMER0_IRQHandler
                0x00000234                SPI_IRQHandler
                0x00000234                EINT1_IRQHandler
                0x00000234                TIMER1_IRQHandler
                0x00000234                UART2_IRQHandler
                0x00000234                ADC_IRQHandler
                0x00000234                SSP1_IRQHandler
                0x00000234                USB_IRQHandler
                0x00000234                BOD_IRQHandler
                0x00000234                WDT_IRQHandler
                0x00000234                QEI_IRQHandler
                0x00000234                EINT0_IRQHandler
                0x00000234                MCPWM_IRQHandler
                0x00000234                ENET_IRQHandler
                0x000002fc                        . = 0x2fc
 *fill*         0x0000023c       0xc0 ff
                0x000002fc                        PROVIDE (__CRP_WORD_START__ = .)
 *(.crp)
 .crp           0x000002fc        0x4 ./src/crp.o
                0x000002fc                CRP_WORD
                0x00000300                        PROVIDE (__CRP_WORD_END__ = .)
                0x00000001                        ASSERT (! ((__CRP_WORD_START__ == __CRP_WORD_END__)), Linker CRP Enabled, but no CRP_WORD provided within application)
 *(.text*)
 .text.separarDatosBuffer
                0x00000300       0xac ./src/thermal_control/thermal_control.o
                0x00000300                separarDatosBuffer
 .text.configAdc
                0x000003ac       0x38 ./src/plataform/adc_lpc1769.o
                0x000003ac                configAdc
 .text.DMA_IRQHandler
                0x000003e4       0x20 ./src/plataform/dma_lpc1769.o
                0x000003e4                DMA_IRQHandler
 .text.getAdcBuffer
                0x00000404       0x14 ./src/plataform/dma_lpc1769.o
                0x00000404                getAdcBuffer
 .text.getDmaTermino
                0x00000418       0x18 ./src/plataform/dma_lpc1769.o
                0x00000418                getDmaTermino
 .text.configTimer
                0x00000430       0x50 ./src/plataform/timer_lpc1769.o
                0x00000430                configTimer
 .text.NVIC_EnableIRQ
                0x00000480       0x30 ./src/plataform/uart_lpc1769.o
 .text.configUart
                0x000004b0       0x68 ./src/plataform/uart_lpc1769.o
                0x000004b0                configUart
 .text.UART3_IRQHandler
                0x00000518       0x64 ./src/plataform/uart_lpc1769.o
                0x00000518                UART3_IRQHandler
 .text.stopFan  0x0000057c       0x12 ./src/actuators/fan.o
                0x0000057c                stopFan
 .text.startFan
                0x0000058e       0x12 ./src/actuators/fan.o
                0x0000058e                startFan
 .text.stopLamp
                0x000005a0       0x12 ./src/actuators/lamp.o
                0x000005a0                stopLamp
 .text.startLamp
                0x000005b2       0x12 ./src/actuators/lamp.o
                0x000005b2                startLamp
 .text.main     0x000005c4       0x16 ./src/main.o
                0x000005c4                main
 *fill*         0x000005da        0x2 ff
 .text.SystemInit
                0x000005dc       0xd8 /home/joaquin/Documents/MCUXpresso_25.6.136/workspace/CMSISv2p00_LPC17xx/Debug/libCMSISv2p00_LPC17xx.a(system_LPC17xx.o)
                0x000005dc                SystemInit
 .text.ADC_Init
                0x000006b4       0x50 /home/joaquin/Documents/MCUXpresso_25.6.136/workspace/CMSISv2p00_LPC17xx/Debug/libCMSISv2p00_LPC17xx.a(lpc17xx_adc.o)
                0x000006b4                ADC_Init
 .text.ADC_PinConfig
                0x00000704       0xe8 /home/joaquin/Documents/MCUXpresso_25.6.136/workspace/CMSISv2p00_LPC17xx/Debug/libCMSISv2p00_LPC17xx.a(lpc17xx_adc.o)
                0x00000704                ADC_PinConfig
 .text.ADC_StartCmd
                0x000007ec       0x2c /home/joaquin/Documents/MCUXpresso_25.6.136/workspace/CMSISv2p00_LPC17xx/Debug/libCMSISv2p00_LPC17xx.a(lpc17xx_adc.o)
                0x000007ec                ADC_StartCmd
 .text.ADC_ChannelEnable
                0x00000818       0x28 /home/joaquin/Documents/MCUXpresso_25.6.136/workspace/CMSISv2p00_LPC17xx/Debug/libCMSISv2p00_LPC17xx.a(lpc17xx_adc.o)
                0x00000818                ADC_ChannelEnable
 .text.CLKPWR_SetPCLKDiv
                0x00000840       0x4c /home/joaquin/Documents/MCUXpresso_25.6.136/workspace/CMSISv2p00_LPC17xx/Debug/libCMSISv2p00_LPC17xx.a(lpc17xx_clkpwr.o)
                0x00000840                CLKPWR_SetPCLKDiv
 .text.CLKPWR_GetPCLKSEL
                0x0000088c       0x20 /home/joaquin/Documents/MCUXpresso_25.6.136/workspace/CMSISv2p00_LPC17xx/Debug/libCMSISv2p00_LPC17xx.a(lpc17xx_clkpwr.o)
                0x0000088c                CLKPWR_GetPCLKSEL
 .text.CLKPWR_GetPCLK
                0x000008ac       0x24 /home/joaquin/Documents/MCUXpresso_25.6.136/workspace/CMSISv2p00_LPC17xx/Debug/libCMSISv2p00_LPC17xx.a(lpc17xx_clkpwr.o)
                0x000008ac                CLKPWR_GetPCLK
 .text.CLKPWR_ConfigPPWR
                0x000008d0       0x34 /home/joaquin/Documents/MCUXpresso_25.6.136/workspace/CMSISv2p00_LPC17xx/Debug/libCMSISv2p00_LPC17xx.a(lpc17xx_clkpwr.o)
                0x000008d0                CLKPWR_ConfigPPWR
 .text.GPDMA_ClearIntPending
                0x00000904       0x4c /home/joaquin/Documents/MCUXpresso_25.6.136/workspace/CMSISv2p00_LPC17xx/Debug/libCMSISv2p00_LPC17xx.a(lpc17xx_gpdma.o)
                0x00000904                GPDMA_ClearIntPending
 .text.GPIO_SetPinState
                0x00000950       0x48 /home/joaquin/Documents/MCUXpresso_25.6.136/workspace/CMSISv2p00_LPC17xx/Debug/libCMSISv2p00_LPC17xx.a(lpc17xx_gpio.o)
                0x00000950                GPIO_SetPinState
 .text.check_failed
                0x00000998        0x2 /home/joaquin/Documents/MCUXpresso_25.6.136/workspace/CMSISv2p00_LPC17xx/Debug/libCMSISv2p00_LPC17xx.a(lpc17xx_libcfg_default.o)
                0x00000998                check_failed
 *fill*         0x0000099a        0x2 ff
 .text.PINSEL_ConfigPin
                0x0000099c       0xc8 /home/joaquin/Documents/MCUXpresso_25.6.136/workspace/CMSISv2p00_LPC17xx/Debug/libCMSISv2p00_LPC17xx.a(lpc17xx_pinsel.o)
                0x0000099c                PINSEL_ConfigPin
 .text.TIM_Enable
                0x00000a64       0x3c /home/joaquin/Documents/MCUXpresso_25.6.136/workspace/CMSISv2p00_LPC17xx/Debug/libCMSISv2p00_LPC17xx.a(lpc17xx_timer.o)
                0x00000a64                TIM_Enable
 .text.TIM_ResetCounter
                0x00000aa0       0x44 /home/joaquin/Documents/MCUXpresso_25.6.136/workspace/CMSISv2p00_LPC17xx/Debug/libCMSISv2p00_LPC17xx.a(lpc17xx_timer.o)
                0x00000aa0                TIM_ResetCounter
 .text.TIM_Init
                0x00000ae4       0x78 /home/joaquin/Documents/MCUXpresso_25.6.136/workspace/CMSISv2p00_LPC17xx/Debug/libCMSISv2p00_LPC17xx.a(lpc17xx_timer.o)
 .text.TIM_InitTimer
                0x00000b5c       0xb0 /home/joaquin/Documents/MCUXpresso_25.6.136/workspace/CMSISv2p00_LPC17xx/Debug/libCMSISv2p00_LPC17xx.a(lpc17xx_timer.o)
                0x00000b5c                TIM_InitTimer
 .text.TIM_UpdateMatchValue
                0x00000c0c       0x50 /home/joaquin/Documents/MCUXpresso_25.6.136/workspace/CMSISv2p00_LPC17xx/Debug/libCMSISv2p00_LPC17xx.a(lpc17xx_timer.o)
                0x00000c0c                TIM_UpdateMatchValue
 .text.TIM_SetMatchExt
                0x00000c5c       0x6c /home/joaquin/Documents/MCUXpresso_25.6.136/workspace/CMSISv2p00_LPC17xx/Debug/libCMSISv2p00_LPC17xx.a(lpc17xx_timer.o)
                0x00000c5c                TIM_SetMatchExt
 .text.TIM_ConfigMatch
                0x00000cc8       0xc0 /home/joaquin/Documents/MCUXpresso_25.6.136/workspace/CMSISv2p00_LPC17xx/Debug/libCMSISv2p00_LPC17xx.a(lpc17xx_timer.o)
                0x00000cc8                TIM_ConfigMatch
 .text.UART_PinConfig
                0x00000d88       0x28 /home/joaquin/Documents/MCUXpresso_25.6.136/workspace/CMSISv2p00_LPC17xx/Debug/libCMSISv2p00_LPC17xx.a(lpc17xx_uart.o)
                0x00000d88                UART_PinConfig
 .text.UART_Init
                0x00000db0      0x22c /home/joaquin/Documents/MCUXpresso_25.6.136/workspace/CMSISv2p00_LPC17xx/Debug/libCMSISv2p00_LPC17xx.a(lpc17xx_uart.o)
                0x00000db0                UART_Init
 .text.UART_FIFOConfig
                0x00000fdc       0x7c /home/joaquin/Documents/MCUXpresso_25.6.136/workspace/CMSISv2p00_LPC17xx/Debug/libCMSISv2p00_LPC17xx.a(lpc17xx_uart.o)
                0x00000fdc                UART_FIFOConfig
 .text.UART_ReceiveByte
                0x00001058       0x38 /home/joaquin/Documents/MCUXpresso_25.6.136/workspace/CMSISv2p00_LPC17xx/Debug/libCMSISv2p00_LPC17xx.a(lpc17xx_uart.o)
                0x00001058                UART_ReceiveByte
 .text.UART_GetIntId
                0x00001090       0x40 /home/joaquin/Documents/MCUXpresso_25.6.136/workspace/CMSISv2p00_LPC17xx/Debug/libCMSISv2p00_LPC17xx.a(lpc17xx_uart.o)
                0x00001090                UART_GetIntId
 .text.UART_IntConfig
                0x000010d0       0x94 /home/joaquin/Documents/MCUXpresso_25.6.136/workspace/CMSISv2p00_LPC17xx/Debug/libCMSISv2p00_LPC17xx.a(lpc17xx_uart.o)
                0x000010d0                UART_IntConfig
 .text.UART_TxEnable
                0x00001164       0x44 /home/joaquin/Documents/MCUXpresso_25.6.136/workspace/CMSISv2p00_LPC17xx/Debug/libCMSISv2p00_LPC17xx.a(lpc17xx_uart.o)
                0x00001164                UART_TxEnable
 .text.__weak_main
                0x000011a8        0x4 /usr/local/mcuxpressoide-25.6.136/ide/plugins/com.nxp.mcuxpresso.tools.linux_25.6.0.202501151204/tools/bin/../lib/gcc/arm-none-eabi/14.2.1/../../../../arm-none-eabi/lib/thumb/v7-m/nofp/libcr_c.a(__weak__main.o)
                0x000011a8                __main
                0x000011a8                __weak_main
 .text.__aeabi_division_uldivmod
                0x000011ac      0x174 /usr/local/mcuxpressoide-25.6.136/ide/plugins/com.nxp.mcuxpresso.tools.linux_25.6.0.202501151204/tools/bin/../lib/gcc/arm-none-eabi/14.2.1/thumb/v7-m/nofp/libcr_eabihelpers.a(division_64.o)
                0x000011ac                __aeabi_uldivmod
                0x000011b0                __bhs_ldivmod1
 .text.__aeabi_division_idiv0
                0x00001320        0x2 /usr/local/mcuxpressoide-25.6.136/ide/plugins/com.nxp.mcuxpresso.tools.linux_25.6.0.202501151204/tools/bin/../lib/gcc/arm-none-eabi/14.2.1/thumb/v7-m/nofp/libcr_eabihelpers.a(division_idiv0.o)
                0x00001320                __aeabi_idiv0
 *(.rodata .rodata.* .constdata .constdata.*)
 *fill*         0x00001322        0x2 ff
 .rodata        0x00001324        0x8 ./src/plataform/timer_lpc1769.o
 .rodata        0x0000132c        0xc ./src/plataform/uart_lpc1769.o
 .rodata.ADC_Init.str1.1
                0x00001338       0x5d /home/joaquin/Documents/MCUXpresso_25.6.136/workspace/CMSISv2p00_LPC17xx/Debug/libCMSISv2p00_LPC17xx.a(lpc17xx_adc.o)
                                  0xe (size before relaxing)
 .rodata.CSWTCH.5
                0x00001395        0x3 /home/joaquin/Documents/MCUXpresso_25.6.136/workspace/CMSISv2p00_LPC17xx/Debug/libCMSISv2p00_LPC17xx.a(lpc17xx_clkpwr.o)
 .rodata.GPDMA_SetupChannel.str1.1
                0x00001398       0x10 /home/joaquin/Documents/MCUXpresso_25.6.136/workspace/CMSISv2p00_LPC17xx/Debug/libCMSISv2p00_LPC17xx.a(lpc17xx_gpdma.o)
 .rodata.GPIO_SetDir.str1.1
                0x00001398        0xf /home/joaquin/Documents/MCUXpresso_25.6.136/workspace/CMSISv2p00_LPC17xx/Debug/libCMSISv2p00_LPC17xx.a(lpc17xx_gpio.o)
 .rodata.PINSEL_ConfigPin.str1.1
                0x00001398       0x11 /home/joaquin/Documents/MCUXpresso_25.6.136/workspace/CMSISv2p00_LPC17xx/Debug/libCMSISv2p00_LPC17xx.a(lpc17xx_pinsel.o)
 .rodata.TIM_DeInit.str1.1
                0x00001398       0x10 /home/joaquin/Documents/MCUXpresso_25.6.136/workspace/CMSISv2p00_LPC17xx/Debug/libCMSISv2p00_LPC17xx.a(lpc17xx_timer.o)
 .rodata.clk_selectors.1
                0x00001398       0x10 /home/joaquin/Documents/MCUXpresso_25.6.136/workspace/CMSISv2p00_LPC17xx/Debug/libCMSISv2p00_LPC17xx.a(lpc17xx_timer.o)
 .rodata.UART_PinConfig.str1.1
                0x000013a8        0xf /home/joaquin/Documents/MCUXpresso_25.6.136/workspace/CMSISv2p00_LPC17xx/Debug/libCMSISv2p00_LPC17xx.a(lpc17xx_uart.o)
 .rodata.CSWTCH.33
                0x000013a8        0xe /home/joaquin/Documents/MCUXpresso_25.6.136/workspace/CMSISv2p00_LPC17xx/Debug/libCMSISv2p00_LPC17xx.a(lpc17xx_uart.o)
 .rodata.PinCfg.0
                0x000013b6       0x50 /home/joaquin/Documents/MCUXpresso_25.6.136/workspace/CMSISv2p00_LPC17xx/Debug/libCMSISv2p00_LPC17xx.a(lpc17xx_uart.o)
                0x00001408                        . = ALIGN (0x4)
 *fill*         0x00001406        0x2 ff

.glue_7         0x00001408        0x0
 .glue_7        0x00001408        0x0 linker stubs

.glue_7t        0x00001408        0x0
 .glue_7t       0x00001408        0x0 linker stubs

.vfp11_veneer   0x00001408        0x0
 .vfp11_veneer  0x00001408        0x0 linker stubs

.v4_bx          0x00001408        0x0
 .v4_bx         0x00001408        0x0 linker stubs

.iplt           0x00001408        0x0
 .iplt          0x00001408        0x0 ./src/thermal_control/thermal_control.o

.rel.dyn        0x00001408        0x0
 .rel.iplt      0x00001408        0x0 ./src/thermal_control/thermal_control.o

.ARM.extab
 *(.ARM.extab* .gnu.linkonce.armextab.*)

.ARM.exidx      0x00001408        0x0
                0x00001408                        __exidx_start = .
 *(.ARM.exidx* .gnu.linkonce.armexidx.*)
                0x00001408                        __exidx_end = .
                0x00001408                        _etext = .

.data_RAM2      0x2007c000        0x0 load address 0x00001408
 FILL mask 0xff
                [!provide]                        PROVIDE (__start_data_RAM2 = .)
                [!provide]                        PROVIDE (__start_data_RamAHB32 = .)
 *(.ramfunc.$RAM2)
 *(.ramfunc.$RamAHB32)
 *(.data.$RAM2)
 *(.data.$RamAHB32)
 *(.data.$RAM2.*)
 *(.data.$RamAHB32.*)
                0x2007c000                        . = ALIGN (0x4)
                [!provide]                        PROVIDE (__end_data_RAM2 = .)
                [!provide]                        PROVIDE (__end_data_RamAHB32 = .)

.uninit_RESERVED
                0x10000000        0x0
                0x10000000                        _start_uninit_RESERVED = .
 *(.bss.$RESERVED*)
                0x10000000                        . = ALIGN (0x4)
                0x10000000                        _end_uninit_RESERVED = .

.data           0x10000000        0x4 load address 0x00001408
 FILL mask 0xff
                0x10000000                        _data = .
                [!provide]                        PROVIDE (__start_data_RAM = .)
                [!provide]                        PROVIDE (__start_data_RamLoc32 = .)
 *(vtable)
 *(.ramfunc*)
 *(CodeQuickAccess)
 *(DataQuickAccess)
 *(RamFunction)
 *(.data*)
 .data.SystemCoreClock
                0x10000000        0x4 /home/joaquin/Documents/MCUXpresso_25.6.136/workspace/CMSISv2p00_LPC17xx/Debug/libCMSISv2p00_LPC17xx.a(system_LPC17xx.o)
                0x10000000                SystemCoreClock
                0x10000004                        . = ALIGN (0x4)
                0x10000004                        _edata = .
                [!provide]                        PROVIDE (__end_data_RAM = .)
                [!provide]                        PROVIDE (__end_data_RamLoc32 = .)

.igot.plt       0x10000004        0x0 load address 0x0000140c
 .igot.plt      0x10000004        0x0 ./src/thermal_control/thermal_control.o

.bss_RAM2       0x2007c000        0x0
                [!provide]                        PROVIDE (__start_bss_RAM2 = .)
                [!provide]                        PROVIDE (__start_bss_RamAHB32 = .)
 *(.bss.$RAM2)
 *(.bss.$RamAHB32)
 *(.bss.$RAM2.*)
 *(.bss.$RamAHB32.*)
                0x2007c000                        . = ALIGN ((. != 0x0)?0x4:0x1)
                [!provide]                        PROVIDE (__end_bss_RAM2 = .)
                [!provide]                        PROVIDE (__end_bss_RamAHB32 = .)

.bss            0x10000004       0xf4
                0x10000004                        _bss = .
                [!provide]                        PROVIDE (__start_bss_RAM = .)
                [!provide]                        PROVIDE (__start_bss_RamLoc32 = .)
 *(.bss*)
 .bss.bufferSensor1
                0x10000004       0x28 ./src/thermal_control/thermal_control.o
 .bss.bufferSensor2
                0x1000002c       0x28 ./src/thermal_control/thermal_control.o
 .bss.bufferSensor3
                0x10000054       0x28 ./src/thermal_control/thermal_control.o
 .bss.muestrasADC
                0x1000007c       0x78 ./src/plataform/dma_lpc1769.o
 .bss.dmaTermino
                0x100000f4        0x1 ./src/plataform/dma_lpc1769.o
 *(COMMON)
                0x100000f8                        . = ALIGN (0x4)
 *fill*         0x100000f5        0x3 
                0x100000f8                        _ebss = .
                [!provide]                        PROVIDE (__end_bss_RAM = .)
                [!provide]                        PROVIDE (__end_bss_RamLoc32 = .)
                [!provide]                        PROVIDE (end = .)

.noinit_RAM2    0x2007c000        0x0
                [!provide]                        PROVIDE (__start_noinit_RAM2 = .)
                [!provide]                        PROVIDE (__start_noinit_RamAHB32 = .)
 *(.noinit.$RAM2)
 *(.noinit.$RamAHB32)
 *(.noinit.$RAM2.*)
 *(.noinit.$RamAHB32.*)
                0x2007c000                        . = ALIGN (0x4)
                [!provide]                        PROVIDE (__end_noinit_RAM2 = .)
                [!provide]                        PROVIDE (__end_noinit_RamAHB32 = .)

.noinit         0x100000f8        0x0
                0x100000f8                        _noinit = .
                [!provide]                        PROVIDE (__start_noinit_RAM = .)
                [!provide]                        PROVIDE (__start_noinit_RamLoc32 = .)
 *(.noinit*)
                0x100000f8                        . = ALIGN (0x4)
                0x100000f8                        _end_noinit = .
                [!provide]                        PROVIDE (__end_noinit_RAM = .)
                [!provide]                        PROVIDE (__end_noinit_RamLoc32 = .)
                [!provide]                        PROVIDE (_pvHeapStart = DEFINED (__user_heap_base)?__user_heap_base:.)
                0x10008000                        PROVIDE (_vStackTop = DEFINED (__user_stack_top)?__user_stack_top:(__top_RamLoc32 - 0x0))
                0xefff749e                        PROVIDE (__valid_user_code_checksum = (0x0 - ((((((_vStackTop + (ResetISR + 0x1)) + (NMI_Handler + 0x1)) + (HardFault_Handler + 0x1)) + (DEFINED (MemManage_Handler)?MemManage_Handler:0x0 + 0x1)) + (DEFINED (BusFault_Handler)?BusFault_Handler:0x0 + 0x1)) + (DEFINED (UsageFault_Handler)?UsageFault_Handler:0x0 + 0x1))))
                0x00000000                        _image_start = LOADADDR (.text)
                0x0000140c                        _image_end = (LOADADDR (.data) + SIZEOF (.data))
                0x0000140c                        _image_size = (_image_end - _image_start)
OUTPUT(ed3-2026.axf elf32-littlearm)
LOAD linker stubs

.debug_info     0x00000000     0xa485
 .debug_info    0x00000000      0x190 ./src/thermal_control/thermal_control.o
 .debug_info    0x00000190      0x169 ./src/plataform/adc_lpc1769.o
 .debug_info    0x000002f9      0x609 ./src/plataform/dma_lpc1769.o
 .debug_info    0x00000902      0x38f ./src/plataform/timer_lpc1769.o
 .debug_info    0x00000c91      0x874 ./src/plataform/uart_lpc1769.o
 .debug_info    0x00001505      0x368 ./src/actuators/fan.o
 .debug_info    0x0000186d      0x368 ./src/actuators/lamp.o
 .debug_info    0x00001bd5      0x2a5 ./src/cr_startup_lpc175x_6x.o
 .debug_info    0x00001e7a       0x40 ./src/crp.o
 .debug_info    0x00001eba       0xb6 ./src/main.o
 .debug_info    0x00001f70      0x347 /home/joaquin/Documents/MCUXpresso_25.6.136/workspace/CMSISv2p00_LPC17xx/Debug/libCMSISv2p00_LPC17xx.a(system_LPC17xx.o)
 .debug_info    0x000022b7      0x930 /home/joaquin/Documents/MCUXpresso_25.6.136/workspace/CMSISv2p00_LPC17xx/Debug/libCMSISv2p00_LPC17xx.a(lpc17xx_adc.o)
 .debug_info    0x00002be7      0x6ca /home/joaquin/Documents/MCUXpresso_25.6.136/workspace/CMSISv2p00_LPC17xx/Debug/libCMSISv2p00_LPC17xx.a(lpc17xx_clkpwr.o)
 .debug_info    0x000032b1     0x17ce /home/joaquin/Documents/MCUXpresso_25.6.136/workspace/CMSISv2p00_LPC17xx/Debug/libCMSISv2p00_LPC17xx.a(lpc17xx_gpdma.o)
 .debug_info    0x00004a7f     0x2268 /home/joaquin/Documents/MCUXpresso_25.6.136/workspace/CMSISv2p00_LPC17xx/Debug/libCMSISv2p00_LPC17xx.a(lpc17xx_gpio.o)
 .debug_info    0x00006ce7       0xd4 /home/joaquin/Documents/MCUXpresso_25.6.136/workspace/CMSISv2p00_LPC17xx/Debug/libCMSISv2p00_LPC17xx.a(lpc17xx_libcfg_default.o)
 .debug_info    0x00006dbb      0x8ab /home/joaquin/Documents/MCUXpresso_25.6.136/workspace/CMSISv2p00_LPC17xx/Debug/libCMSISv2p00_LPC17xx.a(lpc17xx_pinsel.o)
 .debug_info    0x00007666     0x11be /home/joaquin/Documents/MCUXpresso_25.6.136/workspace/CMSISv2p00_LPC17xx/Debug/libCMSISv2p00_LPC17xx.a(lpc17xx_timer.o)
 .debug_info    0x00008824     0x1c17 /home/joaquin/Documents/MCUXpresso_25.6.136/workspace/CMSISv2p00_LPC17xx/Debug/libCMSISv2p00_LPC17xx.a(lpc17xx_uart.o)
 .debug_info    0x0000a43b       0x4a /usr/local/mcuxpressoide-25.6.136/ide/plugins/com.nxp.mcuxpresso.tools.linux_25.6.0.202501151204/tools/bin/../lib/gcc/arm-none-eabi/14.2.1/../../../../arm-none-eabi/lib/thumb/v7-m/nofp/libcr_c.a(__weak__main.o)

.debug_abbrev   0x00000000     0x1ee0
 .debug_abbrev  0x00000000       0xb8 ./src/thermal_control/thermal_control.o
 .debug_abbrev  0x000000b8       0xa3 ./src/plataform/adc_lpc1769.o
 .debug_abbrev  0x0000015b      0x19b ./src/plataform/dma_lpc1769.o
 .debug_abbrev  0x000002f6      0x128 ./src/plataform/timer_lpc1769.o
 .debug_abbrev  0x0000041e      0x220 ./src/plataform/uart_lpc1769.o
 .debug_abbrev  0x0000063e      0x105 ./src/actuators/fan.o
 .debug_abbrev  0x00000743      0x105 ./src/actuators/lamp.o
 .debug_abbrev  0x00000848      0x14d ./src/cr_startup_lpc175x_6x.o
 .debug_abbrev  0x00000995       0x38 ./src/crp.o
 .debug_abbrev  0x000009cd       0x80 ./src/main.o
 .debug_abbrev  0x00000a4d      0x10e /home/joaquin/Documents/MCUXpresso_25.6.136/workspace/CMSISv2p00_LPC17xx/Debug/libCMSISv2p00_LPC17xx.a(system_LPC17xx.o)
 .debug_abbrev  0x00000b5b      0x205 /home/joaquin/Documents/MCUXpresso_25.6.136/workspace/CMSISv2p00_LPC17xx/Debug/libCMSISv2p00_LPC17xx.a(lpc17xx_adc.o)
 .debug_abbrev  0x00000d60      0x202 /home/joaquin/Documents/MCUXpresso_25.6.136/workspace/CMSISv2p00_LPC17xx/Debug/libCMSISv2p00_LPC17xx.a(lpc17xx_clkpwr.o)
 .debug_abbrev  0x00000f62      0x31e /home/joaquin/Documents/MCUXpresso_25.6.136/workspace/CMSISv2p00_LPC17xx/Debug/libCMSISv2p00_LPC17xx.a(lpc17xx_gpdma.o)
 .debug_abbrev  0x00001280      0x300 /home/joaquin/Documents/MCUXpresso_25.6.136/workspace/CMSISv2p00_LPC17xx/Debug/libCMSISv2p00_LPC17xx.a(lpc17xx_gpio.o)
 .debug_abbrev  0x00001580       0x75 /home/joaquin/Documents/MCUXpresso_25.6.136/workspace/CMSISv2p00_LPC17xx/Debug/libCMSISv2p00_LPC17xx.a(lpc17xx_libcfg_default.o)
 .debug_abbrev  0x000015f5      0x20b /home/joaquin/Documents/MCUXpresso_25.6.136/workspace/CMSISv2p00_LPC17xx/Debug/libCMSISv2p00_LPC17xx.a(lpc17xx_pinsel.o)
 .debug_abbrev  0x00001800      0x344 /home/joaquin/Documents/MCUXpresso_25.6.136/workspace/CMSISv2p00_LPC17xx/Debug/libCMSISv2p00_LPC17xx.a(lpc17xx_timer.o)
 .debug_abbrev  0x00001b44      0x34d /home/joaquin/Documents/MCUXpresso_25.6.136/workspace/CMSISv2p00_LPC17xx/Debug/libCMSISv2p00_LPC17xx.a(lpc17xx_uart.o)
 .debug_abbrev  0x00001e91       0x4f /usr/local/mcuxpressoide-25.6.136/ide/plugins/com.nxp.mcuxpresso.tools.linux_25.6.0.202501151204/tools/bin/../lib/gcc/arm-none-eabi/14.2.1/../../../../arm-none-eabi/lib/thumb/v7-m/nofp/libcr_c.a(__weak__main.o)

.debug_aranges  0x00000000      0x6e8
 .debug_aranges
                0x00000000       0x20 ./src/thermal_control/thermal_control.o
 .debug_aranges
                0x00000020       0x20 ./src/plataform/adc_lpc1769.o
 .debug_aranges
                0x00000040       0x38 ./src/plataform/dma_lpc1769.o
 .debug_aranges
                0x00000078       0x20 ./src/plataform/timer_lpc1769.o
 .debug_aranges
                0x00000098       0x30 ./src/plataform/uart_lpc1769.o
 .debug_aranges
                0x000000c8       0x30 ./src/actuators/fan.o
 .debug_aranges
                0x000000f8       0x30 ./src/actuators/lamp.o
 .debug_aranges
                0x00000128       0x80 ./src/cr_startup_lpc175x_6x.o
 .debug_aranges
                0x000001a8       0x18 ./src/crp.o
 .debug_aranges
                0x000001c0       0x20 ./src/main.o
 .debug_aranges
                0x000001e0       0x28 /home/joaquin/Documents/MCUXpresso_25.6.136/workspace/CMSISv2p00_LPC17xx/Debug/libCMSISv2p00_LPC17xx.a(system_LPC17xx.o)
 .debug_aranges
                0x00000208       0xa0 /home/joaquin/Documents/MCUXpresso_25.6.136/workspace/CMSISv2p00_LPC17xx/Debug/libCMSISv2p00_LPC17xx.a(lpc17xx_adc.o)
 .debug_aranges
                0x000002a8       0x58 /home/joaquin/Documents/MCUXpresso_25.6.136/workspace/CMSISv2p00_LPC17xx/Debug/libCMSISv2p00_LPC17xx.a(lpc17xx_clkpwr.o)
 .debug_aranges
                0x00000300       0x68 /home/joaquin/Documents/MCUXpresso_25.6.136/workspace/CMSISv2p00_LPC17xx/Debug/libCMSISv2p00_LPC17xx.a(lpc17xx_gpdma.o)
 .debug_aranges
                0x00000368      0x158 /home/joaquin/Documents/MCUXpresso_25.6.136/workspace/CMSISv2p00_LPC17xx/Debug/libCMSISv2p00_LPC17xx.a(lpc17xx_gpio.o)
 .debug_aranges
                0x000004c0       0x20 /home/joaquin/Documents/MCUXpresso_25.6.136/workspace/CMSISv2p00_LPC17xx/Debug/libCMSISv2p00_LPC17xx.a(lpc17xx_libcfg_default.o)
 .debug_aranges
                0x000004e0       0x38 /home/joaquin/Documents/MCUXpresso_25.6.136/workspace/CMSISv2p00_LPC17xx/Debug/libCMSISv2p00_LPC17xx.a(lpc17xx_pinsel.o)
 .debug_aranges
                0x00000518       0xa0 /home/joaquin/Documents/MCUXpresso_25.6.136/workspace/CMSISv2p00_LPC17xx/Debug/libCMSISv2p00_LPC17xx.a(lpc17xx_timer.o)
 .debug_aranges
                0x000005b8      0x110 /home/joaquin/Documents/MCUXpresso_25.6.136/workspace/CMSISv2p00_LPC17xx/Debug/libCMSISv2p00_LPC17xx.a(lpc17xx_uart.o)
 .debug_aranges
                0x000006c8       0x20 /usr/local/mcuxpressoide-25.6.136/ide/plugins/com.nxp.mcuxpresso.tools.linux_25.6.0.202501151204/tools/bin/../lib/gcc/arm-none-eabi/14.2.1/../../../../arm-none-eabi/lib/thumb/v7-m/nofp/libcr_c.a(__weak__main.o)

.debug_ranges   0x00000000      0x728
 .debug_ranges  0x00000000       0x10 ./src/thermal_control/thermal_control.o
 .debug_ranges  0x00000010       0x10 ./src/plataform/adc_lpc1769.o
 .debug_ranges  0x00000020       0x28 ./src/plataform/dma_lpc1769.o
 .debug_ranges  0x00000048       0x10 ./src/plataform/timer_lpc1769.o
 .debug_ranges  0x00000058       0x20 ./src/plataform/uart_lpc1769.o
 .debug_ranges  0x00000078       0x20 ./src/actuators/fan.o
 .debug_ranges  0x00000098       0x20 ./src/actuators/lamp.o
 .debug_ranges  0x000000b8       0x70 ./src/cr_startup_lpc175x_6x.o
 .debug_ranges  0x00000128       0x10 ./src/main.o
 .debug_ranges  0x00000138       0x18 /home/joaquin/Documents/MCUXpresso_25.6.136/workspace/CMSISv2p00_LPC17xx/Debug/libCMSISv2p00_LPC17xx.a(system_LPC17xx.o)
 .debug_ranges  0x00000150       0x90 /home/joaquin/Documents/MCUXpresso_25.6.136/workspace/CMSISv2p00_LPC17xx/Debug/libCMSISv2p00_LPC17xx.a(lpc17xx_adc.o)
 .debug_ranges  0x000001e0       0x48 /home/joaquin/Documents/MCUXpresso_25.6.136/workspace/CMSISv2p00_LPC17xx/Debug/libCMSISv2p00_LPC17xx.a(lpc17xx_clkpwr.o)
 .debug_ranges  0x00000228       0x70 /home/joaquin/Documents/MCUXpresso_25.6.136/workspace/CMSISv2p00_LPC17xx/Debug/libCMSISv2p00_LPC17xx.a(lpc17xx_gpdma.o)
 .debug_ranges  0x00000298      0x1f0 /home/joaquin/Documents/MCUXpresso_25.6.136/workspace/CMSISv2p00_LPC17xx/Debug/libCMSISv2p00_LPC17xx.a(lpc17xx_gpio.o)
 .debug_ranges  0x00000488       0x10 /home/joaquin/Documents/MCUXpresso_25.6.136/workspace/CMSISv2p00_LPC17xx/Debug/libCMSISv2p00_LPC17xx.a(lpc17xx_libcfg_default.o)
 .debug_ranges  0x00000498       0x78 /home/joaquin/Documents/MCUXpresso_25.6.136/workspace/CMSISv2p00_LPC17xx/Debug/libCMSISv2p00_LPC17xx.a(lpc17xx_pinsel.o)
 .debug_ranges  0x00000510       0xc0 /home/joaquin/Documents/MCUXpresso_25.6.136/workspace/CMSISv2p00_LPC17xx/Debug/libCMSISv2p00_LPC17xx.a(lpc17xx_timer.o)
 .debug_ranges  0x000005d0      0x148 /home/joaquin/Documents/MCUXpresso_25.6.136/workspace/CMSISv2p00_LPC17xx/Debug/libCMSISv2p00_LPC17xx.a(lpc17xx_uart.o)
 .debug_ranges  0x00000718       0x10 /usr/local/mcuxpressoide-25.6.136/ide/plugins/com.nxp.mcuxpresso.tools.linux_25.6.0.202501151204/tools/bin/../lib/gcc/arm-none-eabi/14.2.1/../../../../arm-none-eabi/lib/thumb/v7-m/nofp/libcr_c.a(__weak__main.o)

.debug_macro    0x00000000     0x407e
 .debug_macro   0x00000000       0x92 ./src/thermal_control/thermal_control.o
 .debug_macro   0x00000092      0xade ./src/thermal_control/thermal_control.o
 .debug_macro   0x00000b70       0x1c ./src/thermal_control/thermal_control.o
 .debug_macro   0x00000b8c       0x2e ./src/thermal_control/thermal_control.o
 .debug_macro   0x00000bba       0x10 ./src/thermal_control/thermal_control.o
 .debug_macro   0x00000bca      0x12e ./src/thermal_control/thermal_control.o
 .debug_macro   0x00000cf8      0x5b3 ./src/thermal_control/thermal_control.o
 .debug_macro   0x000012ab       0x18 ./src/thermal_control/thermal_control.o
 .debug_macro   0x000012c3      0x7af ./src/thermal_control/thermal_control.o
 .debug_macro   0x00001a72      0x2c7 ./src/thermal_control/thermal_control.o
 .debug_macro   0x00001d39       0x82 ./src/thermal_control/thermal_control.o
 .debug_macro   0x00001dbb       0xa0 ./src/plataform/adc_lpc1769.o
 .debug_macro   0x00001e5b       0x63 ./src/plataform/adc_lpc1769.o
 .debug_macro   0x00001ebe       0xe1 ./src/plataform/adc_lpc1769.o
 .debug_macro   0x00001f9f       0xb0 ./src/plataform/dma_lpc1769.o
 .debug_macro   0x0000204f       0xbf ./src/plataform/dma_lpc1769.o
 .debug_macro   0x0000210e       0xa0 ./src/plataform/timer_lpc1769.o
 .debug_macro   0x000021ae       0xf1 ./src/plataform/timer_lpc1769.o
 .debug_macro   0x0000229f       0xb4 ./src/plataform/uart_lpc1769.o
 .debug_macro   0x00002353      0x36c ./src/plataform/uart_lpc1769.o
 .debug_macro   0x000026bf       0xb7 ./src/actuators/fan.o
 .debug_macro   0x00002776       0x16 ./src/actuators/fan.o
 .debug_macro   0x0000278c       0x4c ./src/actuators/fan.o
 .debug_macro   0x000027d8       0x6a ./src/actuators/fan.o
 .debug_macro   0x00002842       0xb7 ./src/actuators/lamp.o
 .debug_macro   0x000028f9       0x1d ./src/cr_startup_lpc175x_6x.o
 .debug_macro   0x00002916       0x1a ./src/crp.o
 .debug_macro   0x00002930       0x34 ./src/crp.o
 .debug_macro   0x00002964       0x88 ./src/main.o
 .debug_macro   0x000029ec      0x12b /home/joaquin/Documents/MCUXpresso_25.6.136/workspace/CMSISv2p00_LPC17xx/Debug/libCMSISv2p00_LPC17xx.a(system_LPC17xx.o)
 .debug_macro   0x00002b17      0xad8 /home/joaquin/Documents/MCUXpresso_25.6.136/workspace/CMSISv2p00_LPC17xx/Debug/libCMSISv2p00_LPC17xx.a(system_LPC17xx.o)
 .debug_macro   0x000035ef       0xb3 /home/joaquin/Documents/MCUXpresso_25.6.136/workspace/CMSISv2p00_LPC17xx/Debug/libCMSISv2p00_LPC17xx.a(lpc17xx_adc.o)
 .debug_macro   0x000036a2      0x2f1 /home/joaquin/Documents/MCUXpresso_25.6.136/workspace/CMSISv2p00_LPC17xx/Debug/libCMSISv2p00_LPC17xx.a(lpc17xx_adc.o)
 .debug_macro   0x00003993       0xd7 /home/joaquin/Documents/MCUXpresso_25.6.136/workspace/CMSISv2p00_LPC17xx/Debug/libCMSISv2p00_LPC17xx.a(lpc17xx_adc.o)
 .debug_macro   0x00003a6a       0x97 /home/joaquin/Documents/MCUXpresso_25.6.136/workspace/CMSISv2p00_LPC17xx/Debug/libCMSISv2p00_LPC17xx.a(lpc17xx_clkpwr.o)
 .debug_macro   0x00003b01       0xb3 /home/joaquin/Documents/MCUXpresso_25.6.136/workspace/CMSISv2p00_LPC17xx/Debug/libCMSISv2p00_LPC17xx.a(lpc17xx_gpdma.o)
 .debug_macro   0x00003bb4       0x9f /home/joaquin/Documents/MCUXpresso_25.6.136/workspace/CMSISv2p00_LPC17xx/Debug/libCMSISv2p00_LPC17xx.a(lpc17xx_gpio.o)
 .debug_macro   0x00003c53       0x64 /home/joaquin/Documents/MCUXpresso_25.6.136/workspace/CMSISv2p00_LPC17xx/Debug/libCMSISv2p00_LPC17xx.a(lpc17xx_gpio.o)
 .debug_macro   0x00003cb7       0x5a /home/joaquin/Documents/MCUXpresso_25.6.136/workspace/CMSISv2p00_LPC17xx/Debug/libCMSISv2p00_LPC17xx.a(lpc17xx_libcfg_default.o)
 .debug_macro   0x00003d11       0x5d /home/joaquin/Documents/MCUXpresso_25.6.136/workspace/CMSISv2p00_LPC17xx/Debug/libCMSISv2p00_LPC17xx.a(lpc17xx_libcfg_default.o)
 .debug_macro   0x00003d6e       0xd1 /home/joaquin/Documents/MCUXpresso_25.6.136/workspace/CMSISv2p00_LPC17xx/Debug/libCMSISv2p00_LPC17xx.a(lpc17xx_libcfg_default.o)
 .debug_macro   0x00003e3f       0xa9 /home/joaquin/Documents/MCUXpresso_25.6.136/workspace/CMSISv2p00_LPC17xx/Debug/libCMSISv2p00_LPC17xx.a(lpc17xx_pinsel.o)
 .debug_macro   0x00003ee8       0xcb /home/joaquin/Documents/MCUXpresso_25.6.136/workspace/CMSISv2p00_LPC17xx/Debug/libCMSISv2p00_LPC17xx.a(lpc17xx_timer.o)
 .debug_macro   0x00003fb3       0xcb /home/joaquin/Documents/MCUXpresso_25.6.136/workspace/CMSISv2p00_LPC17xx/Debug/libCMSISv2p00_LPC17xx.a(lpc17xx_uart.o)

.debug_line     0x00000000     0x651b
 .debug_line    0x00000000      0x366 ./src/thermal_control/thermal_control.o
 .debug_line    0x00000366      0x341 ./src/plataform/adc_lpc1769.o
 .debug_line    0x000006a7      0x3dc ./src/plataform/dma_lpc1769.o
 .debug_line    0x00000a83      0x348 ./src/plataform/timer_lpc1769.o
 .debug_line    0x00000dcb      0x3d9 ./src/plataform/uart_lpc1769.o
 .debug_line    0x000011a4      0x36c ./src/actuators/fan.o
 .debug_line    0x00001510      0x36e ./src/actuators/lamp.o
 .debug_line    0x0000187e      0x11e ./src/cr_startup_lpc175x_6x.o
 .debug_line    0x0000199c       0xb2 ./src/crp.o
 .debug_line    0x00001a4e      0x2ca ./src/main.o
 .debug_line    0x00001d18      0x414 /home/joaquin/Documents/MCUXpresso_25.6.136/workspace/CMSISv2p00_LPC17xx/Debug/libCMSISv2p00_LPC17xx.a(system_LPC17xx.o)
 .debug_line    0x0000212c      0x748 /home/joaquin/Documents/MCUXpresso_25.6.136/workspace/CMSISv2p00_LPC17xx/Debug/libCMSISv2p00_LPC17xx.a(lpc17xx_adc.o)
 .debug_line    0x00002874      0x469 /home/joaquin/Documents/MCUXpresso_25.6.136/workspace/CMSISv2p00_LPC17xx/Debug/libCMSISv2p00_LPC17xx.a(lpc17xx_clkpwr.o)
 .debug_line    0x00002cdd      0x86e /home/joaquin/Documents/MCUXpresso_25.6.136/workspace/CMSISv2p00_LPC17xx/Debug/libCMSISv2p00_LPC17xx.a(lpc17xx_gpdma.o)
 .debug_line    0x0000354b      0xed2 /home/joaquin/Documents/MCUXpresso_25.6.136/workspace/CMSISv2p00_LPC17xx/Debug/libCMSISv2p00_LPC17xx.a(lpc17xx_gpio.o)
 .debug_line    0x0000441d      0x211 /home/joaquin/Documents/MCUXpresso_25.6.136/workspace/CMSISv2p00_LPC17xx/Debug/libCMSISv2p00_LPC17xx.a(lpc17xx_libcfg_default.o)
 .debug_line    0x0000462e      0x4c5 /home/joaquin/Documents/MCUXpresso_25.6.136/workspace/CMSISv2p00_LPC17xx/Debug/libCMSISv2p00_LPC17xx.a(lpc17xx_pinsel.o)
 .debug_line    0x00004af3      0x978 /home/joaquin/Documents/MCUXpresso_25.6.136/workspace/CMSISv2p00_LPC17xx/Debug/libCMSISv2p00_LPC17xx.a(lpc17xx_timer.o)
 .debug_line    0x0000546b     0x1066 /home/joaquin/Documents/MCUXpresso_25.6.136/workspace/CMSISv2p00_LPC17xx/Debug/libCMSISv2p00_LPC17xx.a(lpc17xx_uart.o)
 .debug_line    0x000064d1       0x4a /usr/local/mcuxpressoide-25.6.136/ide/plugins/com.nxp.mcuxpresso.tools.linux_25.6.0.202501151204/tools/bin/../lib/gcc/arm-none-eabi/14.2.1/../../../../arm-none-eabi/lib/thumb/v7-m/nofp/libcr_c.a(__weak__main.o)

.debug_str      0x00000000    0x1046f
 .debug_str     0x00000000    0x1046f ./src/thermal_control/thermal_control.o
                               0x8b40 (size before relaxing)
 .debug_str     0x0001046f     0x9346 ./src/plataform/adc_lpc1769.o
 .debug_str     0x0001046f     0x9794 ./src/plataform/dma_lpc1769.o
 .debug_str     0x0001046f     0x94fc ./src/plataform/timer_lpc1769.o
 .debug_str     0x0001046f     0xa9e2 ./src/plataform/uart_lpc1769.o
 .debug_str     0x0001046f     0x90b1 ./src/actuators/fan.o
 .debug_str     0x0001046f     0x90b7 ./src/actuators/lamp.o
 .debug_str     0x0001046f     0x308c ./src/cr_startup_lpc175x_6x.o
 .debug_str     0x0001046f     0x2f75 ./src/crp.o
 .debug_str     0x0001046f     0x8abe ./src/main.o
 .debug_str     0x0001046f     0x8a45 /home/joaquin/Documents/MCUXpresso_25.6.136/workspace/CMSISv2p00_LPC17xx/Debug/libCMSISv2p00_LPC17xx.a(system_LPC17xx.o)
 .debug_str     0x0001046f     0xa61e /home/joaquin/Documents/MCUXpresso_25.6.136/workspace/CMSISv2p00_LPC17xx/Debug/libCMSISv2p00_LPC17xx.a(lpc17xx_adc.o)
 .debug_str     0x0001046f     0x9c5b /home/joaquin/Documents/MCUXpresso_25.6.136/workspace/CMSISv2p00_LPC17xx/Debug/libCMSISv2p00_LPC17xx.a(lpc17xx_clkpwr.o)
 .debug_str     0x0001046f     0xab98 /home/joaquin/Documents/MCUXpresso_25.6.136/workspace/CMSISv2p00_LPC17xx/Debug/libCMSISv2p00_LPC17xx.a(lpc17xx_gpdma.o)
 .debug_str     0x0001046f     0x94b5 /home/joaquin/Documents/MCUXpresso_25.6.136/workspace/CMSISv2p00_LPC17xx/Debug/libCMSISv2p00_LPC17xx.a(lpc17xx_gpio.o)
 .debug_str     0x0001046f     0x4863 /home/joaquin/Documents/MCUXpresso_25.6.136/workspace/CMSISv2p00_LPC17xx/Debug/libCMSISv2p00_LPC17xx.a(lpc17xx_libcfg_default.o)
 .debug_str     0x0001046f     0x900a /home/joaquin/Documents/MCUXpresso_25.6.136/workspace/CMSISv2p00_LPC17xx/Debug/libCMSISv2p00_LPC17xx.a(lpc17xx_pinsel.o)
 .debug_str     0x0001046f     0xacc3 /home/joaquin/Documents/MCUXpresso_25.6.136/workspace/CMSISv2p00_LPC17xx/Debug/libCMSISv2p00_LPC17xx.a(lpc17xx_timer.o)
 .debug_str     0x0001046f     0xc18d /home/joaquin/Documents/MCUXpresso_25.6.136/workspace/CMSISv2p00_LPC17xx/Debug/libCMSISv2p00_LPC17xx.a(lpc17xx_uart.o)
 .debug_str     0x0001046f      0x126 /usr/local/mcuxpressoide-25.6.136/ide/plugins/com.nxp.mcuxpresso.tools.linux_25.6.0.202501151204/tools/bin/../lib/gcc/arm-none-eabi/14.2.1/../../../../arm-none-eabi/lib/thumb/v7-m/nofp/libcr_c.a(__weak__main.o)

.comment        0x00000000       0x45
 .comment       0x00000000       0x45 ./src/thermal_control/thermal_control.o
                                 0x46 (size before relaxing)
 .comment       0x00000045       0x46 ./src/plataform/adc_lpc1769.o
 .comment       0x00000045       0x46 ./src/plataform/dma_lpc1769.o
 .comment       0x00000045       0x46 ./src/plataform/timer_lpc1769.o
 .comment       0x00000045       0x46 ./src/plataform/uart_lpc1769.o
 .comment       0x00000045       0x46 ./src/actuators/fan.o
 .comment       0x00000045       0x46 ./src/actuators/lamp.o
 .comment       0x00000045       0x46 ./src/cr_startup_lpc175x_6x.o
 .comment       0x00000045       0x46 ./src/crp.o
 .comment       0x00000045       0x46 ./src/main.o
 .comment       0x00000045       0x46 /home/joaquin/Documents/MCUXpresso_25.6.136/workspace/CMSISv2p00_LPC17xx/Debug/libCMSISv2p00_LPC17xx.a(system_LPC17xx.o)
 .comment       0x00000045       0x46 /home/joaquin/Documents/MCUXpresso_25.6.136/workspace/CMSISv2p00_LPC17xx/Debug/libCMSISv2p00_LPC17xx.a(lpc17xx_adc.o)
 .comment       0x00000045       0x46 /home/joaquin/Documents/MCUXpresso_25.6.136/workspace/CMSISv2p00_LPC17xx/Debug/libCMSISv2p00_LPC17xx.a(lpc17xx_clkpwr.o)
 .comment       0x00000045       0x46 /home/joaquin/Documents/MCUXpresso_25.6.136/workspace/CMSISv2p00_LPC17xx/Debug/libCMSISv2p00_LPC17xx.a(lpc17xx_gpdma.o)
 .comment       0x00000045       0x46 /home/joaquin/Documents/MCUXpresso_25.6.136/workspace/CMSISv2p00_LPC17xx/Debug/libCMSISv2p00_LPC17xx.a(lpc17xx_gpio.o)
 .comment       0x00000045       0x46 /home/joaquin/Documents/MCUXpresso_25.6.136/workspace/CMSISv2p00_LPC17xx/Debug/libCMSISv2p00_LPC17xx.a(lpc17xx_libcfg_default.o)
 .comment       0x00000045       0x46 /home/joaquin/Documents/MCUXpresso_25.6.136/workspace/CMSISv2p00_LPC17xx/Debug/libCMSISv2p00_LPC17xx.a(lpc17xx_pinsel.o)
 .comment       0x00000045       0x46 /home/joaquin/Documents/MCUXpresso_25.6.136/workspace/CMSISv2p00_LPC17xx/Debug/libCMSISv2p00_LPC17xx.a(lpc17xx_timer.o)
 .comment       0x00000045       0x46 /home/joaquin/Documents/MCUXpresso_25.6.136/workspace/CMSISv2p00_LPC17xx/Debug/libCMSISv2p00_LPC17xx.a(lpc17xx_uart.o)
 .comment       0x00000045       0x46 /usr/local/mcuxpressoide-25.6.136/ide/plugins/com.nxp.mcuxpresso.tools.linux_25.6.0.202501151204/tools/bin/../lib/gcc/arm-none-eabi/14.2.1/../../../../arm-none-eabi/lib/thumb/v7-m/nofp/libcr_c.a(__weak__main.o)

.ARM.attributes
                0x00000000       0x2b
 .ARM.attributes
                0x00000000       0x2d ./src/thermal_control/thermal_control.o
 .ARM.attributes
                0x0000002d       0x2d ./src/plataform/adc_lpc1769.o
 .ARM.attributes
                0x0000005a       0x2d ./src/plataform/dma_lpc1769.o
 .ARM.attributes
                0x00000087       0x2d ./src/plataform/timer_lpc1769.o
 .ARM.attributes
                0x000000b4       0x2d ./src/plataform/uart_lpc1769.o
 .ARM.attributes
                0x000000e1       0x2d ./src/actuators/fan.o
 .ARM.attributes
                0x0000010e       0x2d ./src/actuators/lamp.o
 .ARM.attributes
                0x0000013b       0x2d ./src/cr_startup_lpc175x_6x.o
 .ARM.attributes
                0x00000168       0x2d ./src/crp.o
 .ARM.attributes
                0x00000195       0x2d ./src/main.o
 .ARM.attributes
                0x000001c2       0x2d /home/joaquin/Documents/MCUXpresso_25.6.136/workspace/CMSISv2p00_LPC17xx/Debug/libCMSISv2p00_LPC17xx.a(system_LPC17xx.o)
 .ARM.attributes
                0x000001ef       0x2d /home/joaquin/Documents/MCUXpresso_25.6.136/workspace/CMSISv2p00_LPC17xx/Debug/libCMSISv2p00_LPC17xx.a(lpc17xx_adc.o)
 .ARM.attributes
                0x0000021c       0x2d /home/joaquin/Documents/MCUXpresso_25.6.136/workspace/CMSISv2p00_LPC17xx/Debug/libCMSISv2p00_LPC17xx.a(lpc17xx_clkpwr.o)
 .ARM.attributes
                0x00000249       0x2d /home/joaquin/Documents/MCUXpresso_25.6.136/workspace/CMSISv2p00_LPC17xx/Debug/libCMSISv2p00_LPC17xx.a(lpc17xx_gpdma.o)
 .ARM.attributes
                0x00000276       0x2d /home/joaquin/Documents/MCUXpresso_25.6.136/workspace/CMSISv2p00_LPC17xx/Debug/libCMSISv2p00_LPC17xx.a(lpc17xx_gpio.o)
 .ARM.attributes
                0x000002a3       0x2d /home/joaquin/Documents/MCUXpresso_25.6.136/workspace/CMSISv2p00_LPC17xx/Debug/libCMSISv2p00_LPC17xx.a(lpc17xx_libcfg_default.o)
 .ARM.attributes
                0x000002d0       0x2d /home/joaquin/Documents/MCUXpresso_25.6.136/workspace/CMSISv2p00_LPC17xx/Debug/libCMSISv2p00_LPC17xx.a(lpc17xx_pinsel.o)
 .ARM.attributes
                0x000002fd       0x2d /home/joaquin/Documents/MCUXpresso_25.6.136/workspace/CMSISv2p00_LPC17xx/Debug/libCMSISv2p00_LPC17xx.a(lpc17xx_timer.o)
 .ARM.attributes
                0x0000032a       0x2d /home/joaquin/Documents/MCUXpresso_25.6.136/workspace/CMSISv2p00_LPC17xx/Debug/libCMSISv2p00_LPC17xx.a(lpc17xx_uart.o)
 .ARM.attributes
                0x00000357       0x2d /usr/local/mcuxpressoide-25.6.136/ide/plugins/com.nxp.mcuxpresso.tools.linux_25.6.0.202501151204/tools/bin/../lib/gcc/arm-none-eabi/14.2.1/../../../../arm-none-eabi/lib/thumb/v7-m/nofp/libcr_c.a(__weak__main.o)
 .ARM.attributes
                0x00000384       0x1b /usr/local/mcuxpressoide-25.6.136/ide/plugins/com.nxp.mcuxpresso.tools.linux_25.6.0.202501151204/tools/bin/../lib/gcc/arm-none-eabi/14.2.1/thumb/v7-m/nofp/libcr_eabihelpers.a(division_64.o)
 .ARM.attributes
                0x0000039f       0x1b /usr/local/mcuxpressoide-25.6.136/ide/plugins/com.nxp.mcuxpresso.tools.linux_25.6.0.202501151204/tools/bin/../lib/gcc/arm-none-eabi/14.2.1/thumb/v7-m/nofp/libcr_eabihelpers.a(division_idiv0.o)

.debug_frame    0x00000000     0x1118
 .debug_frame   0x00000000       0x34 ./src/thermal_control/thermal_control.o
 .debug_frame   0x00000034       0x2c ./src/plataform/adc_lpc1769.o
 .debug_frame   0x00000060       0x90 ./src/plataform/dma_lpc1769.o
 .debug_frame   0x000000f0       0x34 ./src/plataform/timer_lpc1769.o
 .debug_frame   0x00000124       0x80 ./src/plataform/uart_lpc1769.o
 .debug_frame   0x000001a4       0x6c ./src/actuators/fan.o
 .debug_frame   0x00000210       0x6c ./src/actuators/lamp.o
 .debug_frame   0x0000027c      0x170 ./src/cr_startup_lpc175x_6x.o
 .debug_frame   0x000003ec       0x2c ./src/main.o
 .debug_frame   0x00000418       0x38 /home/joaquin/Documents/MCUXpresso_25.6.136/workspace/CMSISv2p00_LPC17xx/Debug/libCMSISv2p00_LPC17xx.a(system_LPC17xx.o)
 .debug_frame   0x00000450      0x174 /home/joaquin/Documents/MCUXpresso_25.6.136/workspace/CMSISv2p00_LPC17xx/Debug/libCMSISv2p00_LPC17xx.a(lpc17xx_adc.o)
 .debug_frame   0x000005c4       0xa0 /home/joaquin/Documents/MCUXpresso_25.6.136/workspace/CMSISv2p00_LPC17xx/Debug/libCMSISv2p00_LPC17xx.a(lpc17xx_clkpwr.o)
 .debug_frame   0x00000664      0x108 /home/joaquin/Documents/MCUXpresso_25.6.136/workspace/CMSISv2p00_LPC17xx/Debug/libCMSISv2p00_LPC17xx.a(lpc17xx_gpdma.o)
 .debug_frame   0x0000076c      0x3e0 /home/joaquin/Documents/MCUXpresso_25.6.136/workspace/CMSISv2p00_LPC17xx/Debug/libCMSISv2p00_LPC17xx.a(lpc17xx_gpio.o)
 .debug_frame   0x00000b4c       0x20 /home/joaquin/Documents/MCUXpresso_25.6.136/workspace/CMSISv2p00_LPC17xx/Debug/libCMSISv2p00_LPC17xx.a(lpc17xx_libcfg_default.o)
 .debug_frame   0x00000b6c       0x84 /home/joaquin/Documents/MCUXpresso_25.6.136/workspace/CMSISv2p00_LPC17xx/Debug/libCMSISv2p00_LPC17xx.a(lpc17xx_pinsel.o)
 .debug_frame   0x00000bf0      0x1e8 /home/joaquin/Documents/MCUXpresso_25.6.136/workspace/CMSISv2p00_LPC17xx/Debug/libCMSISv2p00_LPC17xx.a(lpc17xx_timer.o)
 .debug_frame   0x00000dd8      0x320 /home/joaquin/Documents/MCUXpresso_25.6.136/workspace/CMSISv2p00_LPC17xx/Debug/libCMSISv2p00_LPC17xx.a(lpc17xx_uart.o)
 .debug_frame   0x000010f8       0x20 /usr/local/mcuxpressoide-25.6.136/ide/plugins/com.nxp.mcuxpresso.tools.linux_25.6.0.202501151204/tools/bin/../lib/gcc/arm-none-eabi/14.2.1/../../../../arm-none-eabi/lib/thumb/v7-m/nofp/libcr_c.a(__weak__main.o)

.debug_loc      0x00000000     0x45e9
 .debug_loc     0x00000000      0x42a /home/joaquin/Documents/MCUXpresso_25.6.136/workspace/CMSISv2p00_LPC17xx/Debug/libCMSISv2p00_LPC17xx.a(lpc17xx_adc.o)
 .debug_loc     0x0000042a      0x21b /home/joaquin/Documents/MCUXpresso_25.6.136/workspace/CMSISv2p00_LPC17xx/Debug/libCMSISv2p00_LPC17xx.a(lpc17xx_clkpwr.o)
 .debug_loc     0x00000645      0x6c2 /home/joaquin/Documents/MCUXpresso_25.6.136/workspace/CMSISv2p00_LPC17xx/Debug/libCMSISv2p00_LPC17xx.a(lpc17xx_gpdma.o)
 .debug_loc     0x00000d07     0x1bd9 /home/joaquin/Documents/MCUXpresso_25.6.136/workspace/CMSISv2p00_LPC17xx/Debug/libCMSISv2p00_LPC17xx.a(lpc17xx_gpio.o)
 .debug_loc     0x000028e0       0x2a /home/joaquin/Documents/MCUXpresso_25.6.136/workspace/CMSISv2p00_LPC17xx/Debug/libCMSISv2p00_LPC17xx.a(lpc17xx_libcfg_default.o)
 .debug_loc     0x0000290a      0x312 /home/joaquin/Documents/MCUXpresso_25.6.136/workspace/CMSISv2p00_LPC17xx/Debug/libCMSISv2p00_LPC17xx.a(lpc17xx_pinsel.o)
 .debug_loc     0x00002c1c      0x80c /home/joaquin/Documents/MCUXpresso_25.6.136/workspace/CMSISv2p00_LPC17xx/Debug/libCMSISv2p00_LPC17xx.a(lpc17xx_timer.o)
 .debug_loc     0x00003428     0x11c1 /home/joaquin/Documents/MCUXpresso_25.6.136/workspace/CMSISv2p00_LPC17xx/Debug/libCMSISv2p00_LPC17xx.a(lpc17xx_uart.o)

Cross Reference Table

Symbol                                            File
ADC_BurstDisable                                  /home/joaquin/Documents/MCUXpresso_25.6.136/workspace/CMSISv2p00_LPC17xx/Debug/libCMSISv2p00_LPC17xx.a(lpc17xx_adc.o)
ADC_BurstEnable                                   /home/joaquin/Documents/MCUXpresso_25.6.136/workspace/CMSISv2p00_LPC17xx/Debug/libCMSISv2p00_LPC17xx.a(lpc17xx_adc.o)
ADC_ChannelDisable                                /home/joaquin/Documents/MCUXpresso_25.6.136/workspace/CMSISv2p00_LPC17xx/Debug/libCMSISv2p00_LPC17xx.a(lpc17xx_adc.o)
ADC_ChannelEnable                                 /home/joaquin/Documents/MCUXpresso_25.6.136/workspace/CMSISv2p00_LPC17xx/Debug/libCMSISv2p00_LPC17xx.a(lpc17xx_adc.o)
                                                  ./src/plataform/adc_lpc1769.o
ADC_ChannelGetData                                /home/joaquin/Documents/MCUXpresso_25.6.136/workspace/CMSISv2p00_LPC17xx/Debug/libCMSISv2p00_LPC17xx.a(lpc17xx_adc.o)
ADC_ChannelGetStatus                              /home/joaquin/Documents/MCUXpresso_25.6.136/workspace/CMSISv2p00_LPC17xx/Debug/libCMSISv2p00_LPC17xx.a(lpc17xx_adc.o)
ADC_DeInit                                        /home/joaquin/Documents/MCUXpresso_25.6.136/workspace/CMSISv2p00_LPC17xx/Debug/libCMSISv2p00_LPC17xx.a(lpc17xx_adc.o)
ADC_EdgeStartConfig                               /home/joaquin/Documents/MCUXpresso_25.6.136/workspace/CMSISv2p00_LPC17xx/Debug/libCMSISv2p00_LPC17xx.a(lpc17xx_adc.o)
ADC_GlobalGetData                                 /home/joaquin/Documents/MCUXpresso_25.6.136/workspace/CMSISv2p00_LPC17xx/Debug/libCMSISv2p00_LPC17xx.a(lpc17xx_adc.o)
ADC_GlobalGetStatus                               /home/joaquin/Documents/MCUXpresso_25.6.136/workspace/CMSISv2p00_LPC17xx/Debug/libCMSISv2p00_LPC17xx.a(lpc17xx_adc.o)
ADC_IRQHandler                                    ./src/cr_startup_lpc175x_6x.o
ADC_Init                                          /home/joaquin/Documents/MCUXpresso_25.6.136/workspace/CMSISv2p00_LPC17xx/Debug/libCMSISv2p00_LPC17xx.a(lpc17xx_adc.o)
                                                  ./src/plataform/adc_lpc1769.o
ADC_IntDisable                                    /home/joaquin/Documents/MCUXpresso_25.6.136/workspace/CMSISv2p00_LPC17xx/Debug/libCMSISv2p00_LPC17xx.a(lpc17xx_adc.o)
ADC_IntEnable                                     /home/joaquin/Documents/MCUXpresso_25.6.136/workspace/CMSISv2p00_LPC17xx/Debug/libCMSISv2p00_LPC17xx.a(lpc17xx_adc.o)
ADC_PinConfig                                     /home/joaquin/Documents/MCUXpresso_25.6.136/workspace/CMSISv2p00_LPC17xx/Debug/libCMSISv2p00_LPC17xx.a(lpc17xx_adc.o)
                                                  ./src/plataform/adc_lpc1769.o
ADC_PowerDown                                     /home/joaquin/Documents/MCUXpresso_25.6.136/workspace/CMSISv2p00_LPC17xx/Debug/libCMSISv2p00_LPC17xx.a(lpc17xx_adc.o)
ADC_PowerUp                                       /home/joaquin/Documents/MCUXpresso_25.6.136/workspace/CMSISv2p00_LPC17xx/Debug/libCMSISv2p00_LPC17xx.a(lpc17xx_adc.o)
ADC_StartCmd                                      /home/joaquin/Documents/MCUXpresso_25.6.136/workspace/CMSISv2p00_LPC17xx/Debug/libCMSISv2p00_LPC17xx.a(lpc17xx_adc.o)
                                                  ./src/plataform/adc_lpc1769.o
BOD_IRQHandler                                    ./src/cr_startup_lpc175x_6x.o
BusFault_Handler                                  ./src/cr_startup_lpc175x_6x.o
CANActivity_IRQHandler                            ./src/cr_startup_lpc175x_6x.o
CAN_IRQHandler                                    ./src/cr_startup_lpc175x_6x.o
CLKPWR_ConfigPPWR                                 /home/joaquin/Documents/MCUXpresso_25.6.136/workspace/CMSISv2p00_LPC17xx/Debug/libCMSISv2p00_LPC17xx.a(lpc17xx_clkpwr.o)
                                                  /home/joaquin/Documents/MCUXpresso_25.6.136/workspace/CMSISv2p00_LPC17xx/Debug/libCMSISv2p00_LPC17xx.a(lpc17xx_uart.o)
                                                  /home/joaquin/Documents/MCUXpresso_25.6.136/workspace/CMSISv2p00_LPC17xx/Debug/libCMSISv2p00_LPC17xx.a(lpc17xx_timer.o)
                                                  /home/joaquin/Documents/MCUXpresso_25.6.136/workspace/CMSISv2p00_LPC17xx/Debug/libCMSISv2p00_LPC17xx.a(lpc17xx_gpdma.o)
                                                  /home/joaquin/Documents/MCUXpresso_25.6.136/workspace/CMSISv2p00_LPC17xx/Debug/libCMSISv2p00_LPC17xx.a(lpc17xx_adc.o)
CLKPWR_DeepPowerDown                              /home/joaquin/Documents/MCUXpresso_25.6.136/workspace/CMSISv2p00_LPC17xx/Debug/libCMSISv2p00_LPC17xx.a(lpc17xx_clkpwr.o)
CLKPWR_DeepSleep                                  /home/joaquin/Documents/MCUXpresso_25.6.136/workspace/CMSISv2p00_LPC17xx/Debug/libCMSISv2p00_LPC17xx.a(lpc17xx_clkpwr.o)
CLKPWR_GetPCLK                                    /home/joaquin/Documents/MCUXpresso_25.6.136/workspace/CMSISv2p00_LPC17xx/Debug/libCMSISv2p00_LPC17xx.a(lpc17xx_clkpwr.o)
                                                  /home/joaquin/Documents/MCUXpresso_25.6.136/workspace/CMSISv2p00_LPC17xx/Debug/libCMSISv2p00_LPC17xx.a(lpc17xx_uart.o)
                                                  /home/joaquin/Documents/MCUXpresso_25.6.136/workspace/CMSISv2p00_LPC17xx/Debug/libCMSISv2p00_LPC17xx.a(lpc17xx_timer.o)
                                                  /home/joaquin/Documents/MCUXpresso_25.6.136/workspace/CMSISv2p00_LPC17xx/Debug/libCMSISv2p00_LPC17xx.a(lpc17xx_adc.o)
CLKPWR_GetPCLKSEL                                 /home/joaquin/Documents/MCUXpresso_25.6.136/workspace/CMSISv2p00_LPC17xx/Debug/libCMSISv2p00_LPC17xx.a(lpc17xx_clkpwr.o)
CLKPWR_PowerDown                                  /home/joaquin/Documents/MCUXpresso_25.6.136/workspace/CMSISv2p00_LPC17xx/Debug/libCMSISv2p00_LPC17xx.a(lpc17xx_clkpwr.o)
CLKPWR_SetPCLKDiv                                 /home/joaquin/Documents/MCUXpresso_25.6.136/workspace/CMSISv2p00_LPC17xx/Debug/libCMSISv2p00_LPC17xx.a(lpc17xx_clkpwr.o)
                                                  /home/joaquin/Documents/MCUXpresso_25.6.136/workspace/CMSISv2p00_LPC17xx/Debug/libCMSISv2p00_LPC17xx.a(lpc17xx_timer.o)
                                                  /home/joaquin/Documents/MCUXpresso_25.6.136/workspace/CMSISv2p00_LPC17xx/Debug/libCMSISv2p00_LPC17xx.a(lpc17xx_dac.o)
CLKPWR_Sleep                                      /home/joaquin/Documents/MCUXpresso_25.6.136/workspace/CMSISv2p00_LPC17xx/Debug/libCMSISv2p00_LPC17xx.a(lpc17xx_clkpwr.o)
CRP_WORD                                          ./src/crp.o
DAC_ConfigDAConverterControl                      /home/joaquin/Documents/MCUXpresso_25.6.136/workspace/CMSISv2p00_LPC17xx/Debug/libCMSISv2p00_LPC17xx.a(lpc17xx_dac.o)
                                                  ./src/plataform/dac_lpc1769.o
DAC_Init                                          /home/joaquin/Documents/MCUXpresso_25.6.136/workspace/CMSISv2p00_LPC17xx/Debug/libCMSISv2p00_LPC17xx.a(lpc17xx_dac.o)
                                                  ./src/plataform/dac_lpc1769.o
DAC_SetBias                                       /home/joaquin/Documents/MCUXpresso_25.6.136/workspace/CMSISv2p00_LPC17xx/Debug/libCMSISv2p00_LPC17xx.a(lpc17xx_dac.o)
                                                  ./src/plataform/dac_lpc1769.o
DAC_SetDMATimeOut                                 /home/joaquin/Documents/MCUXpresso_25.6.136/workspace/CMSISv2p00_LPC17xx/Debug/libCMSISv2p00_LPC17xx.a(lpc17xx_dac.o)
DAC_UpdateValue                                   /home/joaquin/Documents/MCUXpresso_25.6.136/workspace/CMSISv2p00_LPC17xx/Debug/libCMSISv2p00_LPC17xx.a(lpc17xx_dac.o)
                                                  ./src/plataform/dac_lpc1769.o
DMA_IRQHandler                                    ./src/plataform/dma_lpc1769.o
DebugMon_Handler                                  ./src/cr_startup_lpc175x_6x.o
EINT0_IRQHandler                                  ./src/cr_startup_lpc175x_6x.o
EINT1_IRQHandler                                  ./src/cr_startup_lpc175x_6x.o
EINT2_IRQHandler                                  ./src/cr_startup_lpc175x_6x.o
EINT3_IRQHandler                                  ./src/cr_startup_lpc175x_6x.o
ENET_IRQHandler                                   ./src/cr_startup_lpc175x_6x.o
FIO_ByteClearPins                                 /home/joaquin/Documents/MCUXpresso_25.6.136/workspace/CMSISv2p00_LPC17xx/Debug/libCMSISv2p00_LPC17xx.a(lpc17xx_gpio.o)
FIO_ByteReadValue                                 /home/joaquin/Documents/MCUXpresso_25.6.136/workspace/CMSISv2p00_LPC17xx/Debug/libCMSISv2p00_LPC17xx.a(lpc17xx_gpio.o)
FIO_ByteSetDir                                    /home/joaquin/Documents/MCUXpresso_25.6.136/workspace/CMSISv2p00_LPC17xx/Debug/libCMSISv2p00_LPC17xx.a(lpc17xx_gpio.o)
FIO_ByteSetMask                                   /home/joaquin/Documents/MCUXpresso_25.6.136/workspace/CMSISv2p00_LPC17xx/Debug/libCMSISv2p00_LPC17xx.a(lpc17xx_gpio.o)
FIO_ByteSetPins                                   /home/joaquin/Documents/MCUXpresso_25.6.136/workspace/CMSISv2p00_LPC17xx/Debug/libCMSISv2p00_LPC17xx.a(lpc17xx_gpio.o)
FIO_ByteTogglePins                                /home/joaquin/Documents/MCUXpresso_25.6.136/workspace/CMSISv2p00_LPC17xx/Debug/libCMSISv2p00_LPC17xx.a(lpc17xx_gpio.o)
FIO_ByteWriteValue                                /home/joaquin/Documents/MCUXpresso_25.6.136/workspace/CMSISv2p00_LPC17xx/Debug/libCMSISv2p00_LPC17xx.a(lpc17xx_gpio.o)
FIO_ClearInt                                      /home/joaquin/Documents/MCUXpresso_25.6.136/workspace/CMSISv2p00_LPC17xx/Debug/libCMSISv2p00_LPC17xx.a(lpc17xx_gpio.o)
FIO_ClearPins                                     /home/joaquin/Documents/MCUXpresso_25.6.136/workspace/CMSISv2p00_LPC17xx/Debug/libCMSISv2p00_LPC17xx.a(lpc17xx_gpio.o)
FIO_GetPinIntStatus                               /home/joaquin/Documents/MCUXpresso_25.6.136/workspace/CMSISv2p00_LPC17xx/Debug/libCMSISv2p00_LPC17xx.a(lpc17xx_gpio.o)
FIO_GetPortIntStatus                              /home/joaquin/Documents/MCUXpresso_25.6.136/workspace/CMSISv2p00_LPC17xx/Debug/libCMSISv2p00_LPC17xx.a(lpc17xx_gpio.o)
FIO_HalfWordClearPins                             /home/joaquin/Documents/MCUXpresso_25.6.136/workspace/CMSISv2p00_LPC17xx/Debug/libCMSISv2p00_LPC17xx.a(lpc17xx_gpio.o)
FIO_HalfWordReadValue                             /home/joaquin/Documents/MCUXpresso_25.6.136/workspace/CMSISv2p00_LPC17xx/Debug/libCMSISv2p00_LPC17xx.a(lpc17xx_gpio.o)
FIO_HalfWordSetDir                                /home/joaquin/Documents/MCUXpresso_25.6.136/workspace/CMSISv2p00_LPC17xx/Debug/libCMSISv2p00_LPC17xx.a(lpc17xx_gpio.o)
FIO_HalfWordSetMask                               /home/joaquin/Documents/MCUXpresso_25.6.136/workspace/CMSISv2p00_LPC17xx/Debug/libCMSISv2p00_LPC17xx.a(lpc17xx_gpio.o)
FIO_HalfWordSetPins                               /home/joaquin/Documents/MCUXpresso_25.6.136/workspace/CMSISv2p00_LPC17xx/Debug/libCMSISv2p00_LPC17xx.a(lpc17xx_gpio.o)
FIO_HalfWordTogglePins                            /home/joaquin/Documents/MCUXpresso_25.6.136/workspace/CMSISv2p00_LPC17xx/Debug/libCMSISv2p00_LPC17xx.a(lpc17xx_gpio.o)
FIO_HalfWordWriteValue                            /home/joaquin/Documents/MCUXpresso_25.6.136/workspace/CMSISv2p00_LPC17xx/Debug/libCMSISv2p00_LPC17xx.a(lpc17xx_gpio.o)
FIO_IntConfigPin                                  /home/joaquin/Documents/MCUXpresso_25.6.136/workspace/CMSISv2p00_LPC17xx/Debug/libCMSISv2p00_LPC17xx.a(lpc17xx_gpio.o)
FIO_IntConfigPort                                 /home/joaquin/Documents/MCUXpresso_25.6.136/workspace/CMSISv2p00_LPC17xx/Debug/libCMSISv2p00_LPC17xx.a(lpc17xx_gpio.o)
FIO_ReadValue                                     /home/joaquin/Documents/MCUXpresso_25.6.136/workspace/CMSISv2p00_LPC17xx/Debug/libCMSISv2p00_LPC17xx.a(lpc17xx_gpio.o)
FIO_SetDir                                        /home/joaquin/Documents/MCUXpresso_25.6.136/workspace/CMSISv2p00_LPC17xx/Debug/libCMSISv2p00_LPC17xx.a(lpc17xx_gpio.o)
FIO_SetMask                                       /home/joaquin/Documents/MCUXpresso_25.6.136/workspace/CMSISv2p00_LPC17xx/Debug/libCMSISv2p00_LPC17xx.a(lpc17xx_gpio.o)
FIO_SetPinState                                   /home/joaquin/Documents/MCUXpresso_25.6.136/workspace/CMSISv2p00_LPC17xx/Debug/libCMSISv2p00_LPC17xx.a(lpc17xx_gpio.o)
FIO_SetPins                                       /home/joaquin/Documents/MCUXpresso_25.6.136/workspace/CMSISv2p00_LPC17xx/Debug/libCMSISv2p00_LPC17xx.a(lpc17xx_gpio.o)
FIO_TogglePins                                    /home/joaquin/Documents/MCUXpresso_25.6.136/workspace/CMSISv2p00_LPC17xx/Debug/libCMSISv2p00_LPC17xx.a(lpc17xx_gpio.o)
FIO_WriteValue                                    /home/joaquin/Documents/MCUXpresso_25.6.136/workspace/CMSISv2p00_LPC17xx/Debug/libCMSISv2p00_LPC17xx.a(lpc17xx_gpio.o)
GPDMA_ChannelGracefulStop                         /home/joaquin/Documents/MCUXpresso_25.6.136/workspace/CMSISv2p00_LPC17xx/Debug/libCMSISv2p00_LPC17xx.a(lpc17xx_gpdma.o)
GPDMA_ChannelPause                                /home/joaquin/Documents/MCUXpresso_25.6.136/workspace/CMSISv2p00_LPC17xx/Debug/libCMSISv2p00_LPC17xx.a(lpc17xx_gpdma.o)
GPDMA_ChannelResume                               /home/joaquin/Documents/MCUXpresso_25.6.136/workspace/CMSISv2p00_LPC17xx/Debug/libCMSISv2p00_LPC17xx.a(lpc17xx_gpdma.o)
GPDMA_ChannelStart                                /home/joaquin/Documents/MCUXpresso_25.6.136/workspace/CMSISv2p00_LPC17xx/Debug/libCMSISv2p00_LPC17xx.a(lpc17xx_gpdma.o)
                                                  ./src/plataform/dma_lpc1769.o
GPDMA_ChannelStop                                 /home/joaquin/Documents/MCUXpresso_25.6.136/workspace/CMSISv2p00_LPC17xx/Debug/libCMSISv2p00_LPC17xx.a(lpc17xx_gpdma.o)
GPDMA_ClearIntPending                             /home/joaquin/Documents/MCUXpresso_25.6.136/workspace/CMSISv2p00_LPC17xx/Debug/libCMSISv2p00_LPC17xx.a(lpc17xx_gpdma.o)
                                                  ./src/plataform/dma_lpc1769.o
GPDMA_DeInit                                      /home/joaquin/Documents/MCUXpresso_25.6.136/workspace/CMSISv2p00_LPC17xx/Debug/libCMSISv2p00_LPC17xx.a(lpc17xx_gpdma.o)
GPDMA_Init                                        /home/joaquin/Documents/MCUXpresso_25.6.136/workspace/CMSISv2p00_LPC17xx/Debug/libCMSISv2p00_LPC17xx.a(lpc17xx_gpdma.o)
                                                  ./src/plataform/dma_lpc1769.o
GPDMA_IntGetStatus                                /home/joaquin/Documents/MCUXpresso_25.6.136/workspace/CMSISv2p00_LPC17xx/Debug/libCMSISv2p00_LPC17xx.a(lpc17xx_gpdma.o)
GPDMA_LUTPerAddr                                  /home/joaquin/Documents/MCUXpresso_25.6.136/workspace/CMSISv2p00_LPC17xx/Debug/libCMSISv2p00_LPC17xx.a(lpc17xx_gpdma.o)
GPDMA_LUTPerBurst                                 /home/joaquin/Documents/MCUXpresso_25.6.136/workspace/CMSISv2p00_LPC17xx/Debug/libCMSISv2p00_LPC17xx.a(lpc17xx_gpdma.o)
GPDMA_LUTPerWid                                   /home/joaquin/Documents/MCUXpresso_25.6.136/workspace/CMSISv2p00_LPC17xx/Debug/libCMSISv2p00_LPC17xx.a(lpc17xx_gpdma.o)
GPDMA_SetupChannel                                /home/joaquin/Documents/MCUXpresso_25.6.136/workspace/CMSISv2p00_LPC17xx/Debug/libCMSISv2p00_LPC17xx.a(lpc17xx_gpdma.o)
                                                  ./src/plataform/dma_lpc1769.o
GPIO_ClearInt                                     /home/joaquin/Documents/MCUXpresso_25.6.136/workspace/CMSISv2p00_LPC17xx/Debug/libCMSISv2p00_LPC17xx.a(lpc17xx_gpio.o)
GPIO_ClearPins                                    /home/joaquin/Documents/MCUXpresso_25.6.136/workspace/CMSISv2p00_LPC17xx/Debug/libCMSISv2p00_LPC17xx.a(lpc17xx_gpio.o)
GPIO_GetPinIntStatus                              /home/joaquin/Documents/MCUXpresso_25.6.136/workspace/CMSISv2p00_LPC17xx/Debug/libCMSISv2p00_LPC17xx.a(lpc17xx_gpio.o)
GPIO_GetPortIntStatus                             /home/joaquin/Documents/MCUXpresso_25.6.136/workspace/CMSISv2p00_LPC17xx/Debug/libCMSISv2p00_LPC17xx.a(lpc17xx_gpio.o)
GPIO_IntConfigPin                                 /home/joaquin/Documents/MCUXpresso_25.6.136/workspace/CMSISv2p00_LPC17xx/Debug/libCMSISv2p00_LPC17xx.a(lpc17xx_gpio.o)
GPIO_IntConfigPort                                /home/joaquin/Documents/MCUXpresso_25.6.136/workspace/CMSISv2p00_LPC17xx/Debug/libCMSISv2p00_LPC17xx.a(lpc17xx_gpio.o)
GPIO_ReadValue                                    /home/joaquin/Documents/MCUXpresso_25.6.136/workspace/CMSISv2p00_LPC17xx/Debug/libCMSISv2p00_LPC17xx.a(lpc17xx_gpio.o)
GPIO_SetDir                                       /home/joaquin/Documents/MCUXpresso_25.6.136/workspace/CMSISv2p00_LPC17xx/Debug/libCMSISv2p00_LPC17xx.a(lpc17xx_gpio.o)
                                                  ./src/actuators/lamp.o
                                                  ./src/actuators/fan.o
GPIO_SetMask                                      /home/joaquin/Documents/MCUXpresso_25.6.136/workspace/CMSISv2p00_LPC17xx/Debug/libCMSISv2p00_LPC17xx.a(lpc17xx_gpio.o)
GPIO_SetPinState                                  /home/joaquin/Documents/MCUXpresso_25.6.136/workspace/CMSISv2p00_LPC17xx/Debug/libCMSISv2p00_LPC17xx.a(lpc17xx_gpio.o)
                                                  ./src/actuators/lamp.o
                                                  ./src/actuators/fan.o
GPIO_SetPins                                      /home/joaquin/Documents/MCUXpresso_25.6.136/workspace/CMSISv2p00_LPC17xx/Debug/libCMSISv2p00_LPC17xx.a(lpc17xx_gpio.o)
GPIO_TogglePins                                   /home/joaquin/Documents/MCUXpresso_25.6.136/workspace/CMSISv2p00_LPC17xx/Debug/libCMSISv2p00_LPC17xx.a(lpc17xx_gpio.o)
GPIO_WriteValue                                   /home/joaquin/Documents/MCUXpresso_25.6.136/workspace/CMSISv2p00_LPC17xx/Debug/libCMSISv2p00_LPC17xx.a(lpc17xx_gpio.o)
HardFault_Handler                                 ./src/cr_startup_lpc175x_6x.o
I2C0_IRQHandler                                   ./src/cr_startup_lpc175x_6x.o
I2C1_IRQHandler                                   ./src/cr_startup_lpc175x_6x.o
I2C2_IRQHandler                                   ./src/cr_startup_lpc175x_6x.o
I2S_IRQHandler                                    ./src/cr_startup_lpc175x_6x.o
IntDefaultHandler                                 ./src/cr_startup_lpc175x_6x.o
MCPWM_IRQHandler                                  ./src/cr_startup_lpc175x_6x.o
MemManage_Handler                                 ./src/cr_startup_lpc175x_6x.o
NMI_Handler                                       ./src/cr_startup_lpc175x_6x.o
PINSEL_ConfigMultiplePins                         /home/joaquin/Documents/MCUXpresso_25.6.136/workspace/CMSISv2p00_LPC17xx/Debug/libCMSISv2p00_LPC17xx.a(lpc17xx_pinsel.o)
PINSEL_ConfigPin                                  /home/joaquin/Documents/MCUXpresso_25.6.136/workspace/CMSISv2p00_LPC17xx/Debug/libCMSISv2p00_LPC17xx.a(lpc17xx_pinsel.o)
                                                  /home/joaquin/Documents/MCUXpresso_25.6.136/workspace/CMSISv2p00_LPC17xx/Debug/libCMSISv2p00_LPC17xx.a(lpc17xx_uart.o)
                                                  /home/joaquin/Documents/MCUXpresso_25.6.136/workspace/CMSISv2p00_LPC17xx/Debug/libCMSISv2p00_LPC17xx.a(lpc17xx_timer.o)
                                                  ./src/actuators/lamp.o
                                                  ./src/actuators/fan.o
PINSEL_ConfigTraceFunc                            /home/joaquin/Documents/MCUXpresso_25.6.136/workspace/CMSISv2p00_LPC17xx/Debug/libCMSISv2p00_LPC17xx.a(lpc17xx_pinsel.o)
PINSEL_SetI2CPins                                 /home/joaquin/Documents/MCUXpresso_25.6.136/workspace/CMSISv2p00_LPC17xx/Debug/libCMSISv2p00_LPC17xx.a(lpc17xx_pinsel.o)
PLL0_IRQHandler                                   ./src/cr_startup_lpc175x_6x.o
PLL1_IRQHandler                                   ./src/cr_startup_lpc175x_6x.o
PWM1_IRQHandler                                   ./src/cr_startup_lpc175x_6x.o
PendSV_Handler                                    ./src/cr_startup_lpc175x_6x.o
QEI_IRQHandler                                    ./src/cr_startup_lpc175x_6x.o
RIT_IRQHandler                                    ./src/cr_startup_lpc175x_6x.o
RTC_IRQHandler                                    ./src/cr_startup_lpc175x_6x.o
ResetISR                                          ./src/cr_startup_lpc175x_6x.o
SPI_IRQHandler                                    ./src/cr_startup_lpc175x_6x.o
SSP0_IRQHandler                                   ./src/cr_startup_lpc175x_6x.o
SSP1_IRQHandler                                   ./src/cr_startup_lpc175x_6x.o
SVC_Handler                                       ./src/cr_startup_lpc175x_6x.o
SysTick_Handler                                   ./src/cr_startup_lpc175x_6x.o
SystemCoreClock                                   /home/joaquin/Documents/MCUXpresso_25.6.136/workspace/CMSISv2p00_LPC17xx/Debug/libCMSISv2p00_LPC17xx.a(system_LPC17xx.o)
                                                  /home/joaquin/Documents/MCUXpresso_25.6.136/workspace/CMSISv2p00_LPC17xx/Debug/libCMSISv2p00_LPC17xx.a(lpc17xx_clkpwr.o)
SystemCoreClockUpdate                             /home/joaquin/Documents/MCUXpresso_25.6.136/workspace/CMSISv2p00_LPC17xx/Debug/libCMSISv2p00_LPC17xx.a(system_LPC17xx.o)
SystemInit                                        /home/joaquin/Documents/MCUXpresso_25.6.136/workspace/CMSISv2p00_LPC17xx/Debug/libCMSISv2p00_LPC17xx.a(system_LPC17xx.o)
                                                  ./src/cr_startup_lpc175x_6x.o
TIMER0_IRQHandler                                 ./src/cr_startup_lpc175x_6x.o
TIMER1_IRQHandler                                 ./src/cr_startup_lpc175x_6x.o
TIMER2_IRQHandler                                 ./src/cr_startup_lpc175x_6x.o
TIMER3_IRQHandler                                 ./src/cr_startup_lpc175x_6x.o
TIM_ClearIntPending                               /home/joaquin/Documents/MCUXpresso_25.6.136/workspace/CMSISv2p00_LPC17xx/Debug/libCMSISv2p00_LPC17xx.a(lpc17xx_timer.o)
TIM_ConfigCapture                                 /home/joaquin/Documents/MCUXpresso_25.6.136/workspace/CMSISv2p00_LPC17xx/Debug/libCMSISv2p00_LPC17xx.a(lpc17xx_timer.o)
TIM_ConfigMatch                                   /home/joaquin/Documents/MCUXpresso_25.6.136/workspace/CMSISv2p00_LPC17xx/Debug/libCMSISv2p00_LPC17xx.a(lpc17xx_timer.o)
                                                  ./src/plataform/timer_lpc1769.o
TIM_DeInit                                        /home/joaquin/Documents/MCUXpresso_25.6.136/workspace/CMSISv2p00_LPC17xx/Debug/libCMSISv2p00_LPC17xx.a(lpc17xx_timer.o)
TIM_Disable                                       /home/joaquin/Documents/MCUXpresso_25.6.136/workspace/CMSISv2p00_LPC17xx/Debug/libCMSISv2p00_LPC17xx.a(lpc17xx_timer.o)
TIM_Enable                                        /home/joaquin/Documents/MCUXpresso_25.6.136/workspace/CMSISv2p00_LPC17xx/Debug/libCMSISv2p00_LPC17xx.a(lpc17xx_timer.o)
                                                  ./src/plataform/timer_lpc1769.o
TIM_GetCaptureValue                               /home/joaquin/Documents/MCUXpresso_25.6.136/workspace/CMSISv2p00_LPC17xx/Debug/libCMSISv2p00_LPC17xx.a(lpc17xx_timer.o)
TIM_GetIntStatus                                  /home/joaquin/Documents/MCUXpresso_25.6.136/workspace/CMSISv2p00_LPC17xx/Debug/libCMSISv2p00_LPC17xx.a(lpc17xx_timer.o)
TIM_InitCounter                                   /home/joaquin/Documents/MCUXpresso_25.6.136/workspace/CMSISv2p00_LPC17xx/Debug/libCMSISv2p00_LPC17xx.a(lpc17xx_timer.o)
TIM_InitTimer                                     /home/joaquin/Documents/MCUXpresso_25.6.136/workspace/CMSISv2p00_LPC17xx/Debug/libCMSISv2p00_LPC17xx.a(lpc17xx_timer.o)
                                                  ./src/plataform/timer_lpc1769.o
TIM_PinConfig                                     /home/joaquin/Documents/MCUXpresso_25.6.136/workspace/CMSISv2p00_LPC17xx/Debug/libCMSISv2p00_LPC17xx.a(lpc17xx_timer.o)
TIM_ReadPrescale                                  /home/joaquin/Documents/MCUXpresso_25.6.136/workspace/CMSISv2p00_LPC17xx/Debug/libCMSISv2p00_LPC17xx.a(lpc17xx_timer.o)
TIM_ReadTimer                                     /home/joaquin/Documents/MCUXpresso_25.6.136/workspace/CMSISv2p00_LPC17xx/Debug/libCMSISv2p00_LPC17xx.a(lpc17xx_timer.o)
TIM_ResetCounter                                  /home/joaquin/Documents/MCUXpresso_25.6.136/workspace/CMSISv2p00_LPC17xx/Debug/libCMSISv2p00_LPC17xx.a(lpc17xx_timer.o)
TIM_SetMatchExt                                   /home/joaquin/Documents/MCUXpresso_25.6.136/workspace/CMSISv2p00_LPC17xx/Debug/libCMSISv2p00_LPC17xx.a(lpc17xx_timer.o)
TIM_UpdateMatchValue                              /home/joaquin/Documents/MCUXpresso_25.6.136/workspace/CMSISv2p00_LPC17xx/Debug/libCMSISv2p00_LPC17xx.a(lpc17xx_timer.o)
UART0_IRQHandler                                  ./src/cr_startup_lpc175x_6x.o
UART1_IRQHandler                                  ./src/cr_startup_lpc175x_6x.o
UART2_IRQHandler                                  ./src/cr_startup_lpc175x_6x.o
UART3_IRQHandler                                  ./src/plataform/uart_lpc1769.o
UART_ABClearIntPending                            /home/joaquin/Documents/MCUXpresso_25.6.136/workspace/CMSISv2p00_LPC17xx/Debug/libCMSISv2p00_LPC17xx.a(lpc17xx_uart.o)
UART_ABCmd                                        /home/joaquin/Documents/MCUXpresso_25.6.136/workspace/CMSISv2p00_LPC17xx/Debug/libCMSISv2p00_LPC17xx.a(lpc17xx_uart.o)
UART_CheckBusy                                    /home/joaquin/Documents/MCUXpresso_25.6.136/workspace/CMSISv2p00_LPC17xx/Debug/libCMSISv2p00_LPC17xx.a(lpc17xx_uart.o)
UART_DeInit                                       /home/joaquin/Documents/MCUXpresso_25.6.136/workspace/CMSISv2p00_LPC17xx/Debug/libCMSISv2p00_LPC17xx.a(lpc17xx_uart.o)
UART_FIFOConfig                                   /home/joaquin/Documents/MCUXpresso_25.6.136/workspace/CMSISv2p00_LPC17xx/Debug/libCMSISv2p00_LPC17xx.a(lpc17xx_uart.o)
                                                  ./src/plataform/uart_lpc1769.o
UART_ForceBreak                                   /home/joaquin/Documents/MCUXpresso_25.6.136/workspace/CMSISv2p00_LPC17xx/Debug/libCMSISv2p00_LPC17xx.a(lpc17xx_uart.o)
UART_FullModemGetStatus                           /home/joaquin/Documents/MCUXpresso_25.6.136/workspace/CMSISv2p00_LPC17xx/Debug/libCMSISv2p00_LPC17xx.a(lpc17xx_uart.o)
UART_GetIntId                                     /home/joaquin/Documents/MCUXpresso_25.6.136/workspace/CMSISv2p00_LPC17xx/Debug/libCMSISv2p00_LPC17xx.a(lpc17xx_uart.o)
                                                  ./src/plataform/uart_lpc1769.o
UART_GetLineStatus                                /home/joaquin/Documents/MCUXpresso_25.6.136/workspace/CMSISv2p00_LPC17xx/Debug/libCMSISv2p00_LPC17xx.a(lpc17xx_uart.o)
UART_Init                                         /home/joaquin/Documents/MCUXpresso_25.6.136/workspace/CMSISv2p00_LPC17xx/Debug/libCMSISv2p00_LPC17xx.a(lpc17xx_uart.o)
                                                  ./src/plataform/uart_lpc1769.o
UART_IntConfig                                    /home/joaquin/Documents/MCUXpresso_25.6.136/workspace/CMSISv2p00_LPC17xx/Debug/libCMSISv2p00_LPC17xx.a(lpc17xx_uart.o)
                                                  ./src/plataform/uart_lpc1769.o
UART_IrDAInvtInputDisable                         /home/joaquin/Documents/MCUXpresso_25.6.136/workspace/CMSISv2p00_LPC17xx/Debug/libCMSISv2p00_LPC17xx.a(lpc17xx_uart.o)
UART_IrDAInvtInputEnable                          /home/joaquin/Documents/MCUXpresso_25.6.136/workspace/CMSISv2p00_LPC17xx/Debug/libCMSISv2p00_LPC17xx.a(lpc17xx_uart.o)
UART_IrDAPulseDivConfig                           /home/joaquin/Documents/MCUXpresso_25.6.136/workspace/CMSISv2p00_LPC17xx/Debug/libCMSISv2p00_LPC17xx.a(lpc17xx_uart.o)
UART_ModemModeDisable                             /home/joaquin/Documents/MCUXpresso_25.6.136/workspace/CMSISv2p00_LPC17xx/Debug/libCMSISv2p00_LPC17xx.a(lpc17xx_uart.o)
UART_ModemModeEnable                              /home/joaquin/Documents/MCUXpresso_25.6.136/workspace/CMSISv2p00_LPC17xx/Debug/libCMSISv2p00_LPC17xx.a(lpc17xx_uart.o)
UART_ModemPinActive                               /home/joaquin/Documents/MCUXpresso_25.6.136/workspace/CMSISv2p00_LPC17xx/Debug/libCMSISv2p00_LPC17xx.a(lpc17xx_uart.o)
UART_ModemPinInactive                             /home/joaquin/Documents/MCUXpresso_25.6.136/workspace/CMSISv2p00_LPC17xx/Debug/libCMSISv2p00_LPC17xx.a(lpc17xx_uart.o)
UART_PinConfig                                    /home/joaquin/Documents/MCUXpresso_25.6.136/workspace/CMSISv2p00_LPC17xx/Debug/libCMSISv2p00_LPC17xx.a(lpc17xx_uart.o)
                                                  ./src/plataform/uart_lpc1769.o
UART_RS485Config                                  /home/joaquin/Documents/MCUXpresso_25.6.136/workspace/CMSISv2p00_LPC17xx/Debug/libCMSISv2p00_LPC17xx.a(lpc17xx_uart.o)
UART_RS485ReceiverDisable                         /home/joaquin/Documents/MCUXpresso_25.6.136/workspace/CMSISv2p00_LPC17xx/Debug/libCMSISv2p00_LPC17xx.a(lpc17xx_uart.o)
UART_RS485ReceiverEnable                          /home/joaquin/Documents/MCUXpresso_25.6.136/workspace/CMSISv2p00_LPC17xx/Debug/libCMSISv2p00_LPC17xx.a(lpc17xx_uart.o)
UART_RS485Send                                    /home/joaquin/Documents/MCUXpresso_25.6.136/workspace/CMSISv2p00_LPC17xx/Debug/libCMSISv2p00_LPC17xx.a(lpc17xx_uart.o)
UART_RS485SendData                                /home/joaquin/Documents/MCUXpresso_25.6.136/workspace/CMSISv2p00_LPC17xx/Debug/libCMSISv2p00_LPC17xx.a(lpc17xx_uart.o)
UART_RS485SendSlvAddr                             /home/joaquin/Documents/MCUXpresso_25.6.136/workspace/CMSISv2p00_LPC17xx/Debug/libCMSISv2p00_LPC17xx.a(lpc17xx_uart.o)
UART_Receive                                      /home/joaquin/Documents/MCUXpresso_25.6.136/workspace/CMSISv2p00_LPC17xx/Debug/libCMSISv2p00_LPC17xx.a(lpc17xx_uart.o)
UART_ReceiveByte                                  /home/joaquin/Documents/MCUXpresso_25.6.136/workspace/CMSISv2p00_LPC17xx/Debug/libCMSISv2p00_LPC17xx.a(lpc17xx_uart.o)
                                                  ./src/plataform/uart_lpc1769.o
UART_Send                                         /home/joaquin/Documents/MCUXpresso_25.6.136/workspace/CMSISv2p00_LPC17xx/Debug/libCMSISv2p00_LPC17xx.a(lpc17xx_uart.o)
UART_SendByte                                     /home/joaquin/Documents/MCUXpresso_25.6.136/workspace/CMSISv2p00_LPC17xx/Debug/libCMSISv2p00_LPC17xx.a(lpc17xx_uart.o)
UART_TxDisable                                    /home/joaquin/Documents/MCUXpresso_25.6.136/workspace/CMSISv2p00_LPC17xx/Debug/libCMSISv2p00_LPC17xx.a(lpc17xx_uart.o)
UART_TxEnable                                     /home/joaquin/Documents/MCUXpresso_25.6.136/workspace/CMSISv2p00_LPC17xx/Debug/libCMSISv2p00_LPC17xx.a(lpc17xx_uart.o)
                                                  ./src/plataform/uart_lpc1769.o
USBActivity_IRQHandler                            ./src/cr_startup_lpc175x_6x.o
USB_IRQHandler                                    ./src/cr_startup_lpc175x_6x.o
UsageFault_Handler                                ./src/cr_startup_lpc175x_6x.o
WDT_IRQHandler                                    ./src/cr_startup_lpc175x_6x.o
__aeabi_idiv0                                     /usr/local/mcuxpressoide-25.6.136/ide/plugins/com.nxp.mcuxpresso.tools.linux_25.6.0.202501151204/tools/bin/../lib/gcc/arm-none-eabi/14.2.1/thumb/v7-m/nofp/libcr_eabihelpers.a(division_idiv0.o)
                                                  /usr/local/mcuxpressoide-25.6.136/ide/plugins/com.nxp.mcuxpresso.tools.linux_25.6.0.202501151204/tools/bin/../lib/gcc/arm-none-eabi/14.2.1/thumb/v7-m/nofp/libcr_eabihelpers.a(division_64.o)
__aeabi_ldivmod                                   /usr/local/mcuxpressoide-25.6.136/ide/plugins/com.nxp.mcuxpresso.tools.linux_25.6.0.202501151204/tools/bin/../lib/gcc/arm-none-eabi/14.2.1/thumb/v7-m/nofp/libcr_eabihelpers.a(division_64.o)
__aeabi_uldivmod                                  /usr/local/mcuxpressoide-25.6.136/ide/plugins/com.nxp.mcuxpresso.tools.linux_25.6.0.202501151204/tools/bin/../lib/gcc/arm-none-eabi/14.2.1/thumb/v7-m/nofp/libcr_eabihelpers.a(division_64.o)
                                                  /home/joaquin/Documents/MCUXpresso_25.6.136/workspace/CMSISv2p00_LPC17xx/Debug/libCMSISv2p00_LPC17xx.a(lpc17xx_timer.o)
                                                  /home/joaquin/Documents/MCUXpresso_25.6.136/workspace/CMSISv2p00_LPC17xx/Debug/libCMSISv2p00_LPC17xx.a(system_LPC17xx.o)
__bhs_ldivmod1                                    /usr/local/mcuxpressoide-25.6.136/ide/plugins/com.nxp.mcuxpresso.tools.linux_25.6.0.202501151204/tools/bin/../lib/gcc/arm-none-eabi/14.2.1/thumb/v7-m/nofp/libcr_eabihelpers.a(division_64.o)
__bss_section_table_end                           ./src/cr_startup_lpc175x_6x.o
__data_section_table                              ./src/cr_startup_lpc175x_6x.o
__data_section_table_end                          ./src/cr_startup_lpc175x_6x.o
__main                                            /usr/local/mcuxpressoide-25.6.136/ide/plugins/com.nxp.mcuxpresso.tools.linux_25.6.0.202501151204/tools/bin/../lib/gcc/arm-none-eabi/14.2.1/../../../../arm-none-eabi/lib/thumb/v7-m/nofp/libcr_c.a(__weak__main.o)
                                                  ./src/cr_startup_lpc175x_6x.o
__valid_user_code_checksum                        ./src/cr_startup_lpc175x_6x.o
__weak_main                                       /usr/local/mcuxpressoide-25.6.136/ide/plugins/com.nxp.mcuxpresso.tools.linux_25.6.0.202501151204/tools/bin/../lib/gcc/arm-none-eabi/14.2.1/../../../../arm-none-eabi/lib/thumb/v7-m/nofp/libcr_c.a(__weak__main.o)
_vStackTop                                        ./src/cr_startup_lpc175x_6x.o
bss_init                                          ./src/cr_startup_lpc175x_6x.o
calcularPromedioSensor                            ./src/core/core.o
check_failed                                      /home/joaquin/Documents/MCUXpresso_25.6.136/workspace/CMSISv2p00_LPC17xx/Debug/libCMSISv2p00_LPC17xx.a(lpc17xx_libcfg_default.o)
                                                  /home/joaquin/Documents/MCUXpresso_25.6.136/workspace/CMSISv2p00_LPC17xx/Debug/libCMSISv2p00_LPC17xx.a(lpc17xx_uart.o)
                                                  /home/joaquin/Documents/MCUXpresso_25.6.136/workspace/CMSISv2p00_LPC17xx/Debug/libCMSISv2p00_LPC17xx.a(lpc17xx_timer.o)
                                                  /home/joaquin/Documents/MCUXpresso_25.6.136/workspace/CMSISv2p00_LPC17xx/Debug/libCMSISv2p00_LPC17xx.a(lpc17xx_pinsel.o)
                                                  /home/joaquin/Documents/MCUXpresso_25.6.136/workspace/CMSISv2p00_LPC17xx/Debug/libCMSISv2p00_LPC17xx.a(lpc17xx_gpio.o)
                                                  /home/joaquin/Documents/MCUXpresso_25.6.136/workspace/CMSISv2p00_LPC17xx/Debug/libCMSISv2p00_LPC17xx.a(lpc17xx_gpdma.o)
                                                  /home/joaquin/Documents/MCUXpresso_25.6.136/workspace/CMSISv2p00_LPC17xx/Debug/libCMSISv2p00_LPC17xx.a(lpc17xx_dac.o)
                                                  /home/joaquin/Documents/MCUXpresso_25.6.136/workspace/CMSISv2p00_LPC17xx/Debug/libCMSISv2p00_LPC17xx.a(lpc17xx_adc.o)
configAdc                                         ./src/plataform/adc_lpc1769.o
                                                  ./src/main.o
configDac                                         ./src/plataform/dac_lpc1769.o
configDma                                         ./src/plataform/dma_lpc1769.o
configPinFan                                      ./src/actuators/fan.o
configPinLamp                                     ./src/actuators/lamp.o
configTimer                                       ./src/plataform/timer_lpc1769.o
                                                  ./src/main.o
configUart                                        ./src/plataform/uart_lpc1769.o
                                                  ./src/main.o
data_init                                         ./src/cr_startup_lpc175x_6x.o
g_pfnVectors                                      ./src/cr_startup_lpc175x_6x.o
getAdcBuffer                                      ./src/plataform/dma_lpc1769.o
                                                  ./src/thermal_control/thermal_control.o
getDmaTermino                                     ./src/plataform/dma_lpc1769.o
                                                  ./src/main.o
main                                              ./src/main.o
                                                  /usr/local/mcuxpressoide-25.6.136/ide/plugins/com.nxp.mcuxpresso.tools.linux_25.6.0.202501151204/tools/bin/../lib/gcc/arm-none-eabi/14.2.1/../../../../arm-none-eabi/lib/thumb/v7-m/nofp/libcr_c.a(__weak__main.o)
pGPDMACh                                          /home/joaquin/Documents/MCUXpresso_25.6.136/workspace/CMSISv2p00_LPC17xx/Debug/libCMSISv2p00_LPC17xx.a(lpc17xx_gpdma.o)
separarDatosBuffer                                ./src/thermal_control/thermal_control.o
                                                  ./src/plataform/dma_lpc1769.o
startFan                                          ./src/actuators/fan.o
                                                  ./src/plataform/uart_lpc1769.o
startLamp                                         ./src/actuators/lamp.o
                                                  ./src/plataform/uart_lpc1769.o
stopFan                                           ./src/actuators/fan.o
                                                  ./src/plataform/uart_lpc1769.o
stopLamp                                          ./src/actuators/lamp.o
                                                  ./src/plataform/uart_lpc1769.o
